Microchip MPLAB XC8 Compiler V1.36 ()

Linker command line:

-W-3 --edf=C:\Program Files (x86)\Microchip\xc8\v1.36\dat\en_msgs.txt -cs \
  -h+dist/default/production\05a-Lcd_4bit_Display.X.production.sym \
  --cmf=dist/default/production\05a-Lcd_4bit_Display.X.production.cmf -z \
  -Q16F877A -oC:\Users\EXPLOR~1\AppData\Local\Temp\s22o.2 \
  -Mdist/default/production/05a-Lcd_4bit_Display.X.production.map -E1 \
  -ver=XC8 -ASTACK=0110h-016fh -pstack=STACK -ACODE=00h-07FFhx4 \
  -ASTRCODE=00h-01FFFh -ASTRING=00h-0FFhx32 -ACONST=00h-0FFhx32 \
  -AENTRY=00h-0FFhx32 -ACOMMON=070h-07Fh -ABANK0=020h-06Fh \
  -ABANK1=0A0h-0EFh -ABANK2=0110h-016Fh -ABANK3=0190h-01EFh \
  -ARAM=020h-06Fh,0A0h-0EFh,0110h-016Fh,0190h-01EFh \
  -AABS1=020h-07Fh,0A0h-0EFh,0110h-016Fh,0190h-01EFh -ASFR0=00h-01Fh \
  -ASFR1=080h-09Fh -ASFR2=0100h-010Fh -ASFR3=0180h-018Fh \
  -preset_vec=00h,intentry,init,end_init -ppowerup=CODE -pcinit=CODE \
  -pfunctab=CODE -ACONFIG=02007h-02007h -pconfig=CONFIG -DCONFIG=2 \
  -AIDLOC=02000h-02003h -pidloc=IDLOC -DIDLOC=2 -AEEDATA=00h-0FFh/02100h \
  -peeprom_data=EEDATA -DEEDATA=2 -DCODE=2 -DSTRCODE=2 -DSTRING=2 -DCONST=2 \
  -DENTRY=2 -k C:\Users\EXPLOR~1\AppData\Local\Temp\s22o.obj \
  dist/default/production\05a-Lcd_4bit_Display.X.production.obj 

Object code version is 3.11

Machine type is 16F877A



                Name                               Link     Load   Length Selector   Space Scale
C:\Users\EXPLOR~1\AppData\Local\Temp\s22o.obj
                end_init                              0        0        3        0       0
                config                             2007     2007        1     400E       0
dist/default/production\05a-Lcd_4bit_Display.X.production.obj
                cinit                               7DD      7DD       23      FBA       0
                text20                              1D3      1D3        B      3A6       0
                text19                              1E9      1E9       14      3D2       0
                text18                              62B      62B       D9      C56       0
                text17                              489      489       75      912       0
                text16                              704      704       D9      E08       0
                text15                              4FE      4FE       8C      9FC       0
                text14                              265      265       2D      4CA       0
                text13                              32A      32A       40      654       0
                text12                              36A      36A       40      6D4       0
                text11                              2C0      2C0       35      580       0
                text10                              1FD      1FD       14      3FA       0
                text9                               292      292       2E      524       0
                text8                               2F5      2F5       35      5EA       0
                text7                               226      226       1F      44C       0
                text6                               245      245       20      48A       0
                text5                               211      211       15      422       0
                text4                               1DE      1DE        B      3BC       0
                text3                               43A      43A       4F      874       0
                text2                               3AA      3AA       47      754       0
                text1                               58A      58A       A1      B14       0
                maintext                            3F1      3F1       49      7E2       0
                cstackBANK0                          20       20       14       20       1
                cstackCOMMON                         70       70        E       70       1
                clrtext                             1CB      1CB        8      396       0
                dataBANK0                            44       44        4       20       1
                bssBANK0                             34       34       10       20       1
                strings                               3        3       26        6       0
                idataBANK0                          1C7      1C7        4      38E       0

TOTAL           Name                               Link     Load   Length     Space
        CLASS   STACK          

        CLASS   CODE           
                end_init                              0        0        3         0
                cinit                               7DD      7DD       23         0
                text20                              1D3      1D3        B         0
                text19                              1E9      1E9       14         0
                text18                              62B      62B       D9         0
                text17                              489      489       75         0
                text16                              704      704       D9         0
                text15                              4FE      4FE       8C         0
                text14                              265      265       2D         0
                text13                              32A      32A       40         0
                text12                              36A      36A       40         0
                text11                              2C0      2C0       35         0
                text10                              1FD      1FD       14         0
                text9                               292      292       2E         0
                text8                               2F5      2F5       35         0
                text7                               226      226       1F         0
                text6                               245      245       20         0
                text5                               211      211       15         0
                text4                               1DE      1DE        B         0
                text3                               43A      43A       4F         0
                text2                               3AA      3AA       47         0
                text1                               58A      58A       A1         0
                maintext                            3F1      3F1       49         0
                clrtext                             1CB      1CB        8         0
                idataBANK0                          1C7      1C7        4         0

        CLASS   STRCODE        

        CLASS   STRING         
                strings                               3        3       26         0

        CLASS   CONST          

        CLASS   ENTRY          

        CLASS   COMMON         
                cstackCOMMON                         70       70        E         1

        CLASS   BANK0          
                cstackBANK0                          20       20       14         1
                dataBANK0                            44       44        4         1
                bssBANK0                             34       34       10         1

        CLASS   BANK1          

        CLASS   BANK2          

        CLASS   BANK3          

        CLASS   RAM            

        CLASS   ABS1           
                abs_s1                               7E       7E        2         1

        CLASS   SFR0           

        CLASS   SFR1           

        CLASS   SFR2           

        CLASS   SFR3           

        CLASS   CONFIG         
                config                             2007     2007        1         0

        CLASS   IDLOC          

        CLASS   EEDATA         



SEGMENTS        Name                           Load    Length   Top    Selector   Space  Class     Delta

                reset_vec                      000000  000003  000003         0       0  CODE        2
                strings                        000003  000026  000029         6       0  STRING      2
                cstackBANK0                    000020  000028  000048        20       1  BANK0       1
                cstackCOMMON                   000070  00000E  00007E        70       1  COMMON      1
                idataBANK0                     0001C7  000004  0001CB       38E       0  CODE        2
                clrtext                        0001CB  000008  0001D3       396       0  CODE        2
                text20                         0001D3  00000B  0001DE       3A6       0  CODE        2
                text4                          0001DE  00000B  0001E9       3BC       0  CODE        2
                text19                         0001E9  000014  0001FD       3D2       0  CODE        2
                text10                         0001FD  000014  000211       3FA       0  CODE        2
                text5                          000211  000015  000226       422       0  CODE        2
                text7                          000226  00001F  000245       44C       0  CODE        2
                text6                          000245  000020  000265       48A       0  CODE        2
                text14                         000265  00002D  000292       4CA       0  CODE        2
                text9                          000292  00002E  0002C0       524       0  CODE        2
                text11                         0002C0  000035  0002F5       580       0  CODE        2
                text8                          0002F5  000035  00032A       5EA       0  CODE        2
                text13                         00032A  000040  00036A       654       0  CODE        2
                text12                         00036A  000040  0003AA       6D4       0  CODE        2
                text2                          0003AA  000047  0003F1       754       0  CODE        2
                maintext                       0003F1  000049  00043A       7E2       0  CODE        2
                text3                          00043A  00004F  000489       874       0  CODE        2
                text17                         000489  000075  0004FE       912       0  CODE        2
                text15                         0004FE  00008C  00058A       9FC       0  CODE        2
                text1                          00058A  0000A1  00062B       B14       0  CODE        2
                text18                         00062B  0000D9  000704       C56       0  CODE        2
                text16                         000704  0000D9  0007DD       E08       0  CODE        2
                cinit                          0007DD  000023  000800       FBA       0  CODE        2
                config                         002007  000001  002008      400E       0  CONFIG      2


UNUSED ADDRESS RANGES

        Name                Unused          Largest block    Delta
        BANK0            0048-006F             28           1
        BANK1            00A0-00EF             50           1
        BANK2            0110-016F             60           1
        BANK3            0190-01EF             60           1
        CODE             0029-01C6            19E           2
                         0800-1FFF            800
        CONST            0029-01C6             D7           2
                         0800-1FFF            100
        EEDATA           2100-21FF            100           2
        ENTRY            0029-01C6             D7           2
                         0800-1FFF            100
        IDLOC            2000-2003              4           2
        RAM              0048-006F             28           1
                         00A0-00EF             50
                         0110-016F             60
                         0190-01EF             60
        SFR0             0000-001F             20           1
        SFR1             0080-009F             20           1
        SFR2             0100-010F             10           1
        SFR3             0180-018F             10           1
        STACK            0110-016F             60           1
        STRCODE          0029-01C6            19E           2
                         0800-1FFF           1800
        STRING           0029-01C6             D7           2
                         0800-1FFF            100

                                  Symbol Table

DELAY_ms@ms_count                      cstackCOMMON 0072
DELAY_us@us_count                      cstackCOMMON 0070
GPIO_PinDirection@enm_pinNumber        cstackCOMMON 0074
GPIO_PinDirection@var_pinDirn_u8       cstackCOMMON 0070
GPIO_PinDirection@var_portNumber_u8    cstackCOMMON 0073
GPIO_PinRead@enm_pinNumber             cstackCOMMON 0074
GPIO_PinRead@returnStatus              cstackCOMMON 0073
GPIO_PinRead@var_portNumber_u8         cstackCOMMON 0072
GPIO_PinWrite@enm_pinNumber            cstackCOMMON 0074
GPIO_PinWrite@var_pinValue_u8          cstackCOMMON 0070
GPIO_PinWrite@var_portNumber_u8        cstackCOMMON 0073
LCD_CmdWrite@v_lcdCmd_u8               cstackCOMMON 0079
LCD_DisplayChar@v_lcdData_u8           cstackCOMMON 007C
LCD_DisplayString@ptr_stringPointer_u8 cstackBANK0  0020
LCD_GoToLine@v_lineNumber_u8           cstackCOMMON 007B
LCD_Init@v_MaxCharsPerLine_u8          cstackCOMMON 007C
LCD_Init@v_lcdNoOfLines_u8             cstackBANK0  0020
LCD_SetUp@D0                           cstackBANK0  0022
LCD_SetUp@D1                           cstackBANK0  0023
LCD_SetUp@D2                           cstackBANK0  0024
LCD_SetUp@D3                           cstackBANK0  0025
LCD_SetUp@D4                           cstackBANK0  0026
LCD_SetUp@D5                           cstackBANK0  0027
LCD_SetUp@D6                           cstackBANK0  0028
LCD_SetUp@D7                           cstackBANK0  0029
LCD_SetUp@EN                           cstackBANK0  0021
LCD_SetUp@RS                           cstackCOMMON 0076
LCD_SetUp@RW                           cstackBANK0  0020
_ARR_LcdLineNumAddress_U8              dataBANK0    0044
_DELAY_ms                              text19       01E9
_DELAY_us                              text20       01D3
_GPIO_PinDirection                     text18       062B
_GPIO_PinRead                          text17       0489
_GPIO_PinWrite                         text16       0704
_LCDConfig                             bssBANK0     0034
_LCD_Clear                             text4        01DE
_LCD_CmdWrite                          text11       02C0
_LCD_DisplayChar                       text7        0226
_LCD_DisplayString                     text6        0245
_LCD_GoToLine                          text5        0211
_LCD_GoToNextLine                      text10       01FD
_LCD_Init                              text2        03AA
_LCD_SetUp                             text1        058A
_PORTA                                 (abs)        0005
_PORTB                                 (abs)        0006
_PORTC                                 (abs)        0007
_PORTD                                 (abs)        0008
_PORTE                                 (abs)        0009
_TRISA                                 (abs)        0085
_TRISB                                 (abs)        0086
_TRISC                                 (abs)        0087
_TRISD                                 (abs)        0088
_TRISE                                 (abs)        0089
__CFG_BOREN$OFF                        (abs)        0000
__CFG_CP$OFF                           (abs)        0000
__CFG_CPD$OFF                          (abs)        0000
__CFG_FOSC$HS                          (abs)        0000
__CFG_LVP$ON                           (abs)        0000
__CFG_PWRTE$OFF                        (abs)        0000
__CFG_WDTE$OFF                         (abs)        0000
__CFG_WRT$OFF                          (abs)        0000
__Habs1                                abs1         0000
__Hbank0                               bank0        0000
__Hbank1                               bank1        0000
__Hbank2                               bank2        0000
__Hbank3                               bank3        0000
__HbssBANK0                            bssBANK0     0000
__Hcinit                               cinit        0800
__Hclrtext                             clrtext      0000
__Hcode                                code         0000
__Hcommon                              common       0000
__Hconfig                              config       2008
__HcstackBANK0                         cstackBANK0  0000
__HcstackCOMMON                        cstackCOMMON 0000
__HdataBANK0                           dataBANK0    0000
__Heeprom_data                         eeprom_data  0000
__Hend_init                            end_init     0003
__Hfunctab                             functab      0000
__HidataBANK0                          idataBANK0   0000
__Hidloc                               idloc        0000
__Hinit                                init         0000
__Hintentry                            intentry     0000
__Hmaintext                            maintext     0000
__Hpowerup                             powerup      0000
__Hram                                 ram          0000
__Hreset_vec                           reset_vec    0000
__Hsfr0                                sfr0         0000
__Hsfr1                                sfr1         0000
__Hsfr2                                sfr2         0000
__Hsfr3                                sfr3         0000
__Hspace_0                             (abs)        2008
__Hspace_1                             (abs)        007E
__Hspace_2                             (abs)        0000
__Hspace_3                             (abs)        0000
__Hstack                               stack        0000
__Hstrings                             strings      0000
__Htext                                text         0000
__Labs1                                abs1         0000
__Lbank0                               bank0        0000
__Lbank1                               bank1        0000
__Lbank2                               bank2        0000
__Lbank3                               bank3        0000
__LbssBANK0                            bssBANK0     0000
__Lcinit                               cinit        07DD
__Lclrtext                             clrtext      0000
__Lcode                                code         0000
__Lcommon                              common       0000
__Lconfig                              config       2007
__LcstackBANK0                         cstackBANK0  0000
__LcstackCOMMON                        cstackCOMMON 0000
__LdataBANK0                           dataBANK0    0000
__Leeprom_data                         eeprom_data  0000
__Lend_init                            end_init     0000
__Lfunctab                             functab      0000
__LidataBANK0                          idataBANK0   0000
__Lidloc                               idloc        0000
__Linit                                init         0000
__Lintentry                            intentry     0000
__Lmaintext                            maintext     0000
__Lpowerup                             powerup      0000
__Lram                                 ram          0000
__Lreset_vec                           reset_vec    0000
__Lsfr0                                sfr0         0000
__Lsfr1                                sfr1         0000
__Lsfr2                                sfr2         0000
__Lsfr3                                sfr3         0000
__Lspace_0                             (abs)        0000
__Lspace_1                             (abs)        0000
__Lspace_2                             (abs)        0000
__Lspace_3                             (abs)        0000
__Lstack                               stack        0000
__Lstrings                             strings      0000
__Ltext                                text         0000
__S0                                   (abs)        2008
__S1                                   (abs)        007E
__S2                                   (abs)        0000
__S3                                   (abs)        0000
___int_sp                              stack        0000
___latbits                             (abs)        0002
___sp                                  stack        0000
__end_of_DELAY_ms                      text19       01FD
__end_of_DELAY_us                      text20       01DE
__end_of_GPIO_PinDirection             text18       0704
__end_of_GPIO_PinRead                  text17       04FE
__end_of_GPIO_PinWrite                 text16       07DD
__end_of_LCD_Clear                     text4        01E9
__end_of_LCD_CmdWrite                  text11       02F5
__end_of_LCD_DisplayChar               text7        0245
__end_of_LCD_DisplayString             text6        0265
__end_of_LCD_GoToLine                  text5        0226
__end_of_LCD_GoToNextLine              text10       0211
__end_of_LCD_Init                      text2        03F1
__end_of_LCD_SetUp                     text1        062B
__end_of__initialization               cinit        07FC
__end_of__stringtab                    strings      0009
__end_of_lcd_BusyCheck                 text15       058A
__end_of_lcd_DataWrite                 text8        032A
__end_of_lcd_Reset                     text3        0489
__end_of_lcd_SendCmdSignals            text14       0292
__end_of_lcd_SendDataSignals           text9        02C0
__end_of_lcd_SendHigherNibble          text13       036A
__end_of_lcd_SendLowerNibble           text12       03AA
__end_of_main                          maintext     043A
__initialization                       cinit        07DD
__pbssBANK0                            bssBANK0     0034
__pcstackBANK0                         cstackBANK0  0020
__pcstackCOMMON                        cstackCOMMON 0070
__pdataBANK0                           dataBANK0    0044
__pidataBANK0                          idataBANK0   01C7
__pmaintext                            maintext     03F1
__pstrings                             strings      0003
__ptext1                               text1        058A
__ptext10                              text10       01FD
__ptext11                              text11       02C0
__ptext12                              text12       036A
__ptext13                              text13       032A
__ptext14                              text14       0265
__ptext15                              text15       04FE
__ptext16                              text16       0704
__ptext17                              text17       0489
__ptext18                              text18       062B
__ptext19                              text19       01E9
__ptext2                               text2        03AA
__ptext20                              text20       01D3
__ptext3                               text3        043A
__ptext4                               text4        01DE
__ptext5                               text5        0211
__ptext6                               text6        0245
__ptext7                               text7        0226
__ptext8                               text8        02F5
__ptext9                               text9        0292
__size_of_DELAY_ms                     (abs)        0000
__size_of_DELAY_us                     (abs)        0000
__size_of_GPIO_PinDirection            (abs)        0000
__size_of_GPIO_PinRead                 (abs)        0000
__size_of_GPIO_PinWrite                (abs)        0000
__size_of_LCD_Clear                    (abs)        0000
__size_of_LCD_CmdWrite                 (abs)        0000
__size_of_LCD_DisplayChar              (abs)        0000
__size_of_LCD_DisplayString            (abs)        0000
__size_of_LCD_GoToLine                 (abs)        0000
__size_of_LCD_GoToNextLine             (abs)        0000
__size_of_LCD_Init                     (abs)        0000
__size_of_LCD_SetUp                    (abs)        0000
__size_of_lcd_BusyCheck                (abs)        0000
__size_of_lcd_DataWrite                (abs)        0000
__size_of_lcd_Reset                    (abs)        0000
__size_of_lcd_SendCmdSignals           (abs)        0000
__size_of_lcd_SendDataSignals          (abs)        0000
__size_of_lcd_SendHigherNibble         (abs)        0000
__size_of_lcd_SendLowerNibble          (abs)        0000
__size_of_main                         (abs)        0000
__stringbase                           strings      0008
__stringtab                            strings      0003
_lcd_BusyCheck                         text15       04FE
_lcd_DataWrite                         text8        02F5
_lcd_Reset                             text3        043A
_lcd_SendCmdSignals                    text14       0265
_lcd_SendDataSignals                   text9        0292
_lcd_SendHigherNibble                  text13       032A
_lcd_SendLowerNibble                   text12       036A
_main                                  maintext     03F1
_v_LcdTrackCursorPos_U8                bssBANK0     0042
_v_LcdTrackLineNum_U8                  bssBANK0     0043
btemp                                  (abs)        007E
clear_ram0                             clrtext      01CB
end_of_initialization                  cinit        07FC
intlevel0                              functab      0000
intlevel1                              functab      0000
intlevel2                              functab      0000
intlevel3                              functab      0000
intlevel4                              functab      0000
intlevel5                              functab      0000
lcd_BusyCheck@busyflag                 cstackCOMMON 0076
lcd_DataWrite@dataByte                 cstackCOMMON 0079
lcd_SendHigherNibble@dataByte          cstackCOMMON 0076
lcd_SendLowerNibble@dataByte           cstackCOMMON 0076
ltemp                                  (abs)        007E
ltemp0                                 (abs)        007E
ltemp1                                 (abs)        0082
ltemp2                                 (abs)        0086
ltemp3                                 (abs)        0080
reset_vec                              reset_vec    0000
stackhi                                (abs)        0000
stacklo                                (abs)        0000
start                                  init         0000
start_initialization                   cinit        07DD
ttemp                                  (abs)        007E
ttemp0                                 (abs)        007E
ttemp1                                 (abs)        0081
ttemp2                                 (abs)        0084
ttemp3                                 (abs)        0087
ttemp4                                 (abs)        007F
wtemp                                  (abs)        007E
wtemp0                                 (abs)        007E
wtemp1                                 (abs)        0080
wtemp2                                 (abs)        0082
wtemp3                                 (abs)        0084
wtemp4                                 (abs)        0086
wtemp5                                 (abs)        0088
wtemp6                                 (abs)        007F


FUNCTION INFORMATION:

 *************** function _main *****************
 Defined at:
		line 42 in file "main.c"
 Parameters:    Size  Location     Type
		None
 Auto vars:     Size  Location     Type
		None
 Return value:  Size  Location     Type
                  2  225[None  ] int 
 Registers used:
		wreg, fsr0l, fsr0h, status,2, status,0, pclath, cstack
 Tracked objects:
		On entry : 
		On exit  : 
		Unchanged: 
 Data sizes:     COMMON   BANK0   BANK1   BANK3   BANK2
      Params:         0       0       0       0       0
      Locals:         0       0       0       0       0
      Temps:          0      10       0       0       0
      Totals:         0      10       0       0       0
Total ram usage:       10 bytes
 Hardware stack levels required when called:    7
 This function calls:
		_LCD_DisplayString
		_LCD_Init
		_LCD_SetUp
 This function is called by:
		Startup code after reset
 This function uses a non-reentrant model


 *************** function _LCD_SetUp *****************
 Defined at:
		line 135 in file "../00-libfiles/lcd.c"
 Parameters:    Size  Location     Type
  RS              1    wreg     enum E33
  RW              1    0[BANK0 ] enum E33
  EN              1    1[BANK0 ] enum E33
  D0              1    2[BANK0 ] enum E33
  D1              1    3[BANK0 ] enum E33
  D2              1    4[BANK0 ] enum E33
  D3              1    5[BANK0 ] enum E33
  D4              1    6[BANK0 ] enum E33
  D5              1    7[BANK0 ] enum E33
  D6              1    8[BANK0 ] enum E33
  D7              1    9[BANK0 ] enum E33
 Auto vars:     Size  Location     Type
  RS              1    6[COMMON] enum E33
 Return value:  Size  Location     Type
                  1    wreg      void 
 Registers used:
		wreg, fsr0l, fsr0h, status,2, status,0, pclath, cstack
 Tracked objects:
		On entry : 
		On exit  : 
		Unchanged: 
 Data sizes:     COMMON   BANK0   BANK1   BANK3   BANK2
      Params:         0      10       0       0       0
      Locals:         1       0       0       0       0
      Temps:          1       0       0       0       0
      Totals:         2      10       0       0       0
Total ram usage:       12 bytes
 Hardware stack levels used:    1
 Hardware stack levels required when called:    1
 This function calls:
		_GPIO_PinDirection
 This function is called by:
		_main
 This function uses a non-reentrant model


 *************** function _LCD_Init *****************
 Defined at:
		line 198 in file "../00-libfiles/lcd.c"
 Parameters:    Size  Location     Type
  v_lcdNoOfLin    1    wreg     unsigned char 
  v_MaxCharsPe    1   12[COMMON] unsigned char 
 Auto vars:     Size  Location     Type
  v_lcdNoOfLin    1    0[BANK0 ] unsigned char 
 Return value:  Size  Location     Type
                  1    wreg      void 
 Registers used:
		wreg, fsr0l, fsr0h, status,2, status,0, pclath, cstack
 Tracked objects:
		On entry : 
		On exit  : 
		Unchanged: 
 Data sizes:     COMMON   BANK0   BANK1   BANK3   BANK2
      Params:         1       0       0       0       0
      Locals:         0       1       0       0       0
      Temps:          1       0       0       0       0
      Totals:         2       1       0       0       0
Total ram usage:        3 bytes
 Hardware stack levels used:    1
 Hardware stack levels required when called:    6
 This function calls:
		_DELAY_ms
		_LCD_Clear
		_LCD_CmdWrite
		_lcd_Reset
 This function is called by:
		_main
 This function uses a non-reentrant model


 *************** function _lcd_Reset *****************
 Defined at:
		line 913 in file "../00-libfiles/lcd.c"
 Parameters:    Size  Location     Type
		None
 Auto vars:     Size  Location     Type
		None
 Return value:  Size  Location     Type
                  1    wreg      void 
 Registers used:
		wreg, fsr0l, fsr0h, status,2, status,0, pclath, cstack
 Tracked objects:
		On entry : 
		On exit  : 
		Unchanged: 
 Data sizes:     COMMON   BANK0   BANK1   BANK3   BANK2
      Params:         0       0       0       0       0
      Locals:         0       0       0       0       0
      Temps:          0       0       0       0       0
      Totals:         0       0       0       0       0
Total ram usage:        0 bytes
 Hardware stack levels used:    1
 Hardware stack levels required when called:    2
 This function calls:
		_DELAY_ms
		_DELAY_us
		_lcd_SendCmdSignals
		_lcd_SendHigherNibble
 This function is called by:
		_LCD_Init
 This function uses a non-reentrant model


 *************** function _LCD_Clear *****************
 Defined at:
		line 237 in file "../00-libfiles/lcd.c"
 Parameters:    Size  Location     Type
		None
 Auto vars:     Size  Location     Type
		None
 Return value:  Size  Location     Type
                  1    wreg      void 
 Registers used:
		wreg, fsr0l, fsr0h, status,2, status,0, pclath, cstack
 Tracked objects:
		On entry : 
		On exit  : 
		Unchanged: 
 Data sizes:     COMMON   BANK0   BANK1   BANK3   BANK2
      Params:         0       0       0       0       0
      Locals:         0       0       0       0       0
      Temps:          0       0       0       0       0
      Totals:         0       0       0       0       0
Total ram usage:        0 bytes
 Hardware stack levels used:    1
 Hardware stack levels required when called:    5
 This function calls:
		_LCD_CmdWrite
		_LCD_GoToLine
 This function is called by:
		_LCD_Init
 This function uses a non-reentrant model


 *************** function _LCD_GoToLine *****************
 Defined at:
		line 265 in file "../00-libfiles/lcd.c"
 Parameters:    Size  Location     Type
  v_lineNumber    1    wreg     unsigned char 
 Auto vars:     Size  Location     Type
  v_lineNumber    1   11[COMMON] unsigned char 
 Return value:  Size  Location     Type
                  1    wreg      void 
 Registers used:
		wreg, fsr0l, fsr0h, status,2, status,0, pclath, cstack
 Tracked objects:
		On entry : 
		On exit  : 
		Unchanged: 
 Data sizes:     COMMON   BANK0   BANK1   BANK3   BANK2
      Params:         0       0       0       0       0
      Locals:         1       0       0       0       0
      Temps:          1       0       0       0       0
      Totals:         2       0       0       0       0
Total ram usage:        2 bytes
 Hardware stack levels used:    1
 Hardware stack levels required when called:    4
 This function calls:
		_LCD_CmdWrite
 This function is called by:
		_LCD_Clear
 This function uses a non-reentrant model


 *************** function _LCD_DisplayString *****************
 Defined at:
		line 427 in file "../00-libfiles/lcd.c"
 Parameters:    Size  Location     Type
  ptr_stringPo    1    wreg     PTR const unsigned char 
		 -> STR_2(15), STR_1(17), 
 Auto vars:     Size  Location     Type
  ptr_stringPo    1    0[BANK0 ] PTR const unsigned char 
		 -> STR_2(15), STR_1(17), 
 Return value:  Size  Location     Type
                  1    wreg      void 
 Registers used:
		wreg, fsr0l, fsr0h, status,2, status,0, pclath, cstack
 Tracked objects:
		On entry : 
		On exit  : 
		Unchanged: 
 Data sizes:     COMMON   BANK0   BANK1   BANK3   BANK2
      Params:         0       0       0       0       0
      Locals:         0       1       0       0       0
      Temps:          1       0       0       0       0
      Totals:         1       1       0       0       0
Total ram usage:        2 bytes
 Hardware stack levels used:    1
 Hardware stack levels required when called:    6
 This function calls:
		_LCD_DisplayChar
 This function is called by:
		_main
 This function uses a non-reentrant model


 *************** function _LCD_DisplayChar *****************
 Defined at:
		line 392 in file "../00-libfiles/lcd.c"
 Parameters:    Size  Location     Type
  v_lcdData_u8    1    wreg     unsigned char 
 Auto vars:     Size  Location     Type
  v_lcdData_u8    1   12[COMMON] unsigned char 
 Return value:  Size  Location     Type
                  1    wreg      void 
 Registers used:
		wreg, fsr0l, fsr0h, status,2, status,0, pclath, cstack
 Tracked objects:
		On entry : 
		On exit  : 
		Unchanged: 
 Data sizes:     COMMON   BANK0   BANK1   BANK3   BANK2
      Params:         0       0       0       0       0
      Locals:         1       0       0       0       0
      Temps:          1       0       0       0       0
      Totals:         2       0       0       0       0
Total ram usage:        2 bytes
 Hardware stack levels used:    1
 Hardware stack levels required when called:    5
 This function calls:
		_LCD_GoToNextLine
		_lcd_DataWrite
 This function is called by:
		_LCD_DisplayString
 This function uses a non-reentrant model


 *************** function _lcd_DataWrite *****************
 Defined at:
		line 826 in file "../00-libfiles/lcd.c"
 Parameters:    Size  Location     Type
  dataByte        1    wreg     unsigned char 
 Auto vars:     Size  Location     Type
  dataByte        1    9[COMMON] unsigned char 
 Return value:  Size  Location     Type
                  1    wreg      void 
 Registers used:
		wreg, fsr0l, fsr0h, status,2, status,0, pclath, cstack
 Tracked objects:
		On entry : 
		On exit  : 
		Unchanged: 
 Data sizes:     COMMON   BANK0   BANK1   BANK3   BANK2
      Params:         0       0       0       0       0
      Locals:         1       0       0       0       0
      Temps:          2       0       0       0       0
      Totals:         3       0       0       0       0
Total ram usage:        3 bytes
 Hardware stack levels used:    1
 Hardware stack levels required when called:    3
 This function calls:
		_lcd_BusyCheck
		_lcd_SendDataSignals
		_lcd_SendHigherNibble
		_lcd_SendLowerNibble
 This function is called by:
		_LCD_DisplayChar
 This function uses a non-reentrant model


 *************** function _lcd_SendDataSignals *****************
 Defined at:
		line 1002 in file "../00-libfiles/lcd.c"
 Parameters:    Size  Location     Type
		None
 Auto vars:     Size  Location     Type
		None
 Return value:  Size  Location     Type
                  1    wreg      void 
 Registers used:
		wreg, fsr0l, fsr0h, status,2, status,0, pclath, cstack
 Tracked objects:
		On entry : 
		On exit  : 
		Unchanged: 
 Data sizes:     COMMON   BANK0   BANK1   BANK3   BANK2
      Params:         0       0       0       0       0
      Locals:         0       0       0       0       0
      Temps:          0       0       0       0       0
      Totals:         0       0       0       0       0
Total ram usage:        0 bytes
 Hardware stack levels used:    1
 Hardware stack levels required when called:    1
 This function calls:
		_DELAY_us
		_GPIO_PinWrite
 This function is called by:
		_lcd_DataWrite
 This function uses a non-reentrant model


 *************** function _LCD_GoToNextLine *****************
 Defined at:
		line 292 in file "../00-libfiles/lcd.c"
 Parameters:    Size  Location     Type
		None
 Auto vars:     Size  Location     Type
		None
 Return value:  Size  Location     Type
                  1    wreg      void 
 Registers used:
		wreg, fsr0l, fsr0h, status,2, status,0, pclath, cstack
 Tracked objects:
		On entry : 
		On exit  : 
		Unchanged: 
 Data sizes:     COMMON   BANK0   BANK1   BANK3   BANK2
      Params:         0       0       0       0       0
      Locals:         0       0       0       0       0
      Temps:          1       0       0       0       0
      Totals:         1       0       0       0       0
Total ram usage:        1 bytes
 Hardware stack levels used:    1
 Hardware stack levels required when called:    4
 This function calls:
		_LCD_CmdWrite
 This function is called by:
		_LCD_DisplayChar
 This function uses a non-reentrant model


 *************** function _LCD_CmdWrite *****************
 Defined at:
		line 358 in file "../00-libfiles/lcd.c"
 Parameters:    Size  Location     Type
  v_lcdCmd_u8     1    wreg     unsigned char 
 Auto vars:     Size  Location     Type
  v_lcdCmd_u8     1    9[COMMON] unsigned char 
 Return value:  Size  Location     Type
                  1    wreg      void 
 Registers used:
		wreg, fsr0l, fsr0h, status,2, status,0, pclath, cstack
 Tracked objects:
		On entry : 
		On exit  : 
		Unchanged: 
 Data sizes:     COMMON   BANK0   BANK1   BANK3   BANK2
      Params:         0       0       0       0       0
      Locals:         1       0       0       0       0
      Temps:          2       0       0       0       0
      Totals:         3       0       0       0       0
Total ram usage:        3 bytes
 Hardware stack levels used:    1
 Hardware stack levels required when called:    3
 This function calls:
		_lcd_BusyCheck
		_lcd_SendCmdSignals
		_lcd_SendHigherNibble
		_lcd_SendLowerNibble
 This function is called by:
		_LCD_Init
		_LCD_Clear
		_LCD_GoToLine
		_LCD_GoToNextLine
 This function uses a non-reentrant model


 *************** function _lcd_SendLowerNibble *****************
 Defined at:
		line 962 in file "../00-libfiles/lcd.c"
 Parameters:    Size  Location     Type
  dataByte        1    wreg     unsigned char 
 Auto vars:     Size  Location     Type
  dataByte        1    6[COMMON] unsigned char 
 Return value:  Size  Location     Type
                  1    wreg      void 
 Registers used:
		wreg, fsr0l, fsr0h, status,2, status,0, pclath, cstack
 Tracked objects:
		On entry : 
		On exit  : 
		Unchanged: 
 Data sizes:     COMMON   BANK0   BANK1   BANK3   BANK2
      Params:         0       0       0       0       0
      Locals:         1       0       0       0       0
      Temps:          1       0       0       0       0
      Totals:         2       0       0       0       0
Total ram usage:        2 bytes
 Hardware stack levels used:    1
 Hardware stack levels required when called:    1
 This function calls:
		_GPIO_PinWrite
 This function is called by:
		_LCD_CmdWrite
		_lcd_DataWrite
 This function uses a non-reentrant model


 *************** function _lcd_SendHigherNibble *****************
 Defined at:
		line 943 in file "../00-libfiles/lcd.c"
 Parameters:    Size  Location     Type
  dataByte        1    wreg     unsigned char 
 Auto vars:     Size  Location     Type
  dataByte        1    6[COMMON] unsigned char 
 Return value:  Size  Location     Type
                  1    wreg      void 
 Registers used:
		wreg, fsr0l, fsr0h, status,2, status,0, pclath, cstack
 Tracked objects:
		On entry : 
		On exit  : 
		Unchanged: 
 Data sizes:     COMMON   BANK0   BANK1   BANK3   BANK2
      Params:         0       0       0       0       0
      Locals:         1       0       0       0       0
      Temps:          1       0       0       0       0
      Totals:         2       0       0       0       0
Total ram usage:        2 bytes
 Hardware stack levels used:    1
 Hardware stack levels required when called:    1
 This function calls:
		_GPIO_PinWrite
 This function is called by:
		_LCD_CmdWrite
		_lcd_DataWrite
		_lcd_Reset
 This function uses a non-reentrant model


 *************** function _lcd_SendCmdSignals *****************
 Defined at:
		line 981 in file "../00-libfiles/lcd.c"
 Parameters:    Size  Location     Type
		None
 Auto vars:     Size  Location     Type
		None
 Return value:  Size  Location     Type
                  1    wreg      void 
 Registers used:
		wreg, fsr0l, fsr0h, status,2, status,0, pclath, cstack
 Tracked objects:
		On entry : 
		On exit  : 
		Unchanged: 
 Data sizes:     COMMON   BANK0   BANK1   BANK3   BANK2
      Params:         0       0       0       0       0
      Locals:         0       0       0       0       0
      Temps:          0       0       0       0       0
      Totals:         0       0       0       0       0
Total ram usage:        0 bytes
 Hardware stack levels used:    1
 Hardware stack levels required when called:    1
 This function calls:
		_DELAY_us
		_GPIO_PinWrite
 This function is called by:
		_LCD_CmdWrite
		_lcd_Reset
 This function uses a non-reentrant model


 *************** function _lcd_BusyCheck *****************
 Defined at:
		line 860 in file "../00-libfiles/lcd.c"
 Parameters:    Size  Location     Type
		None
 Auto vars:     Size  Location     Type
  busyflag        1    6[COMMON] unsigned char 
 Return value:  Size  Location     Type
                  1    wreg      void 
 Registers used:
		wreg, fsr0l, fsr0h, status,2, status,0, pclath, cstack
 Tracked objects:
		On entry : 
		On exit  : 
		Unchanged: 
 Data sizes:     COMMON   BANK0   BANK1   BANK3   BANK2
      Params:         0       0       0       0       0
      Locals:         1       0       0       0       0
      Temps:          1       0       0       0       0
      Totals:         2       0       0       0       0
Total ram usage:        2 bytes
 Hardware stack levels used:    1
 Hardware stack levels required when called:    2
 This function calls:
		_DELAY_ms
		_DELAY_us
		_GPIO_PinDirection
		_GPIO_PinRead
		_GPIO_PinWrite
 This function is called by:
		_LCD_CmdWrite
		_lcd_DataWrite
 This function uses a non-reentrant model


 *************** function _GPIO_PinWrite *****************
 Defined at:
		line 127 in file "../00-libfiles/gpio.c"
 Parameters:    Size  Location     Type
  enm_pinNumbe    1    wreg     enum E1088
  var_pinValue    1    0[COMMON] unsigned char 
 Auto vars:     Size  Location     Type
  enm_pinNumbe    1    4[COMMON] enum E1088
  var_portNumb    1    3[COMMON] unsigned char 
 Return value:  Size  Location     Type
                  1    wreg      void 
 Registers used:
		wreg, fsr0l, fsr0h, status,2, status,0
 Tracked objects:
		On entry : 
		On exit  : 
		Unchanged: 
 Data sizes:     COMMON   BANK0   BANK1   BANK3   BANK2
      Params:         1       0       0       0       0
      Locals:         2       0       0       0       0
      Temps:          2       0       0       0       0
      Totals:         5       0       0       0       0
Total ram usage:        5 bytes
 Hardware stack levels used:    1
 This function calls:
		Nothing
 This function is called by:
		_lcd_BusyCheck
		_lcd_SendHigherNibble
		_lcd_SendLowerNibble
		_lcd_SendCmdSignals
		_lcd_SendDataSignals
 This function uses a non-reentrant model


 *************** function _GPIO_PinRead *****************
 Defined at:
		line 192 in file "../00-libfiles/gpio.c"
 Parameters:    Size  Location     Type
  enm_pinNumbe    1    wreg     enum E1088
 Auto vars:     Size  Location     Type
  enm_pinNumbe    1    4[COMMON] enum E1088
  returnStatus    1    3[COMMON] unsigned char 
  var_portNumb    1    2[COMMON] unsigned char 
 Return value:  Size  Location     Type
                  1    wreg      unsigned char 
 Registers used:
		wreg, fsr0l, fsr0h, status,2, status,0
 Tracked objects:
		On entry : 
		On exit  : 
		Unchanged: 
 Data sizes:     COMMON   BANK0   BANK1   BANK3   BANK2
      Params:         0       0       0       0       0
      Locals:         3       0       0       0       0
      Temps:          2       0       0       0       0
      Totals:         5       0       0       0       0
Total ram usage:        5 bytes
 Hardware stack levels used:    1
 This function calls:
		Nothing
 This function is called by:
		_lcd_BusyCheck
 This function uses a non-reentrant model


 *************** function _GPIO_PinDirection *****************
 Defined at:
		line 60 in file "../00-libfiles/gpio.c"
 Parameters:    Size  Location     Type
  enm_pinNumbe    1    wreg     enum E1088
  var_pinDirn_    1    0[COMMON] unsigned char 
 Auto vars:     Size  Location     Type
  enm_pinNumbe    1    4[COMMON] enum E1088
  var_portNumb    1    3[COMMON] unsigned char 
 Return value:  Size  Location     Type
                  1    wreg      void 
 Registers used:
		wreg, fsr0l, fsr0h, status,2, status,0
 Tracked objects:
		On entry : 
		On exit  : 
		Unchanged: 
 Data sizes:     COMMON   BANK0   BANK1   BANK3   BANK2
      Params:         1       0       0       0       0
      Locals:         2       0       0       0       0
      Temps:          2       0       0       0       0
      Totals:         5       0       0       0       0
Total ram usage:        5 bytes
 Hardware stack levels used:    1
 This function calls:
		Nothing
 This function is called by:
		_LCD_SetUp
		_lcd_BusyCheck
 This function uses a non-reentrant model


 *************** function _DELAY_ms *****************
 Defined at:
		line 75 in file "../00-libfiles/delay.c"
 Parameters:    Size  Location     Type
  ms_count        2    2[COMMON] unsigned int 
 Auto vars:     Size  Location     Type
		None
 Return value:  Size  Location     Type
                  1    wreg      void 
 Registers used:
		wreg, status,2, status,0, pclath, cstack
 Tracked objects:
		On entry : 
		On exit  : 
		Unchanged: 
 Data sizes:     COMMON   BANK0   BANK1   BANK3   BANK2
      Params:         2       0       0       0       0
      Locals:         0       0       0       0       0
      Temps:          0       0       0       0       0
      Totals:         2       0       0       0       0
Total ram usage:        2 bytes
 Hardware stack levels used:    1
 Hardware stack levels required when called:    1
 This function calls:
		_DELAY_us
 This function is called by:
		_LCD_Init
		_lcd_BusyCheck
		_lcd_Reset
		_DELAY_sec
 This function uses a non-reentrant model


 *************** function _DELAY_us *****************
 Defined at:
		line 56 in file "../00-libfiles/delay.c"
 Parameters:    Size  Location     Type
  us_count        2    0[COMMON] unsigned int 
 Auto vars:     Size  Location     Type
		None
 Return value:  Size  Location     Type
                  1    wreg      void 
 Registers used:
		wreg, status,2, status,0
 Tracked objects:
		On entry : 
		On exit  : 
		Unchanged: 
 Data sizes:     COMMON   BANK0   BANK1   BANK3   BANK2
      Params:         2       0       0       0       0
      Locals:         0       0       0       0       0
      Temps:          0       0       0       0       0
      Totals:         2       0       0       0       0
Total ram usage:        2 bytes
 Hardware stack levels used:    1
 This function calls:
		Nothing
 This function is called by:
		_DELAY_ms
		_lcd_BusyCheck
		_lcd_Reset
		_lcd_SendCmdSignals
		_lcd_SendDataSignals
 This function uses a non-reentrant model



MODULE INFORMATION

Module		Function		Class		Link	Load	Size
../00-libfiles/gpio.c
		_GPIO_PinRead  		CODE           	0489	0000	118
		_GPIO_PinWrite 		CODE           	0704	0000	218
		_GPIO_PinDirection		CODE           	062B	0000	218

../00-libfiles/gpio.c estimated size: 554

../00-libfiles/lcd.c
		_LCD_Init      		CODE           	03AA	0000	72
		_lcd_SendHigherNibble		CODE           	032A	0000	65
		_lcd_SendCmdSignals		CODE           	0265	0000	46
		_LCD_SetUp     		CODE           	058A	0000	162
		_lcd_SendLowerNibble		CODE           	036A	0000	65
		_LCD_CmdWrite  		CODE           	02C0	0000	54
		_LCD_Clear     		CODE           	01DE	0000	12
		_LCD_DisplayString		CODE           	0245	0000	33
		_LCD_GoToLine  		CODE           	0211	0000	22
		_lcd_BusyCheck 		CODE           	04FE	0000	141
		_LCD_GoToNextLine		CODE           	01FD	0000	21
		_lcd_Reset     		CODE           	043A	0000	80
		_lcd_DataWrite 		CODE           	02F5	0000	54
		_LCD_DisplayChar		CODE           	0226	0000	32
		_lcd_SendDataSignals		CODE           	0292	0000	47

../00-libfiles/lcd.c estimated size: 906

../00-libfiles/delay.c
		_DELAY_ms      		CODE           	01E9	0000	21
		_DELAY_us      		CODE           	01D3	0000	12

../00-libfiles/delay.c estimated size: 33

shared
		__stringtab    		STRING         	0003	0000	7
		__initialization		CODE           	07DD	0000	32

shared estimated size: 39

main.c
		_main          		CODE           	03F1	0000	74

main.c estimated size: 74

