Microchip MPLAB XC8 Compiler V1.36 ()

Linker command line:

-W-3 --edf=C:\Program Files\Microchip\xc8\v1.36\dat\en_msgs.txt -cs \
  -h+dist/default/production\06e-UART_String_RxTx_Lcd.X.production.sym \
  --cmf=dist/default/production\06e-UART_String_RxTx_Lcd.X.production.cmf \
  -z -Q16F877A -oC:\Users\bagwan\AppData\Local\Temp\s2co.2 \
  -Mdist/default/production/06e-UART_String_RxTx_Lcd.X.production.map -E1 \
  -ver=XC8 -ASTACK=0110h-016fh -pstack=STACK -ACODE=00h-07FFhx4 \
  -ASTRCODE=00h-01FFFh -ASTRING=00h-0FFhx32 -ACONST=00h-0FFhx32 \
  -AENTRY=00h-0FFhx32 -ACOMMON=070h-07Fh -ABANK0=020h-06Fh \
  -ABANK1=0A0h-0EFh -ABANK2=0110h-016Fh -ABANK3=0190h-01EFh \
  -ARAM=020h-06Fh,0A0h-0EFh,0110h-016Fh,0190h-01EFh \
  -AABS1=020h-07Fh,0A0h-0EFh,0110h-016Fh,0190h-01EFh -ASFR0=00h-01Fh \
  -ASFR1=080h-09Fh -ASFR2=0100h-010Fh -ASFR3=0180h-018Fh \
  -preset_vec=00h,intentry,init,end_init -ppowerup=CODE -pcinit=CODE \
  -pfunctab=CODE -ACONFIG=02007h-02007h -pconfig=CONFIG -DCONFIG=2 \
  -AIDLOC=02000h-02003h -pidloc=IDLOC -DIDLOC=2 -AEEDATA=00h-0FFh/02100h \
  -peeprom_data=EEDATA -DEEDATA=2 -DCODE=2 -DSTRCODE=2 -DSTRING=2 -DCONST=2 \
  -DENTRY=2 -k C:\Users\bagwan\AppData\Local\Temp\s2co.obj \
  dist/default/production\06e-UART_String_RxTx_Lcd.X.production.obj 

Object code version is 3.11

Machine type is 16F877A



                Name                               Link     Load   Length Selector   Space Scale
C:\Users\bagwan\AppData\Local\Temp\s2co.obj
                end_init                              0        0        3        0       0
                config                             2007     2007        1     400E       0
dist/default/production\06e-UART_String_RxTx_Lcd.X.production.obj
                cinit                               7D2      7D2       2E      FA4       0
                text32                              9A4      9A4        B     1348       0
                text31                              9CD      9CD       14     139A       0
                text30                              F27      F27       D9     1E4E       0
                text29                              CDB      CDB       75     19B6       0
                text28                               CA       CA       D9      194       0
                text27                              DCA      DCA       8C     1B94       0
                text26                              A60      A60       2D     14C0       0
                text25                              B5F      B5F       40     16BE       0
                text24                              B9F      B9F       40     173E       0
                text23                              ABB      ABB       35     1576       0
                text22                              A0C      A0C       17     1418       0
                text21                              9AF      9AF        B     135E       0
                text20                              BDF      BDF       4F     17BE       0
                text19                              C2E      C2E       4F     185C       0
                text18                              A23      A23       18     1446       0
                text17                              A8D      A8D       2E     151A       0
                text16                              AF0      AF0       35     15E0       0
                text15                                5        5       21        A       0
                text14                              9BA      9BA       13     1374       0
                text13                              C7D      C7D       5E     18FA       0
                text12                              1A3      1A3      101      346       0
                text11                              A3B      A3B       25     1476       0
                text10                              5BA      5BA      218      B74       0
                text9                               E56      E56       D1     1CAC       0
                text8                               D50      D50       7A     1AA0       0
                text7                               9F6      9F6       16     13EC       0
                text6                               99B      99B        9     1336       0
                text5                               2A4      2A4      101      548       0
                text4                               9E1      9E1       15     13C2       0
                text3                               3A5      3A5      215      74A       0
                text2                               994      994        7     1328       0
                text1                               B25      B25       3A     164A       0
                maintext                             26       26       A4       4C       0
                cstackBANK0                          20       20       44       20       1
                cstackCOMMON                         70       70        E       70       1
                cstackBANK1                          A0       A0       34       A0       1
                bssBANK1                             D4       D4        E       A0       1
                dataBANK0                            64       64        4       20       1
                bssBANK0                             68       68        2       20       1
                strings                             800      800       60     1000       0
                idataBANK0                          990      990        4     1320       0

TOTAL           Name                               Link     Load   Length     Space
        CLASS   STACK          

        CLASS   CODE           
                end_init                              0        0        3         0
                cinit                               7D2      7D2       2E         0
                text32                              9A4      9A4        B         0
                text31                              9CD      9CD       14         0
                text30                              F27      F27       D9         0
                text29                              CDB      CDB       75         0
                text28                               CA       CA       D9         0
                text27                              DCA      DCA       8C         0
                text26                              A60      A60       2D         0
                text25                              B5F      B5F       40         0
                text24                              B9F      B9F       40         0
                text23                              ABB      ABB       35         0
                text22                              A0C      A0C       17         0
                text21                              9AF      9AF        B         0
                text20                              BDF      BDF       4F         0
                text19                              C2E      C2E       4F         0
                text18                              A23      A23       18         0
                text17                              A8D      A8D       2E         0
                text16                              AF0      AF0       35         0
                text15                                5        5       21         0
                text14                              9BA      9BA       13         0
                text13                              C7D      C7D       5E         0
                text12                              1A3      1A3      101         0
                text11                              A3B      A3B       25         0
                text10                              5BA      5BA      218         0
                text9                               E56      E56       D1         0
                text8                               D50      D50       7A         0
                text7                               9F6      9F6       16         0
                text6                               99B      99B        9         0
                text5                               2A4      2A4      101         0
                text4                               9E1      9E1       15         0
                text3                               3A5      3A5      215         0
                text2                               994      994        7         0
                text1                               B25      B25       3A         0
                maintext                             26       26       A4         0
                idataBANK0                          990      990        4         0

        CLASS   STRCODE        

        CLASS   STRING         
                strings                             800      800       60         0

        CLASS   CONST          

        CLASS   ENTRY          

        CLASS   COMMON         
                cstackCOMMON                         70       70        E         1

        CLASS   BANK0          
                cstackBANK0                          20       20       44         1
                dataBANK0                            64       64        4         1
                bssBANK0                             68       68        2         1

        CLASS   BANK1          
                cstackBANK1                          A0       A0       34         1
                bssBANK1                             D4       D4        E         1

        CLASS   BANK2          

        CLASS   BANK3          

        CLASS   RAM            

        CLASS   ABS1           
                abs_s1                               7E       7E        2         1

        CLASS   SFR0           

        CLASS   SFR1           

        CLASS   SFR2           

        CLASS   SFR3           

        CLASS   CONFIG         
                config                             2007     2007        1         0

        CLASS   IDLOC          

        CLASS   EEDATA         



SEGMENTS        Name                           Load    Length   Top    Selector   Space  Class     Delta

                reset_vec                      000000  000003  000003         0       0  CODE        2
                text15                         000005  000021  000026         A       0  CODE        2
                cstackBANK0                    000020  00004A  00006A        20       1  BANK0       1
                maintext                       000026  0000A4  0000CA        4C       0  CODE        2
                cstackCOMMON                   000070  00000E  00007E        70       1  COMMON      1
                cstackBANK1                    0000A0  000042  0000E2        A0       1  BANK1       1
                text28                         0000CA  0000D9  0001A3       194       0  CODE        2
                text12                         0001A3  000101  0002A4       346       0  CODE        2
                text5                          0002A4  000101  0003A5       548       0  CODE        2
                text3                          0003A5  000215  0005BA       74A       0  CODE        2
                text10                         0005BA  000218  0007D2       B74       0  CODE        2
                cinit                          0007D2  00002E  000800       FA4       0  CODE        2
                strings                        000800  000060  000860      1000       0  STRING      2
                idataBANK0                     000990  000004  000994      1320       0  CODE        2
                text2                          000994  000007  00099B      1328       0  CODE        2
                text6                          00099B  000009  0009A4      1336       0  CODE        2
                text32                         0009A4  00000B  0009AF      1348       0  CODE        2
                text21                         0009AF  00000B  0009BA      135E       0  CODE        2
                text14                         0009BA  000013  0009CD      1374       0  CODE        2
                text31                         0009CD  000014  0009E1      139A       0  CODE        2
                text4                          0009E1  000015  0009F6      13C2       0  CODE        2
                text7                          0009F6  000016  000A0C      13EC       0  CODE        2
                text22                         000A0C  000017  000A23      1418       0  CODE        2
                text18                         000A23  000018  000A3B      1446       0  CODE        2
                text11                         000A3B  000025  000A60      1476       0  CODE        2
                text26                         000A60  00002D  000A8D      14C0       0  CODE        2
                text17                         000A8D  00002E  000ABB      151A       0  CODE        2
                text23                         000ABB  000035  000AF0      1576       0  CODE        2
                text16                         000AF0  000035  000B25      15E0       0  CODE        2
                text1                          000B25  00003A  000B5F      164A       0  CODE        2
                text25                         000B5F  000040  000B9F      16BE       0  CODE        2
                text24                         000B9F  000040  000BDF      173E       0  CODE        2
                text20                         000BDF  00004F  000C2E      17BE       0  CODE        2
                text19                         000C2E  00004F  000C7D      185C       0  CODE        2
                text13                         000C7D  00005E  000CDB      18FA       0  CODE        2
                text29                         000CDB  000075  000D50      19B6       0  CODE        2
                text8                          000D50  00007A  000DCA      1AA0       0  CODE        2
                text27                         000DCA  00008C  000E56      1B94       0  CODE        2
                text9                          000E56  0000D1  000F27      1CAC       0  CODE        2
                text30                         000F27  0000D9  001000      1E4E       0  CODE        2
                config                         002007  000001  002008      400E       0  CONFIG      2


UNUSED ADDRESS RANGES

        Name                Unused          Largest block    Delta
        BANK0            006A-006F              6           1
        BANK1            00E2-00EF              E           1
        BANK2            0110-016F             60           1
        BANK3            0190-01EF             60           1
        CODE             0003-0004              2           2
                         0860-098F            130
                         1000-1FFF            800
        CONST            0003-0004              2           2
                         0860-098F             A0
                         1000-1FFF            100
        EEDATA           2100-21FF            100           2
        ENTRY            0003-0004              2           2
                         0860-098F             A0
                         1000-1FFF            100
        IDLOC            2000-2003              4           2
        RAM              006A-006F              6           1
                         00E2-00EF              E
                         0110-016F             60
                         0190-01EF             60
        SFR0             0000-001F             20           1
        SFR1             0080-009F             20           1
        SFR2             0100-010F             10           1
        SFR3             0180-018F             10           1
        STACK            0110-016F             60           1
        STRCODE          0003-0004              2           2
                         0860-098F            130
                         1000-1FFF           1000
        STRING           0003-0004              2           2
                         0860-098F             A0
                         1000-1FFF            100

                                  Symbol Table

?_LCD_Printf                                cstackBANK0  0043
?_UART_Printf                               cstackBANK0  0043
?___lldiv                                   cstackCOMMON 0070
DELAY_ms@ms_count                           cstackCOMMON 0072
DELAY_us@us_count                           cstackCOMMON 0070
GPIO_PinDirection@enm_pinNumber             cstackCOMMON 0074
GPIO_PinDirection@var_pinDirn_u8            cstackCOMMON 0070
GPIO_PinDirection@var_portNumber_u8         cstackCOMMON 0073
GPIO_PinRead@enm_pinNumber                  cstackCOMMON 0074
GPIO_PinRead@returnStatus                   cstackCOMMON 0073
GPIO_PinRead@var_portNumber_u8              cstackCOMMON 0072
GPIO_PinWrite@enm_pinNumber                 cstackCOMMON 0074
GPIO_PinWrite@var_pinValue_u8               cstackCOMMON 0070
GPIO_PinWrite@var_portNumber_u8             cstackCOMMON 0073
LCD_CmdWrite@v_lcdCmd_u8                    cstackCOMMON 0079
LCD_DisplayChar@v_lcdData_u8                cstackCOMMON 007C
LCD_DisplayNumber@a                         cstackBANK0  0035
LCD_DisplayNumber@i                         cstackBANK0  0042
LCD_DisplayNumber@v_numOfDigitsToDisplay_u8 cstackBANK0  0028
LCD_DisplayNumber@v_number_u32              cstackBANK0  0024
LCD_DisplayNumber@v_numericSystem_u8        cstackBANK0  0041
LCD_DisplayString@ptr_stringPointer_u8      cstackBANK0  0020
LCD_GoToLine@v_lineNumber_u8                cstackCOMMON 007B
LCD_Init@v_MaxCharsPerLine_u8               cstackCOMMON 007C
LCD_Init@v_lcdNoOfLines_u8                  cstackBANK0  0020
LCD_Printf@argList                          cstackBANK0  0049
LCD_Printf@argp                             cstackBANK0  0059
LCD_Printf@ch                               cstackBANK0  0057
LCD_Printf@ptr                              cstackBANK0  0056
LCD_Printf@str                              cstackBANK0  0048
LCD_Printf@v_numOfDigitsToDisp_u8           cstackBANK0  0058
LCD_Printf@v_num_s16                        cstackBANK0  004E
LCD_Printf@v_num_s32                        cstackBANK0  004A
LCD_Printf@v_num_u16                        cstackBANK0  0054
LCD_Printf@v_num_u32                        cstackBANK0  0050
LCD_SetUp@D0                                cstackBANK0  0022
LCD_SetUp@D1                                cstackBANK0  0023
LCD_SetUp@D2                                cstackBANK0  0024
LCD_SetUp@D3                                cstackBANK0  0025
LCD_SetUp@D4                                cstackBANK0  0026
LCD_SetUp@D5                                cstackBANK0  0027
LCD_SetUp@D6                                cstackBANK0  0028
LCD_SetUp@D7                                cstackBANK0  0029
LCD_SetUp@EN                                cstackBANK0  0021
LCD_SetUp@RS                                cstackCOMMON 0076
LCD_SetUp@RW                                cstackBANK0  0020
UART_Init@var_baudRate_u32                  cstackBANK0  0030
UART_Printf@argList                         cstackBANK0  0049
UART_Printf@argp                            cstackBANK0  0059
UART_Printf@ch                              cstackBANK0  0057
UART_Printf@ptr                             cstackBANK0  0056
UART_Printf@str                             cstackBANK0  0048
UART_Printf@v_numOfDigitsToTransmit_u8      cstackBANK0  0058
UART_Printf@v_num_s16                       cstackBANK0  004E
UART_Printf@v_num_s32                       cstackBANK0  004A
UART_Printf@v_num_u16                       cstackBANK0  0054
UART_Printf@v_num_u32                       cstackBANK0  0050
UART_RxString@ch                            cstackCOMMON 0075
UART_RxString@len                           cstackCOMMON 0074
UART_RxString@ptr_string                    cstackCOMMON 0073
UART_SetBaudRate@RegValue                   cstackBANK0  002C
UART_SetBaudRate@var_baudRate_u32           cstackBANK0  0020
UART_TxChar@var_uartData_u8                 cstackCOMMON 0070
UART_TxNumber@a                             cstackBANK0  0035
UART_TxNumber@i                             cstackBANK0  0042
UART_TxNumber@v_numOfDigitsToTransmit_u8    cstackBANK0  0028
UART_TxNumber@v_number_u32                  cstackBANK0  0024
UART_TxNumber@v_numericSystem_u8            cstackBANK0  0041
UART_TxString@ptr_string                    cstackCOMMON 0072
_ARR_LcdLineNumAddress_U8                   dataBANK0    0064
_DELAY_ms                                   text31       09CD
_DELAY_us                                   text32       09A4
_GPIO_PinDirection                          text30       0F27
_GPIO_PinRead                               text29       0CDB
_GPIO_PinWrite                              text28       00CA
_LCDConfig                                  bssBANK1     00D4
_LCD_Clear                                  text21       09AF
_LCD_CmdWrite                               text23       0ABB
_LCD_DisplayChar                            text15       0005
_LCD_DisplayNumber                          text12       01A3
_LCD_DisplayNumber$268                      cstackBANK0  003F
_LCD_DisplayString                          text11       0A3B
_LCD_GoToLine                               text22       0A0C
_LCD_GoToNextLine                           text18       0A23
_LCD_Init                                   text19       0C2E
_LCD_Printf                                 text10       05BA
_LCD_SetUp                                  text9        0E56
_PORTA                                      (abs)        0005
_PORTB                                      (abs)        0006
_PORTC                                      (abs)        0007
_PORTD                                      (abs)        0008
_PORTE                                      (abs)        0009
_RCIF                                       (abs)        0065
_RCREG                                      (abs)        001A
_RCSTA                                      (abs)        0018
_SPBRG                                      (abs)        0099
_TRISA                                      (abs)        0085
_TRISB                                      (abs)        0086
_TRISC                                      (abs)        0087
_TRISD                                      (abs)        0088
_TRISE                                      (abs)        0089
_TXIF                                       (abs)        0064
_TXREG                                      (abs)        0019
_TXSTA                                      (abs)        0098
_UART_Init                                  text7        09F6
_UART_Printf                                text3        03A5
_UART_RxChar                                text2        0994
_UART_RxString                              text1        0B25
_UART_SetBaudRate                           text8        0D50
_UART_TxChar                                text6        099B
_UART_TxNumber                              text5        02A4
_UART_TxNumber$63                           cstackBANK0  003F
_UART_TxString                              text4        09E1
__CFG_BOREN$OFF                             (abs)        0000
__CFG_CP$OFF                                (abs)        0000
__CFG_CPD$OFF                               (abs)        0000
__CFG_FOSC$HS                               (abs)        0000
__CFG_LVP$ON                                (abs)        0000
__CFG_PWRTE$OFF                             (abs)        0000
__CFG_WDTE$OFF                              (abs)        0000
__CFG_WRT$OFF                               (abs)        0000
__Habs1                                     abs1         0000
__Hbank0                                    bank0        0000
__Hbank1                                    bank1        0000
__Hbank2                                    bank2        0000
__Hbank3                                    bank3        0000
__HbssBANK0                                 bssBANK0     0000
__HbssBANK1                                 bssBANK1     0000
__Hcinit                                    cinit        0800
__Hclrtext                                  clrtext      0000
__Hcode                                     code         0000
__Hcommon                                   common       0000
__Hconfig                                   config       2008
__HcstackBANK0                              cstackBANK0  0000
__HcstackBANK1                              cstackBANK1  0000
__HcstackCOMMON                             cstackCOMMON 0000
__HdataBANK0                                dataBANK0    0000
__Heeprom_data                              eeprom_data  0000
__Hend_init                                 end_init     0003
__Hfunctab                                  functab      0000
__HidataBANK0                               idataBANK0   0000
__Hidloc                                    idloc        0000
__Hinit                                     init         0000
__Hintentry                                 intentry     0000
__Hmaintext                                 maintext     0000
__Hpowerup                                  powerup      0000
__Hram                                      ram          0000
__Hreset_vec                                reset_vec    0000
__Hsfr0                                     sfr0         0000
__Hsfr1                                     sfr1         0000
__Hsfr2                                     sfr2         0000
__Hsfr3                                     sfr3         0000
__Hspace_0                                  (abs)        2008
__Hspace_1                                  (abs)        00E2
__Hspace_2                                  (abs)        0000
__Hspace_3                                  (abs)        0000
__Hstack                                    stack        0000
__Hstrings                                  strings      0000
__Htext                                     text         0000
__Labs1                                     abs1         0000
__Lbank0                                    bank0        0000
__Lbank1                                    bank1        0000
__Lbank2                                    bank2        0000
__Lbank3                                    bank3        0000
__LbssBANK0                                 bssBANK0     0000
__LbssBANK1                                 bssBANK1     0000
__Lcinit                                    cinit        07D2
__Lclrtext                                  clrtext      0000
__Lcode                                     code         0000
__Lcommon                                   common       0000
__Lconfig                                   config       2007
__LcstackBANK0                              cstackBANK0  0000
__LcstackBANK1                              cstackBANK1  0000
__LcstackCOMMON                             cstackCOMMON 0000
__LdataBANK0                                dataBANK0    0000
__Leeprom_data                              eeprom_data  0000
__Lend_init                                 end_init     0000
__Lfunctab                                  functab      0000
__LidataBANK0                               idataBANK0   0000
__Lidloc                                    idloc        0000
__Linit                                     init         0000
__Lintentry                                 intentry     0000
__Lmaintext                                 maintext     0000
__Lpowerup                                  powerup      0000
__Lram                                      ram          0000
__Lreset_vec                                reset_vec    0000
__Lsfr0                                     sfr0         0000
__Lsfr1                                     sfr1         0000
__Lsfr2                                     sfr2         0000
__Lsfr3                                     sfr3         0000
__Lspace_0                                  (abs)        0000
__Lspace_1                                  (abs)        0000
__Lspace_2                                  (abs)        0000
__Lspace_3                                  (abs)        0000
__Lstack                                    stack        0000
__Lstrings                                  strings      0000
__Ltext                                     text         0000
__S0                                        (abs)        2008
__S1                                        (abs)        00E2
__S2                                        (abs)        0000
__S3                                        (abs)        0000
___bmul                                     text14       09BA
___bmul@multiplicand                        cstackBANK0  0020
___bmul@multiplier                          cstackBANK0  0023
___bmul@product                             cstackBANK0  0022
___int_sp                                   stack        0000
___latbits                                  (abs)        0002
___lldiv                                    text13       0C7D
___lldiv@counter                            cstackCOMMON 007D
___lldiv@dividend                           cstackCOMMON 0074
___lldiv@divisor                            cstackCOMMON 0070
___lldiv@quotient                           cstackCOMMON 0079
___sp                                       stack        0000
__end_of_DELAY_ms                           text31       09E1
__end_of_DELAY_us                           text32       09AF
__end_of_GPIO_PinDirection                  text30       1000
__end_of_GPIO_PinRead                       text29       0D50
__end_of_GPIO_PinWrite                      text28       01A3
__end_of_LCD_Clear                          text21       09BA
__end_of_LCD_CmdWrite                       text23       0AF0
__end_of_LCD_DisplayChar                    text15       0026
__end_of_LCD_DisplayNumber                  text12       02A4
__end_of_LCD_DisplayString                  text11       0A60
__end_of_LCD_GoToLine                       text22       0A23
__end_of_LCD_GoToNextLine                   text18       0A3B
__end_of_LCD_Init                           text19       0C7D
__end_of_LCD_Printf                         text10       07D2
__end_of_LCD_SetUp                          text9        0F27
__end_of_UART_Init                          text7        0A0C
__end_of_UART_Printf                        text3        05BA
__end_of_UART_RxChar                        text2        099B
__end_of_UART_RxString                      text1        0B5F
__end_of_UART_SetBaudRate                   text8        0DCA
__end_of_UART_TxChar                        text6        09A4
__end_of_UART_TxNumber                      text5        03A5
__end_of_UART_TxString                      text4        09F6
__end_of___bmul                             text14       09CD
__end_of___lldiv                            text13       0CDB
__end_of__initialization                    cinit        07FC
__end_of__stringtab                         strings      0810
__end_of_lcd_BusyCheck                      text27       0E56
__end_of_lcd_DataWrite                      text16       0B25
__end_of_lcd_Reset                          text20       0C2E
__end_of_lcd_SendCmdSignals                 text26       0A8D
__end_of_lcd_SendDataSignals                text17       0ABB
__end_of_lcd_SendHigherNibble               text25       0B9F
__end_of_lcd_SendLowerNibble                text24       0BDF
__end_of_main                               maintext     00CA
__initialization                            cinit        07D2
__pbssBANK0                                 bssBANK0     0068
__pbssBANK1                                 bssBANK1     00D4
__pcstackBANK0                              cstackBANK0  0020
__pcstackBANK1                              cstackBANK1  00A0
__pcstackCOMMON                             cstackCOMMON 0070
__pdataBANK0                                dataBANK0    0064
__pidataBANK0                               idataBANK0   0990
__pmaintext                                 maintext     0026
__pstrings                                  strings      0800
__ptext1                                    text1        0B25
__ptext10                                   text10       05BA
__ptext11                                   text11       0A3B
__ptext12                                   text12       01A3
__ptext13                                   text13       0C7D
__ptext14                                   text14       09BA
__ptext15                                   text15       0005
__ptext16                                   text16       0AF0
__ptext17                                   text17       0A8D
__ptext18                                   text18       0A23
__ptext19                                   text19       0C2E
__ptext2                                    text2        0994
__ptext20                                   text20       0BDF
__ptext21                                   text21       09AF
__ptext22                                   text22       0A0C
__ptext23                                   text23       0ABB
__ptext24                                   text24       0B9F
__ptext25                                   text25       0B5F
__ptext26                                   text26       0A60
__ptext27                                   text27       0DCA
__ptext28                                   text28       00CA
__ptext29                                   text29       0CDB
__ptext3                                    text3        03A5
__ptext30                                   text30       0F27
__ptext31                                   text31       09CD
__ptext32                                   text32       09A4
__ptext4                                    text4        09E1
__ptext5                                    text5        02A4
__ptext6                                    text6        099B
__ptext7                                    text7        09F6
__ptext8                                    text8        0D50
__ptext9                                    text9        0E56
__size_of_DELAY_ms                          (abs)        0000
__size_of_DELAY_us                          (abs)        0000
__size_of_GPIO_PinDirection                 (abs)        0000
__size_of_GPIO_PinRead                      (abs)        0000
__size_of_GPIO_PinWrite                     (abs)        0000
__size_of_LCD_Clear                         (abs)        0000
__size_of_LCD_CmdWrite                      (abs)        0000
__size_of_LCD_DisplayChar                   (abs)        0000
__size_of_LCD_DisplayNumber                 (abs)        0000
__size_of_LCD_DisplayString                 (abs)        0000
__size_of_LCD_GoToLine                      (abs)        0000
__size_of_LCD_GoToNextLine                  (abs)        0000
__size_of_LCD_Init                          (abs)        0000
__size_of_LCD_Printf                        (abs)        0000
__size_of_LCD_SetUp                         (abs)        0000
__size_of_UART_Init                         (abs)        0000
__size_of_UART_Printf                       (abs)        0000
__size_of_UART_RxChar                       (abs)        0000
__size_of_UART_RxString                     (abs)        0000
__size_of_UART_SetBaudRate                  (abs)        0000
__size_of_UART_TxChar                       (abs)        0000
__size_of_UART_TxNumber                     (abs)        0000
__size_of_UART_TxString                     (abs)        0000
__size_of___bmul                            (abs)        0000
__size_of___lldiv                           (abs)        0000
__size_of_lcd_BusyCheck                     (abs)        0000
__size_of_lcd_DataWrite                     (abs)        0000
__size_of_lcd_Reset                         (abs)        0000
__size_of_lcd_SendCmdSignals                (abs)        0000
__size_of_lcd_SendDataSignals               (abs)        0000
__size_of_lcd_SendHigherNibble              (abs)        0000
__size_of_lcd_SendLowerNibble               (abs)        0000
__size_of_main                              (abs)        0000
__stringbase                                strings      080F
__stringtab                                 strings      0800
_lcd_BusyCheck                              text27       0DCA
_lcd_DataWrite                              text16       0AF0
_lcd_Reset                                  text20       0BDF
_lcd_SendCmdSignals                         text26       0A60
_lcd_SendDataSignals                        text17       0A8D
_lcd_SendHigherNibble                       text25       0B5F
_lcd_SendLowerNibble                        text24       0B9F
_main                                       maintext     0026
_v_LcdTrackCursorPos_U8                     bssBANK0     0068
_v_LcdTrackLineNum_U8                       bssBANK0     0069
btemp                                       (abs)        007E
end_of_initialization                       cinit        07FC
intlevel0                                   functab      0000
intlevel1                                   functab      0000
intlevel2                                   functab      0000
intlevel3                                   functab      0000
intlevel4                                   functab      0000
intlevel5                                   functab      0000
lcd_BusyCheck@busyflag                      cstackCOMMON 0076
lcd_DataWrite@dataByte                      cstackCOMMON 0079
lcd_SendHigherNibble@dataByte               cstackCOMMON 0076
lcd_SendLowerNibble@dataByte                cstackCOMMON 0076
ltemp                                       (abs)        007E
ltemp0                                      (abs)        007E
ltemp1                                      (abs)        0082
ltemp2                                      (abs)        0086
ltemp3                                      (abs)        0080
main@len                                    cstackBANK1  00D2
main@str                                    cstackBANK1  00A0
reset_vec                                   reset_vec    0000
stackhi                                     (abs)        0000
stacklo                                     (abs)        0000
start                                       init         0000
start_initialization                        cinit        07D2
ttemp                                       (abs)        007E
ttemp0                                      (abs)        007E
ttemp1                                      (abs)        0081
ttemp2                                      (abs)        0084
ttemp3                                      (abs)        0087
ttemp4                                      (abs)        007F
wtemp                                       (abs)        007E
wtemp0                                      (abs)        007E
wtemp1                                      (abs)        0080
wtemp2                                      (abs)        0082
wtemp3                                      (abs)        0084
wtemp4                                      (abs)        0086
wtemp5                                      (abs)        0088
wtemp6                                      (abs)        007F


FUNCTION INFORMATION:

 *************** function _main *****************
 Defined at:
		line 40 in file "main.c"
 Parameters:    Size  Location     Type
		None
 Auto vars:     Size  Location     Type
  str            50    0[BANK1 ] unsigned char [50]
  len             2   50[BANK1 ] int 
 Return value:  Size  Location     Type
                  2  442[None  ] int 
 Registers used:
		wreg, fsr0l, fsr0h, status,2, status,0, btemp+1, pclath, cstack
 Tracked objects:
		On entry : 
		On exit  : 
		Unchanged: 
 Data sizes:     COMMON   BANK0   BANK1   BANK3   BANK2
      Params:         0       0       0       0       0
      Locals:         0       0      52       0       0
      Temps:          0      10       0       0       0
      Totals:         0      10      52       0       0
Total ram usage:       62 bytes
 Hardware stack levels required when called:    8
 This function calls:
		_LCD_Clear
		_LCD_DisplayString
		_LCD_Init
		_LCD_Printf
		_LCD_SetUp
		_UART_Init
		_UART_Printf
		_UART_RxString
 This function is called by:
		Startup code after reset
 This function uses a non-reentrant model


 *************** function _UART_RxString *****************
 Defined at:
		line 195 in file "../00-libfiles/uart.c"
 Parameters:    Size  Location     Type
  ptr_string      1    wreg     PTR unsigned char 
		 -> main@str(50), 
 Auto vars:     Size  Location     Type
  ptr_string      1    3[COMMON] PTR unsigned char 
		 -> main@str(50), 
  ch              1    5[COMMON] unsigned char 
  len             1    4[COMMON] unsigned char 
 Return value:  Size  Location     Type
                  1    wreg      unsigned char 
 Registers used:
		wreg, fsr0l, fsr0h, status,2, status,0, pclath, cstack
 Tracked objects:
		On entry : 
		On exit  : 
		Unchanged: 
 Data sizes:     COMMON   BANK0   BANK1   BANK3   BANK2
      Params:         0       0       0       0       0
      Locals:         3       0       0       0       0
      Temps:          2       0       0       0       0
      Totals:         5       0       0       0       0
Total ram usage:        5 bytes
 Hardware stack levels used:    1
 Hardware stack levels required when called:    1
 This function calls:
		_UART_RxChar
		_UART_TxChar
 This function is called by:
		_main
 This function uses a non-reentrant model


 *************** function _UART_RxChar *****************
 Defined at:
		line 120 in file "../00-libfiles/uart.c"
 Parameters:    Size  Location     Type
		None
 Auto vars:     Size  Location     Type
		None
 Return value:  Size  Location     Type
                  1    wreg      unsigned char 
 Registers used:
		wreg
 Tracked objects:
		On entry : 
		On exit  : 
		Unchanged: 
 Data sizes:     COMMON   BANK0   BANK1   BANK3   BANK2
      Params:         0       0       0       0       0
      Locals:         0       0       0       0       0
      Temps:          0       0       0       0       0
      Totals:         0       0       0       0       0
Total ram usage:        0 bytes
 Hardware stack levels used:    1
 This function calls:
		Nothing
 This function is called by:
		_UART_RxString
 This function uses a non-reentrant model


 *************** function _UART_Printf *****************
 Defined at:
		line 409 in file "../00-libfiles/uart.c"
 Parameters:    Size  Location     Type
  argList         1    wreg     PTR const unsigned char 
		 -> STR_2(32), 
 Auto vars:     Size  Location     Type
  argList         1   41[BANK0 ] PTR const unsigned char 
		 -> STR_2(32), 
  v_num_u32       4   48[BANK0 ] unsigned long 
  v_num_s32       4   42[BANK0 ] long 
  v_num_u16       2   52[BANK0 ] unsigned int 
  v_num_s16       2   46[BANK0 ] int 
  argp            1   57[BANK0 ] PTR void [1]
		 -> ?_UART_Printf(1), 
  v_numOfDigit    1   56[BANK0 ] unsigned char 
  ch              1   55[BANK0 ] unsigned char 
  ptr             1   54[BANK0 ] PTR const unsigned char 
		 -> STR_2(32), 
  str             1   40[BANK0 ] PTR unsigned char 
		 -> main@str(50), 
 Return value:  Size  Location     Type
                  1    wreg      void 
 Registers used:
		wreg, fsr0l, fsr0h, status,2, status,0, pclath, cstack
 Tracked objects:
		On entry : 
		On exit  : 
		Unchanged: 
 Data sizes:     COMMON   BANK0   BANK1   BANK3   BANK2
      Params:         0       3       0       0       0
      Locals:         0      18       0       0       0
      Temps:          0       2       0       0       0
      Totals:         0      23       0       0       0
Total ram usage:       23 bytes
 Hardware stack levels used:    1
 Hardware stack levels required when called:    2
 This function calls:
		_UART_TxChar
		_UART_TxNumber
		_UART_TxString
		___bmul
 This function is called by:
		_main
 This function uses a non-reentrant model


 *************** function _UART_TxString *****************
 Defined at:
		line 166 in file "../00-libfiles/uart.c"
 Parameters:    Size  Location     Type
  ptr_string      1    wreg     PTR unsigned char 
		 -> main@str(50), 
 Auto vars:     Size  Location     Type
  ptr_string      1    2[COMMON] PTR unsigned char 
		 -> main@str(50), 
 Return value:  Size  Location     Type
                  1    wreg      void 
 Registers used:
		wreg, fsr0l, fsr0h, status,2, status,0, pclath, cstack
 Tracked objects:
		On entry : 
		On exit  : 
		Unchanged: 
 Data sizes:     COMMON   BANK0   BANK1   BANK3   BANK2
      Params:         0       0       0       0       0
      Locals:         1       0       0       0       0
      Temps:          1       0       0       0       0
      Totals:         2       0       0       0       0
Total ram usage:        2 bytes
 Hardware stack levels used:    1
 Hardware stack levels required when called:    1
 This function calls:
		_UART_TxChar
 This function is called by:
		_UART_Printf
 This function uses a non-reentrant model


 *************** function _UART_TxNumber *****************
 Defined at:
		line 257 in file "../00-libfiles/uart.c"
 Parameters:    Size  Location     Type
  v_numericSys    1    wreg     unsigned char 
  v_number_u32    4    4[BANK0 ] unsigned long 
  v_numOfDigit    1    8[BANK0 ] unsigned char 
 Auto vars:     Size  Location     Type
  v_numericSys    1   33[BANK0 ] unsigned char 
  a              10   21[BANK0 ] unsigned char [10]
  i               1   34[BANK0 ] unsigned char 
 Return value:  Size  Location     Type
                  1    wreg      void 
 Registers used:
		wreg, fsr0l, fsr0h, status,2, status,0, pclath, cstack
 Tracked objects:
		On entry : 
		On exit  : 
		Unchanged: 
 Data sizes:     COMMON   BANK0   BANK1   BANK3   BANK2
      Params:         0       5       0       0       0
      Locals:         0      14       0       0       0
      Temps:          0      12       0       0       0
      Totals:         0      31       0       0       0
Total ram usage:       31 bytes
 Hardware stack levels used:    1
 Hardware stack levels required when called:    1
 This function calls:
		_UART_TxChar
		___bmul
		___lldiv
 This function is called by:
		_UART_Printf
 This function uses a non-reentrant model


 *************** function _UART_TxChar *****************
 Defined at:
		line 142 in file "../00-libfiles/uart.c"
 Parameters:    Size  Location     Type
  var_uartData    1    wreg     unsigned char 
 Auto vars:     Size  Location     Type
  var_uartData    1    0[COMMON] unsigned char 
 Return value:  Size  Location     Type
                  1    wreg      void 
 Registers used:
		wreg
 Tracked objects:
		On entry : 
		On exit  : 
		Unchanged: 
 Data sizes:     COMMON   BANK0   BANK1   BANK3   BANK2
      Params:         0       0       0       0       0
      Locals:         1       0       0       0       0
      Temps:          0       0       0       0       0
      Totals:         1       0       0       0       0
Total ram usage:        1 bytes
 Hardware stack levels used:    1
 This function calls:
		Nothing
 This function is called by:
		_UART_TxString
		_UART_RxString
		_UART_TxNumber
		_UART_Printf
 This function uses a non-reentrant model


 *************** function _UART_Init *****************
 Defined at:
		line 63 in file "../00-libfiles/uart.c"
 Parameters:    Size  Location     Type
  var_baudRate    4   16[BANK0 ] unsigned long 
 Auto vars:     Size  Location     Type
		None
 Return value:  Size  Location     Type
                  1    wreg      void 
 Registers used:
		wreg, status,2, status,0, pclath, cstack
 Tracked objects:
		On entry : 
		On exit  : 
		Unchanged: 
 Data sizes:     COMMON   BANK0   BANK1   BANK3   BANK2
      Params:         0       4       0       0       0
      Locals:         0       0       0       0       0
      Temps:          0       0       0       0       0
      Totals:         0       4       0       0       0
Total ram usage:        4 bytes
 Hardware stack levels used:    1
 Hardware stack levels required when called:    2
 This function calls:
		_UART_SetBaudRate
 This function is called by:
		_main
 This function uses a non-reentrant model


 *************** function _UART_SetBaudRate *****************
 Defined at:
		line 88 in file "../00-libfiles/uart.c"
 Parameters:    Size  Location     Type
  var_baudRate    4    0[BANK0 ] unsigned long 
 Auto vars:     Size  Location     Type
  RegValue        4   12[BANK0 ] unsigned long 
 Return value:  Size  Location     Type
                  1    wreg      void 
 Registers used:
		wreg, status,2, status,0, pclath, cstack
 Tracked objects:
		On entry : 
		On exit  : 
		Unchanged: 
 Data sizes:     COMMON   BANK0   BANK1   BANK3   BANK2
      Params:         0       4       0       0       0
      Locals:         0       4       0       0       0
      Temps:          0       8       0       0       0
      Totals:         0      16       0       0       0
Total ram usage:       16 bytes
 Hardware stack levels used:    1
 Hardware stack levels required when called:    1
 This function calls:
		___lldiv
 This function is called by:
		_UART_Init
 This function uses a non-reentrant model


 *************** function _LCD_SetUp *****************
 Defined at:
		line 129 in file "../00-libfiles/lcd.c"
 Parameters:    Size  Location     Type
  RS              1    wreg     enum E33
  RW              1    0[BANK0 ] enum E33
  EN              1    1[BANK0 ] enum E33
  D0              1    2[BANK0 ] enum E33
  D1              1    3[BANK0 ] enum E33
  D2              1    4[BANK0 ] enum E33
  D3              1    5[BANK0 ] enum E33
  D4              1    6[BANK0 ] enum E33
  D5              1    7[BANK0 ] enum E33
  D6              1    8[BANK0 ] enum E33
  D7              1    9[BANK0 ] enum E33
 Auto vars:     Size  Location     Type
  RS              1    6[COMMON] enum E33
 Return value:  Size  Location     Type
                  1    wreg      void 
 Registers used:
		wreg, fsr0l, fsr0h, status,2, status,0, pclath, cstack
 Tracked objects:
		On entry : 
		On exit  : 
		Unchanged: 
 Data sizes:     COMMON   BANK0   BANK1   BANK3   BANK2
      Params:         0      10       0       0       0
      Locals:         1       0       0       0       0
      Temps:          1       0       0       0       0
      Totals:         2      10       0       0       0
Total ram usage:       12 bytes
 Hardware stack levels used:    1
 Hardware stack levels required when called:    1
 This function calls:
		_GPIO_PinDirection
 This function is called by:
		_main
 This function uses a non-reentrant model


 *************** function _LCD_Printf *****************
 Defined at:
		line 669 in file "../00-libfiles/lcd.c"
 Parameters:    Size  Location     Type
  argList         1    wreg     PTR const unsigned char 
		 -> STR_3(16), 
 Auto vars:     Size  Location     Type
  argList         1   41[BANK0 ] PTR const unsigned char 
		 -> STR_3(16), 
  v_num_u32       4   48[BANK0 ] unsigned long 
  v_num_s32       4   42[BANK0 ] long 
  v_num_u16       2   52[BANK0 ] unsigned int 
  v_num_s16       2   46[BANK0 ] int 
  argp            1   57[BANK0 ] PTR void [1]
		 -> ?_LCD_Printf(1), 
  v_numOfDigit    1   56[BANK0 ] unsigned char 
  ch              1   55[BANK0 ] unsigned char 
  ptr             1   54[BANK0 ] PTR const unsigned char 
		 -> STR_3(16), 
  str             1   40[BANK0 ] PTR unsigned char 
		 -> main@str(50), 
 Return value:  Size  Location     Type
                  1    wreg      void 
 Registers used:
		wreg, fsr0l, fsr0h, status,2, status,0, btemp+1, pclath, cstack
 Tracked objects:
		On entry : 
		On exit  : 
		Unchanged: 
 Data sizes:     COMMON   BANK0   BANK1   BANK3   BANK2
      Params:         0       3       0       0       0
      Locals:         0      18       0       0       0
      Temps:          0       2       0       0       0
      Totals:         0      23       0       0       0
Total ram usage:       23 bytes
 Hardware stack levels used:    1
 Hardware stack levels required when called:    7
 This function calls:
		_LCD_DisplayChar
		_LCD_DisplayNumber
		_LCD_DisplayString
		___bmul
 This function is called by:
		_main
 This function uses a non-reentrant model


 *************** function _LCD_DisplayString *****************
 Defined at:
		line 421 in file "../00-libfiles/lcd.c"
 Parameters:    Size  Location     Type
  ptr_stringPo    2    0[BANK0 ] PTR const unsigned char 
		 -> main@str(50), STR_1(32), 
 Auto vars:     Size  Location     Type
		None
 Return value:  Size  Location     Type
                  1    wreg      void 
 Registers used:
		wreg, fsr0l, fsr0h, status,2, status,0, btemp+1, pclath, cstack
 Tracked objects:
		On entry : 
		On exit  : 
		Unchanged: 
 Data sizes:     COMMON   BANK0   BANK1   BANK3   BANK2
      Params:         0       2       0       0       0
      Locals:         0       0       0       0       0
      Temps:          0       0       0       0       0
      Totals:         0       2       0       0       0
Total ram usage:        2 bytes
 Hardware stack levels used:    1
 Hardware stack levels required when called:    6
 This function calls:
		_LCD_DisplayChar
 This function is called by:
		_LCD_Printf
		_main
 This function uses a non-reentrant model


 *************** function _LCD_DisplayNumber *****************
 Defined at:
		line 523 in file "../00-libfiles/lcd.c"
 Parameters:    Size  Location     Type
  v_numericSys    1    wreg     unsigned char 
  v_number_u32    4    4[BANK0 ] unsigned long 
  v_numOfDigit    1    8[BANK0 ] unsigned char 
 Auto vars:     Size  Location     Type
  v_numericSys    1   33[BANK0 ] unsigned char 
  a              10   21[BANK0 ] unsigned char [10]
  i               1   34[BANK0 ] unsigned char 
 Return value:  Size  Location     Type
                  1    wreg      void 
 Registers used:
		wreg, fsr0l, fsr0h, status,2, status,0, pclath, cstack
 Tracked objects:
		On entry : 
		On exit  : 
		Unchanged: 
 Data sizes:     COMMON   BANK0   BANK1   BANK3   BANK2
      Params:         0       5       0       0       0
      Locals:         0      14       0       0       0
      Temps:          0      12       0       0       0
      Totals:         0      31       0       0       0
Total ram usage:       31 bytes
 Hardware stack levels used:    1
 Hardware stack levels required when called:    6
 This function calls:
		_LCD_DisplayChar
		___bmul
		___lldiv
 This function is called by:
		_LCD_Printf
 This function uses a non-reentrant model


 *************** function ___lldiv *****************
 Defined at:
		line 6 in file "C:\Program Files\Microchip\xc8\v1.36\sources\common\lldiv.c"
 Parameters:    Size  Location     Type
  divisor         4    0[COMMON] unsigned long 
  dividend        4    4[COMMON] unsigned long 
 Auto vars:     Size  Location     Type
  quotient        4    9[COMMON] unsigned long 
  counter         1   13[COMMON] unsigned char 
 Return value:  Size  Location     Type
                  4    0[COMMON] unsigned long 
 Registers used:
		wreg, status,2, status,0
 Tracked objects:
		On entry : 
		On exit  : 
		Unchanged: 
 Data sizes:     COMMON   BANK0   BANK1   BANK3   BANK2
      Params:         8       0       0       0       0
      Locals:         5       0       0       0       0
      Temps:          1       0       0       0       0
      Totals:        14       0       0       0       0
Total ram usage:       14 bytes
 Hardware stack levels used:    1
 This function calls:
		Nothing
 This function is called by:
		_UART_SetBaudRate
		_UART_TxNumber
		_LCD_DisplayNumber
 This function uses a non-reentrant model


 *************** function ___bmul *****************
 Defined at:
		line 4 in file "C:\Program Files\Microchip\xc8\v1.36\sources\common\Umul8.c"
 Parameters:    Size  Location     Type
  multiplier      1    wreg     unsigned char 
  multiplicand    1    0[BANK0 ] unsigned char 
 Auto vars:     Size  Location     Type
  multiplier      1    3[BANK0 ] unsigned char 
  product         1    2[BANK0 ] unsigned char 
 Return value:  Size  Location     Type
                  1    wreg      unsigned char 
 Registers used:
		wreg, status,2, status,0
 Tracked objects:
		On entry : 
		On exit  : 
		Unchanged: 
 Data sizes:     COMMON   BANK0   BANK1   BANK3   BANK2
      Params:         0       1       0       0       0
      Locals:         0       2       0       0       0
      Temps:          0       1       0       0       0
      Totals:         0       4       0       0       0
Total ram usage:        4 bytes
 Hardware stack levels used:    1
 This function calls:
		Nothing
 This function is called by:
		_UART_TxNumber
		_UART_Printf
		_LCD_DisplayNumber
		_LCD_Printf
 This function uses a non-reentrant model


 *************** function _LCD_DisplayChar *****************
 Defined at:
		line 386 in file "../00-libfiles/lcd.c"
 Parameters:    Size  Location     Type
  v_lcdData_u8    1    wreg     unsigned char 
 Auto vars:     Size  Location     Type
  v_lcdData_u8    1   12[COMMON] unsigned char 
 Return value:  Size  Location     Type
                  1    wreg      void 
 Registers used:
		wreg, fsr0l, fsr0h, status,2, status,0, pclath, cstack
 Tracked objects:
		On entry : 
		On exit  : 
		Unchanged: 
 Data sizes:     COMMON   BANK0   BANK1   BANK3   BANK2
      Params:         0       0       0       0       0
      Locals:         1       0       0       0       0
      Temps:          1       0       0       0       0
      Totals:         2       0       0       0       0
Total ram usage:        2 bytes
 Hardware stack levels used:    1
 Hardware stack levels required when called:    5
 This function calls:
		_LCD_GoToNextLine
		_lcd_DataWrite
 This function is called by:
		_LCD_DisplayString
		_LCD_DisplayNumber
		_LCD_Printf
		_LCD_ScrollMessage
 This function uses a non-reentrant model


 *************** function _lcd_DataWrite *****************
 Defined at:
		line 819 in file "../00-libfiles/lcd.c"
 Parameters:    Size  Location     Type
  dataByte        1    wreg     unsigned char 
 Auto vars:     Size  Location     Type
  dataByte        1    9[COMMON] unsigned char 
 Return value:  Size  Location     Type
                  1    wreg      void 
 Registers used:
		wreg, fsr0l, fsr0h, status,2, status,0, pclath, cstack
 Tracked objects:
		On entry : 
		On exit  : 
		Unchanged: 
 Data sizes:     COMMON   BANK0   BANK1   BANK3   BANK2
      Params:         0       0       0       0       0
      Locals:         1       0       0       0       0
      Temps:          2       0       0       0       0
      Totals:         3       0       0       0       0
Total ram usage:        3 bytes
 Hardware stack levels used:    1
 Hardware stack levels required when called:    3
 This function calls:
		_lcd_BusyCheck
		_lcd_SendDataSignals
		_lcd_SendHigherNibble
		_lcd_SendLowerNibble
 This function is called by:
		_LCD_DisplayChar
 This function uses a non-reentrant model


 *************** function _lcd_SendDataSignals *****************
 Defined at:
		line 995 in file "../00-libfiles/lcd.c"
 Parameters:    Size  Location     Type
		None
 Auto vars:     Size  Location     Type
		None
 Return value:  Size  Location     Type
                  1    wreg      void 
 Registers used:
		wreg, fsr0l, fsr0h, status,2, status,0, pclath, cstack
 Tracked objects:
		On entry : 
		On exit  : 
		Unchanged: 
 Data sizes:     COMMON   BANK0   BANK1   BANK3   BANK2
      Params:         0       0       0       0       0
      Locals:         0       0       0       0       0
      Temps:          0       0       0       0       0
      Totals:         0       0       0       0       0
Total ram usage:        0 bytes
 Hardware stack levels used:    1
 Hardware stack levels required when called:    1
 This function calls:
		_DELAY_us
		_GPIO_PinWrite
 This function is called by:
		_lcd_DataWrite
 This function uses a non-reentrant model


 *************** function _LCD_GoToNextLine *****************
 Defined at:
		line 286 in file "../00-libfiles/lcd.c"
 Parameters:    Size  Location     Type
		None
 Auto vars:     Size  Location     Type
		None
 Return value:  Size  Location     Type
                  1    wreg      void 
 Registers used:
		wreg, fsr0l, fsr0h, status,2, status,0, pclath, cstack
 Tracked objects:
		On entry : 
		On exit  : 
		Unchanged: 
 Data sizes:     COMMON   BANK0   BANK1   BANK3   BANK2
      Params:         0       0       0       0       0
      Locals:         0       0       0       0       0
      Temps:          1       0       0       0       0
      Totals:         1       0       0       0       0
Total ram usage:        1 bytes
 Hardware stack levels used:    1
 Hardware stack levels required when called:    4
 This function calls:
		_LCD_CmdWrite
 This function is called by:
		_LCD_DisplayChar
 This function uses a non-reentrant model


 *************** function _LCD_Init *****************
 Defined at:
		line 192 in file "../00-libfiles/lcd.c"
 Parameters:    Size  Location     Type
  v_lcdNoOfLin    1    wreg     unsigned char 
  v_MaxCharsPe    1   12[COMMON] unsigned char 
 Auto vars:     Size  Location     Type
  v_lcdNoOfLin    1    0[BANK0 ] unsigned char 
 Return value:  Size  Location     Type
                  1    wreg      void 
 Registers used:
		wreg, fsr0l, fsr0h, status,2, status,0, pclath, cstack
 Tracked objects:
		On entry : 
		On exit  : 
		Unchanged: 
 Data sizes:     COMMON   BANK0   BANK1   BANK3   BANK2
      Params:         1       0       0       0       0
      Locals:         0       1       0       0       0
      Temps:          1       0       0       0       0
      Totals:         2       1       0       0       0
Total ram usage:        3 bytes
 Hardware stack levels used:    1
 Hardware stack levels required when called:    6
 This function calls:
		_DELAY_ms
		_LCD_Clear
		_LCD_CmdWrite
		_lcd_Reset
 This function is called by:
		_main
 This function uses a non-reentrant model


 *************** function _lcd_Reset *****************
 Defined at:
		line 906 in file "../00-libfiles/lcd.c"
 Parameters:    Size  Location     Type
		None
 Auto vars:     Size  Location     Type
		None
 Return value:  Size  Location     Type
                  1    wreg      void 
 Registers used:
		wreg, fsr0l, fsr0h, status,2, status,0, pclath, cstack
 Tracked objects:
		On entry : 
		On exit  : 
		Unchanged: 
 Data sizes:     COMMON   BANK0   BANK1   BANK3   BANK2
      Params:         0       0       0       0       0
      Locals:         0       0       0       0       0
      Temps:          0       0       0       0       0
      Totals:         0       0       0       0       0
Total ram usage:        0 bytes
 Hardware stack levels used:    1
 Hardware stack levels required when called:    2
 This function calls:
		_DELAY_ms
		_DELAY_us
		_lcd_SendCmdSignals
		_lcd_SendHigherNibble
 This function is called by:
		_LCD_Init
 This function uses a non-reentrant model


 *************** function _LCD_Clear *****************
 Defined at:
		line 231 in file "../00-libfiles/lcd.c"
 Parameters:    Size  Location     Type
		None
 Auto vars:     Size  Location     Type
		None
 Return value:  Size  Location     Type
                  1    wreg      void 
 Registers used:
		wreg, fsr0l, fsr0h, status,2, status,0, pclath, cstack
 Tracked objects:
		On entry : 
		On exit  : 
		Unchanged: 
 Data sizes:     COMMON   BANK0   BANK1   BANK3   BANK2
      Params:         0       0       0       0       0
      Locals:         0       0       0       0       0
      Temps:          0       0       0       0       0
      Totals:         0       0       0       0       0
Total ram usage:        0 bytes
 Hardware stack levels used:    1
 Hardware stack levels required when called:    5
 This function calls:
		_LCD_CmdWrite
		_LCD_GoToLine
 This function is called by:
		_LCD_Init
		_main
 This function uses a non-reentrant model


 *************** function _LCD_GoToLine *****************
 Defined at:
		line 259 in file "../00-libfiles/lcd.c"
 Parameters:    Size  Location     Type
  v_lineNumber    1    wreg     unsigned char 
 Auto vars:     Size  Location     Type
  v_lineNumber    1   11[COMMON] unsigned char 
 Return value:  Size  Location     Type
                  1    wreg      void 
 Registers used:
		wreg, fsr0l, fsr0h, status,2, status,0, pclath, cstack
 Tracked objects:
		On entry : 
		On exit  : 
		Unchanged: 
 Data sizes:     COMMON   BANK0   BANK1   BANK3   BANK2
      Params:         0       0       0       0       0
      Locals:         1       0       0       0       0
      Temps:          1       0       0       0       0
      Totals:         2       0       0       0       0
Total ram usage:        2 bytes
 Hardware stack levels used:    1
 Hardware stack levels required when called:    4
 This function calls:
		_LCD_CmdWrite
 This function is called by:
		_LCD_Clear
		_LCD_ScrollMessage
 This function uses a non-reentrant model


 *************** function _LCD_CmdWrite *****************
 Defined at:
		line 352 in file "../00-libfiles/lcd.c"
 Parameters:    Size  Location     Type
  v_lcdCmd_u8     1    wreg     unsigned char 
 Auto vars:     Size  Location     Type
  v_lcdCmd_u8     1    9[COMMON] unsigned char 
 Return value:  Size  Location     Type
                  1    wreg      void 
 Registers used:
		wreg, fsr0l, fsr0h, status,2, status,0, pclath, cstack
 Tracked objects:
		On entry : 
		On exit  : 
		Unchanged: 
 Data sizes:     COMMON   BANK0   BANK1   BANK3   BANK2
      Params:         0       0       0       0       0
      Locals:         1       0       0       0       0
      Temps:          2       0       0       0       0
      Totals:         3       0       0       0       0
Total ram usage:        3 bytes
 Hardware stack levels used:    1
 Hardware stack levels required when called:    3
 This function calls:
		_lcd_BusyCheck
		_lcd_SendCmdSignals
		_lcd_SendHigherNibble
		_lcd_SendLowerNibble
 This function is called by:
		_LCD_Init
		_LCD_Clear
		_LCD_GoToLine
		_LCD_GoToNextLine
		_LCD_ScrollMessage
 This function uses a non-reentrant model


 *************** function _lcd_SendLowerNibble *****************
 Defined at:
		line 955 in file "../00-libfiles/lcd.c"
 Parameters:    Size  Location     Type
  dataByte        1    wreg     unsigned char 
 Auto vars:     Size  Location     Type
  dataByte        1    6[COMMON] unsigned char 
 Return value:  Size  Location     Type
                  1    wreg      void 
 Registers used:
		wreg, fsr0l, fsr0h, status,2, status,0, pclath, cstack
 Tracked objects:
		On entry : 
		On exit  : 
		Unchanged: 
 Data sizes:     COMMON   BANK0   BANK1   BANK3   BANK2
      Params:         0       0       0       0       0
      Locals:         1       0       0       0       0
      Temps:          1       0       0       0       0
      Totals:         2       0       0       0       0
Total ram usage:        2 bytes
 Hardware stack levels used:    1
 Hardware stack levels required when called:    1
 This function calls:
		_GPIO_PinWrite
 This function is called by:
		_LCD_CmdWrite
		_lcd_DataWrite
 This function uses a non-reentrant model


 *************** function _lcd_SendHigherNibble *****************
 Defined at:
		line 936 in file "../00-libfiles/lcd.c"
 Parameters:    Size  Location     Type
  dataByte        1    wreg     unsigned char 
 Auto vars:     Size  Location     Type
  dataByte        1    6[COMMON] unsigned char 
 Return value:  Size  Location     Type
                  1    wreg      void 
 Registers used:
		wreg, fsr0l, fsr0h, status,2, status,0, pclath, cstack
 Tracked objects:
		On entry : 
		On exit  : 
		Unchanged: 
 Data sizes:     COMMON   BANK0   BANK1   BANK3   BANK2
      Params:         0       0       0       0       0
      Locals:         1       0       0       0       0
      Temps:          1       0       0       0       0
      Totals:         2       0       0       0       0
Total ram usage:        2 bytes
 Hardware stack levels used:    1
 Hardware stack levels required when called:    1
 This function calls:
		_GPIO_PinWrite
 This function is called by:
		_LCD_CmdWrite
		_lcd_DataWrite
		_lcd_Reset
 This function uses a non-reentrant model


 *************** function _lcd_SendCmdSignals *****************
 Defined at:
		line 974 in file "../00-libfiles/lcd.c"
 Parameters:    Size  Location     Type
		None
 Auto vars:     Size  Location     Type
		None
 Return value:  Size  Location     Type
                  1    wreg      void 
 Registers used:
		wreg, fsr0l, fsr0h, status,2, status,0, pclath, cstack
 Tracked objects:
		On entry : 
		On exit  : 
		Unchanged: 
 Data sizes:     COMMON   BANK0   BANK1   BANK3   BANK2
      Params:         0       0       0       0       0
      Locals:         0       0       0       0       0
      Temps:          0       0       0       0       0
      Totals:         0       0       0       0       0
Total ram usage:        0 bytes
 Hardware stack levels used:    1
 Hardware stack levels required when called:    1
 This function calls:
		_DELAY_us
		_GPIO_PinWrite
 This function is called by:
		_LCD_CmdWrite
		_lcd_Reset
 This function uses a non-reentrant model


 *************** function _lcd_BusyCheck *****************
 Defined at:
		line 853 in file "../00-libfiles/lcd.c"
 Parameters:    Size  Location     Type
		None
 Auto vars:     Size  Location     Type
  busyflag        1    6[COMMON] unsigned char 
 Return value:  Size  Location     Type
                  1    wreg      void 
 Registers used:
		wreg, fsr0l, fsr0h, status,2, status,0, pclath, cstack
 Tracked objects:
		On entry : 
		On exit  : 
		Unchanged: 
 Data sizes:     COMMON   BANK0   BANK1   BANK3   BANK2
      Params:         0       0       0       0       0
      Locals:         1       0       0       0       0
      Temps:          1       0       0       0       0
      Totals:         2       0       0       0       0
Total ram usage:        2 bytes
 Hardware stack levels used:    1
 Hardware stack levels required when called:    2
 This function calls:
		_DELAY_ms
		_DELAY_us
		_GPIO_PinDirection
		_GPIO_PinRead
		_GPIO_PinWrite
 This function is called by:
		_LCD_CmdWrite
		_lcd_DataWrite
 This function uses a non-reentrant model


 *************** function _GPIO_PinWrite *****************
 Defined at:
		line 127 in file "../00-libfiles/gpio.c"
 Parameters:    Size  Location     Type
  enm_pinNumbe    1    wreg     enum E1088
  var_pinValue    1    0[COMMON] unsigned char 
 Auto vars:     Size  Location     Type
  enm_pinNumbe    1    4[COMMON] enum E1088
  var_portNumb    1    3[COMMON] unsigned char 
 Return value:  Size  Location     Type
                  1    wreg      void 
 Registers used:
		wreg, fsr0l, fsr0h, status,2, status,0
 Tracked objects:
		On entry : 
		On exit  : 
		Unchanged: 
 Data sizes:     COMMON   BANK0   BANK1   BANK3   BANK2
      Params:         1       0       0       0       0
      Locals:         2       0       0       0       0
      Temps:          2       0       0       0       0
      Totals:         5       0       0       0       0
Total ram usage:        5 bytes
 Hardware stack levels used:    1
 This function calls:
		Nothing
 This function is called by:
		_lcd_BusyCheck
		_lcd_SendHigherNibble
		_lcd_SendLowerNibble
		_lcd_SendCmdSignals
		_lcd_SendDataSignals
 This function uses a non-reentrant model


 *************** function _GPIO_PinRead *****************
 Defined at:
		line 192 in file "../00-libfiles/gpio.c"
 Parameters:    Size  Location     Type
  enm_pinNumbe    1    wreg     enum E1088
 Auto vars:     Size  Location     Type
  enm_pinNumbe    1    4[COMMON] enum E1088
  returnStatus    1    3[COMMON] unsigned char 
  var_portNumb    1    2[COMMON] unsigned char 
 Return value:  Size  Location     Type
                  1    wreg      unsigned char 
 Registers used:
		wreg, fsr0l, fsr0h, status,2, status,0
 Tracked objects:
		On entry : 
		On exit  : 
		Unchanged: 
 Data sizes:     COMMON   BANK0   BANK1   BANK3   BANK2
      Params:         0       0       0       0       0
      Locals:         3       0       0       0       0
      Temps:          2       0       0       0       0
      Totals:         5       0       0       0       0
Total ram usage:        5 bytes
 Hardware stack levels used:    1
 This function calls:
		Nothing
 This function is called by:
		_lcd_BusyCheck
 This function uses a non-reentrant model


 *************** function _GPIO_PinDirection *****************
 Defined at:
		line 60 in file "../00-libfiles/gpio.c"
 Parameters:    Size  Location     Type
  enm_pinNumbe    1    wreg     enum E1088
  var_pinDirn_    1    0[COMMON] unsigned char 
 Auto vars:     Size  Location     Type
  enm_pinNumbe    1    4[COMMON] enum E1088
  var_portNumb    1    3[COMMON] unsigned char 
 Return value:  Size  Location     Type
                  1    wreg      void 
 Registers used:
		wreg, fsr0l, fsr0h, status,2, status,0
 Tracked objects:
		On entry : 
		On exit  : 
		Unchanged: 
 Data sizes:     COMMON   BANK0   BANK1   BANK3   BANK2
      Params:         1       0       0       0       0
      Locals:         2       0       0       0       0
      Temps:          2       0       0       0       0
      Totals:         5       0       0       0       0
Total ram usage:        5 bytes
 Hardware stack levels used:    1
 This function calls:
		Nothing
 This function is called by:
		_LCD_SetUp
		_lcd_BusyCheck
 This function uses a non-reentrant model


 *************** function _DELAY_ms *****************
 Defined at:
		line 75 in file "../00-libfiles/delay.c"
 Parameters:    Size  Location     Type
  ms_count        2    2[COMMON] unsigned int 
 Auto vars:     Size  Location     Type
		None
 Return value:  Size  Location     Type
                  1    wreg      void 
 Registers used:
		wreg, status,2, status,0, pclath, cstack
 Tracked objects:
		On entry : 
		On exit  : 
		Unchanged: 
 Data sizes:     COMMON   BANK0   BANK1   BANK3   BANK2
      Params:         2       0       0       0       0
      Locals:         0       0       0       0       0
      Temps:          0       0       0       0       0
      Totals:         2       0       0       0       0
Total ram usage:        2 bytes
 Hardware stack levels used:    1
 Hardware stack levels required when called:    1
 This function calls:
		_DELAY_us
 This function is called by:
		_LCD_Init
		_lcd_BusyCheck
		_lcd_Reset
		_LCD_ScrollMessage
 This function uses a non-reentrant model


 *************** function _DELAY_us *****************
 Defined at:
		line 56 in file "../00-libfiles/delay.c"
 Parameters:    Size  Location     Type
  us_count        2    0[COMMON] unsigned int 
 Auto vars:     Size  Location     Type
		None
 Return value:  Size  Location     Type
                  1    wreg      void 
 Registers used:
		wreg, status,2, status,0
 Tracked objects:
		On entry : 
		On exit  : 
		Unchanged: 
 Data sizes:     COMMON   BANK0   BANK1   BANK3   BANK2
      Params:         2       0       0       0       0
      Locals:         0       0       0       0       0
      Temps:          0       0       0       0       0
      Totals:         2       0       0       0       0
Total ram usage:        2 bytes
 Hardware stack levels used:    1
 This function calls:
		Nothing
 This function is called by:
		_lcd_BusyCheck
		_lcd_Reset
		_lcd_SendCmdSignals
		_lcd_SendDataSignals
		_DELAY_ms
 This function uses a non-reentrant model



MODULE INFORMATION

Module		Function		Class		Link	Load	Size
../00-libfiles/gpio.c
		_GPIO_PinRead  		CODE           	0CDB	0000	118
		_GPIO_PinWrite 		CODE           	00CA	0000	218
		_GPIO_PinDirection		CODE           	0F27	0000	218

../00-libfiles/gpio.c estimated size: 554

../00-libfiles/lcd.c
		_LCD_Init      		CODE           	0C2E	0000	80
		_lcd_SendHigherNibble		CODE           	0B5F	0000	65
		_lcd_SendCmdSignals		CODE           	0A60	0000	46
		_LCD_SetUp     		CODE           	0E56	0000	210
		_lcd_SendLowerNibble		CODE           	0B9F	0000	65
		_LCD_CmdWrite  		CODE           	0ABB	0000	54
		_LCD_Clear     		CODE           	09AF	0000	12
		_LCD_DisplayString		CODE           	0A3B	0000	38
		_LCD_Printf    		CODE           	05BA	0000	537
		_LCD_DisplayNumber		CODE           	01A3	0000	258
		_LCD_GoToLine  		CODE           	0A0C	0000	24
		_lcd_BusyCheck 		CODE           	0DCA	0000	141
		_LCD_GoToNextLine		CODE           	0A23	0000	25
		_lcd_Reset     		CODE           	0BDF	0000	80
		_lcd_DataWrite 		CODE           	0AF0	0000	54
		_LCD_DisplayChar		CODE           	0005	0000	34
		_lcd_SendDataSignals		CODE           	0A8D	0000	47

../00-libfiles/lcd.c estimated size: 1770

../00-libfiles/uart.c
		_UART_TxString 		CODE           	09E1	0000	22
		_UART_TxNumber 		CODE           	02A4	0000	258
		_UART_Init     		CODE           	09F6	0000	23
		_UART_RxChar   		CODE           	0994	0000	8
		_UART_RxString 		CODE           	0B25	0000	59
		_UART_Printf   		CODE           	03A5	0000	534
		_UART_SetBaudRate		CODE           	0D50	0000	123
		_UART_TxChar   		CODE           	099B	0000	10

../00-libfiles/uart.c estimated size: 1037

../00-libfiles/delay.c
		_DELAY_ms      		CODE           	09CD	0000	21
		_DELAY_us      		CODE           	09A4	0000	12

../00-libfiles/delay.c estimated size: 33

shared
		__stringtab    		STRING         	0800	0000	17
		__initialization		CODE           	07D2	0000	43

shared estimated size: 60

C:\Program Files\Microchip\xc8\v1.36\sources\common\lldiv.c
		___lldiv       		CODE           	0C7D	0000	95

C:\Program Files\Microchip\xc8\v1.36\sources\common\lldiv.c estimated size: 95

C:\Program Files\Microchip\xc8\v1.36\sources\common\Umul8.c
		___bmul        		CODE           	09BA	0000	20

C:\Program Files\Microchip\xc8\v1.36\sources\common\Umul8.c estimated size: 20

main.c
		_main          		CODE           	0026	0000	165

main.c estimated size: 165

