Microchip MPLAB XC8 Compiler V1.36 ()

Linker command line:

-W-3 --edf=C:\Program Files\Microchip\xc8\v1.36\dat\en_msgs.txt -cs \
  -h+dist/default/production\06c-UART_Tx_String.X.production.sym \
  --cmf=dist/default/production\06c-UART_Tx_String.X.production.cmf -z \
  -Q16F877A -oC:\Users\bagwan\AppData\Local\Temp\s7dg.2 \
  -Mdist/default/production/06c-UART_Tx_String.X.production.map -E1 \
  -ver=XC8 -ASTACK=0110h-016fh -pstack=STACK -ACODE=00h-07FFhx4 \
  -ASTRCODE=00h-01FFFh -ASTRING=00h-0FFhx32 -ACONST=00h-0FFhx32 \
  -AENTRY=00h-0FFhx32 -ACOMMON=070h-07Fh -ABANK0=020h-06Fh \
  -ABANK1=0A0h-0EFh -ABANK2=0110h-016Fh -ABANK3=0190h-01EFh \
  -ARAM=020h-06Fh,0A0h-0EFh,0110h-016Fh,0190h-01EFh \
  -AABS1=020h-07Fh,0A0h-0EFh,0110h-016Fh,0190h-01EFh -ASFR0=00h-01Fh \
  -ASFR1=080h-09Fh -ASFR2=0100h-010Fh -ASFR3=0180h-018Fh \
  -preset_vec=00h,intentry,init,end_init -ppowerup=CODE -pcinit=CODE \
  -pfunctab=CODE -ACONFIG=02007h-02007h -pconfig=CONFIG -DCONFIG=2 \
  -AIDLOC=02000h-02003h -pidloc=IDLOC -DIDLOC=2 -AEEDATA=00h-0FFh/02100h \
  -peeprom_data=EEDATA -DEEDATA=2 -DCODE=2 -DSTRCODE=2 -DSTRING=2 -DCONST=2 \
  -DENTRY=2 -k C:\Users\bagwan\AppData\Local\Temp\s7dg.obj \
  dist/default/production\06c-UART_Tx_String.X.production.obj 

Object code version is 3.11

Machine type is 16F877A



                Name                               Link     Load   Length Selector   Space Scale
C:\Users\bagwan\AppData\Local\Temp\s7dg.obj
                end_init                              0        0        3        0       0
                config                             2007     2007        1     400E       0
dist/default/production\06c-UART_Tx_String.X.production.obj
                cinit                               7FC      7FC        4      FF8       0
                text8                               409      409       5E      812       0
                text7                               467      467       7A      8CE       0
                text6                               3DD      3DD       16      7BA       0
                text5                               3AC      3AC        9      758       0
                text4                               3B5      3B5       13      76A       0
                text3                               4E1      4E1      101      9C2       0
                text2                               3C8      3C8       15      790       0
                text1                               5E2      5E2      21A      BC4       0
                maintext                            3F3      3F3       16      7E6       0
                cstackBANK0                          20       20       3A       20       1
                cstackCOMMON                         70       70        E       70       1
                strings                               3        3       3D        6       0

TOTAL           Name                               Link     Load   Length     Space
        CLASS   STACK          

        CLASS   CODE           
                end_init                              0        0        3         0
                cinit                               7FC      7FC        4         0
                text8                               409      409       5E         0
                text7                               467      467       7A         0
                text6                               3DD      3DD       16         0
                text5                               3AC      3AC        9         0
                text4                               3B5      3B5       13         0
                text3                               4E1      4E1      101         0
                text2                               3C8      3C8       15         0
                text1                               5E2      5E2      21A         0
                maintext                            3F3      3F3       16         0

        CLASS   STRCODE        

        CLASS   STRING         
                strings                               3        3       3D         0

        CLASS   CONST          

        CLASS   ENTRY          

        CLASS   COMMON         
                cstackCOMMON                         70       70        E         1

        CLASS   BANK0          
                cstackBANK0                          20       20       3A         1

        CLASS   BANK1          

        CLASS   BANK2          

        CLASS   BANK3          

        CLASS   RAM            

        CLASS   ABS1           
                abs_s1                               7E       7E        2         1

        CLASS   SFR0           

        CLASS   SFR1           

        CLASS   SFR2           

        CLASS   SFR3           

        CLASS   CONFIG         
                config                             2007     2007        1         0

        CLASS   IDLOC          

        CLASS   EEDATA         



SEGMENTS        Name                           Load    Length   Top    Selector   Space  Class     Delta

                reset_vec                      000000  000003  000003         0       0  CODE        2
                strings                        000003  00003D  000040         6       0  STRING      2
                cstackBANK0                    000020  00003A  00005A        20       1  BANK0       1
                cstackCOMMON                   000070  00000E  00007E        70       1  COMMON      1
                text5                          0003AC  000009  0003B5       758       0  CODE        2
                text4                          0003B5  000013  0003C8       76A       0  CODE        2
                text2                          0003C8  000015  0003DD       790       0  CODE        2
                text6                          0003DD  000016  0003F3       7BA       0  CODE        2
                maintext                       0003F3  000016  000409       7E6       0  CODE        2
                text8                          000409  00005E  000467       812       0  CODE        2
                text7                          000467  00007A  0004E1       8CE       0  CODE        2
                text3                          0004E1  000101  0005E2       9C2       0  CODE        2
                text1                          0005E2  00021A  0007FC       BC4       0  CODE        2
                cinit                          0007FC  000004  000800       FF8       0  CODE        2
                config                         002007  000001  002008      400E       0  CONFIG      2


UNUSED ADDRESS RANGES

        Name                Unused          Largest block    Delta
        BANK0            005A-006F             16           1
        BANK1            00A0-00EF             50           1
        BANK2            0110-016F             60           1
        BANK3            0190-01EF             60           1
        CODE             0040-03AB            36C           2
                         0800-1FFF            800
        CONST            0040-03AB            100           2
                         0800-1FFF            100
        EEDATA           2100-21FF            100           2
        ENTRY            0040-03AB            100           2
                         0800-1FFF            100
        IDLOC            2000-2003              4           2
        RAM              005A-006F             16           1
                         00A0-00EF             50
                         0110-016F             60
                         0190-01EF             60
        SFR0             0000-001F             20           1
        SFR1             0080-009F             20           1
        SFR2             0100-010F             10           1
        SFR3             0180-018F             10           1
        STACK            0110-016F             60           1
        STRCODE          0040-03AB            36C           2
                         0800-1FFF           1800
        STRING           0040-03AB            100           2
                         0800-1FFF            100

                                  Symbol Table

?_UART_Printf                              cstackCOMMON 0070
?___lldiv                                  cstackCOMMON 0070
UART_Init@var_baudRate_u32                 cstackBANK0  0030
UART_Printf@argList                        cstackBANK0  0049
UART_Printf@argp                           cstackBANK0  0059
UART_Printf@ch                             cstackBANK0  0057
UART_Printf@ptr                            cstackBANK0  0056
UART_Printf@str                            cstackBANK0  0048
UART_Printf@var_floatNum_f32               cstackBANK0  0045
UART_Printf@var_numOfDigitsToTransmit_u8   cstackBANK0  0058
UART_Printf@var_num_s16                    cstackBANK0  004E
UART_Printf@var_num_s32                    cstackBANK0  004A
UART_Printf@var_num_u16                    cstackBANK0  0054
UART_Printf@var_num_u32                    cstackBANK0  0050
UART_SetBaudRate@RegValue                  cstackBANK0  002C
UART_SetBaudRate@var_baudRate_u32          cstackBANK0  0020
UART_TxChar@var_uartData_u8                cstackCOMMON 0070
UART_TxNumber@a                            cstackBANK0  0035
UART_TxNumber@i                            cstackBANK0  0042
UART_TxNumber@var_numOfDigitsToTransmit_u8 cstackBANK0  0028
UART_TxNumber@var_number_u32               cstackBANK0  0024
UART_TxNumber@var_numericSystem_u8         cstackBANK0  0041
UART_TxString@ptr_stringPointer_u8         cstackCOMMON 0072
_RCIF                                      (abs)        0065
_RCREG                                     (abs)        001A
_RCSTA                                     (abs)        0018
_SPBRG                                     (abs)        0099
_TRISC                                     (abs)        0087
_TXIF                                      (abs)        0064
_TXREG                                     (abs)        0019
_TXSTA                                     (abs)        0098
_UART_Init                                 text6        03DD
_UART_Printf                               text1        05E2
_UART_SetBaudRate                          text7        0467
_UART_TxChar                               text5        03AC
_UART_TxNumber                             text3        04E1
_UART_TxNumber$58                          cstackBANK0  003F
_UART_TxString                             text2        03C8
__CFG_BOREN$OFF                            (abs)        0000
__CFG_CP$OFF                               (abs)        0000
__CFG_CPD$OFF                              (abs)        0000
__CFG_FOSC$HS                              (abs)        0000
__CFG_LVP$ON                               (abs)        0000
__CFG_PWRTE$OFF                            (abs)        0000
__CFG_WDTE$OFF                             (abs)        0000
__CFG_WRT$OFF                              (abs)        0000
__Habs1                                    abs1         0000
__Hbank0                                   bank0        0000
__Hbank1                                   bank1        0000
__Hbank2                                   bank2        0000
__Hbank3                                   bank3        0000
__Hcinit                                   cinit        0800
__Hclrtext                                 clrtext      0000
__Hcode                                    code         0000
__Hcommon                                  common       0000
__Hconfig                                  config       2008
__HcstackBANK0                             cstackBANK0  0000
__HcstackCOMMON                            cstackCOMMON 0000
__Heeprom_data                             eeprom_data  0000
__Hend_init                                end_init     0003
__Hfunctab                                 functab      0000
__Hidloc                                   idloc        0000
__Hinit                                    init         0000
__Hintentry                                intentry     0000
__Hmaintext                                maintext     0000
__Hpowerup                                 powerup      0000
__Hram                                     ram          0000
__Hreset_vec                               reset_vec    0000
__Hsfr0                                    sfr0         0000
__Hsfr1                                    sfr1         0000
__Hsfr2                                    sfr2         0000
__Hsfr3                                    sfr3         0000
__Hspace_0                                 (abs)        2008
__Hspace_1                                 (abs)        007E
__Hspace_2                                 (abs)        0000
__Hspace_3                                 (abs)        0000
__Hstack                                   stack        0000
__Hstrings                                 strings      0000
__Htext                                    text         0000
__Labs1                                    abs1         0000
__Lbank0                                   bank0        0000
__Lbank1                                   bank1        0000
__Lbank2                                   bank2        0000
__Lbank3                                   bank3        0000
__Lcinit                                   cinit        07FC
__Lclrtext                                 clrtext      0000
__Lcode                                    code         0000
__Lcommon                                  common       0000
__Lconfig                                  config       2007
__LcstackBANK0                             cstackBANK0  0000
__LcstackCOMMON                            cstackCOMMON 0000
__Leeprom_data                             eeprom_data  0000
__Lend_init                                end_init     0000
__Lfunctab                                 functab      0000
__Lidloc                                   idloc        0000
__Linit                                    init         0000
__Lintentry                                intentry     0000
__Lmaintext                                maintext     0000
__Lpowerup                                 powerup      0000
__Lram                                     ram          0000
__Lreset_vec                               reset_vec    0000
__Lsfr0                                    sfr0         0000
__Lsfr1                                    sfr1         0000
__Lsfr2                                    sfr2         0000
__Lsfr3                                    sfr3         0000
__Lspace_0                                 (abs)        0000
__Lspace_1                                 (abs)        0000
__Lspace_2                                 (abs)        0000
__Lspace_3                                 (abs)        0000
__Lstack                                   stack        0000
__Lstrings                                 strings      0000
__Ltext                                    text         0000
__S0                                       (abs)        2008
__S1                                       (abs)        007E
__S2                                       (abs)        0000
__S3                                       (abs)        0000
___bmul                                    text4        03B5
___bmul@multiplicand                       cstackBANK0  0020
___bmul@multiplier                         cstackBANK0  0023
___bmul@product                            cstackBANK0  0022
___int_sp                                  stack        0000
___latbits                                 (abs)        0002
___lldiv                                   text8        0409
___lldiv@counter                           cstackCOMMON 007D
___lldiv@dividend                          cstackCOMMON 0074
___lldiv@divisor                           cstackCOMMON 0070
___lldiv@quotient                          cstackCOMMON 0079
___sp                                      stack        0000
__end_of_UART_Init                         text6        03F3
__end_of_UART_Printf                       text1        07FC
__end_of_UART_SetBaudRate                  text7        04E1
__end_of_UART_TxChar                       text5        03B5
__end_of_UART_TxNumber                     text3        05E2
__end_of_UART_TxString                     text2        03DD
__end_of___bmul                            text4        03C8
__end_of___lldiv                           text8        0467
__end_of__initialization                   cinit        07FC
__end_of__stringtab                        strings      0009
__end_of_main                              maintext     0409
__initialization                           cinit        07FC
__pcstackBANK0                             cstackBANK0  0020
__pcstackCOMMON                            cstackCOMMON 0070
__pmaintext                                maintext     03F3
__pstrings                                 strings      0003
__ptext1                                   text1        05E2
__ptext2                                   text2        03C8
__ptext3                                   text3        04E1
__ptext4                                   text4        03B5
__ptext5                                   text5        03AC
__ptext6                                   text6        03DD
__ptext7                                   text7        0467
__ptext8                                   text8        0409
__size_of_UART_Init                        (abs)        0000
__size_of_UART_Printf                      (abs)        0000
__size_of_UART_SetBaudRate                 (abs)        0000
__size_of_UART_TxChar                      (abs)        0000
__size_of_UART_TxNumber                    (abs)        0000
__size_of_UART_TxString                    (abs)        0000
__size_of___bmul                           (abs)        0000
__size_of___lldiv                          (abs)        0000
__size_of_main                             (abs)        0000
__stringbase                               strings      0008
__stringtab                                strings      0003
_main                                      maintext     03F3
btemp                                      (abs)        007E
end_of_initialization                      cinit        07FC
intlevel0                                  functab      0000
intlevel1                                  functab      0000
intlevel2                                  functab      0000
intlevel3                                  functab      0000
intlevel4                                  functab      0000
intlevel5                                  functab      0000
ltemp                                      (abs)        007E
ltemp0                                     (abs)        007E
ltemp1                                     (abs)        0082
ltemp2                                     (abs)        0086
ltemp3                                     (abs)        0080
reset_vec                                  reset_vec    0000
stackhi                                    (abs)        0000
stacklo                                    (abs)        0000
start                                      init         0000
start_initialization                       cinit        07FC
ttemp                                      (abs)        007E
ttemp0                                     (abs)        007E
ttemp1                                     (abs)        0081
ttemp2                                     (abs)        0084
ttemp3                                     (abs)        0087
ttemp4                                     (abs)        007F
wtemp                                      (abs)        007E
wtemp0                                     (abs)        007E
wtemp1                                     (abs)        0080
wtemp2                                     (abs)        0082
wtemp3                                     (abs)        0084
wtemp4                                     (abs)        0086
wtemp5                                     (abs)        0088
wtemp6                                     (abs)        007F


FUNCTION INFORMATION:

 *************** function _main *****************
 Defined at:
		line 39 in file "main.c"
 Parameters:    Size  Location     Type
		None
 Auto vars:     Size  Location     Type
		None
 Return value:  Size  Location     Type
                  2  121[None  ] int 
 Registers used:
		wreg, fsr0l, fsr0h, status,2, status,0, pclath, cstack
 Tracked objects:
		On entry : 
		On exit  : 
		Unchanged: 
 Data sizes:     COMMON   BANK0   BANK1   BANK3   BANK2
      Params:         0       0       0       0       0
      Locals:         0       0       0       0       0
      Temps:          0       0       0       0       0
      Totals:         0       0       0       0       0
Total ram usage:        0 bytes
 Hardware stack levels required when called:    3
 This function calls:
		_UART_Init
		_UART_Printf
 This function is called by:
		Startup code after reset
 This function uses a non-reentrant model


 *************** function _UART_Printf *****************
 Defined at:
		line 397 in file "../00-libfiles/uart.c"
 Parameters:    Size  Location     Type
  argList         1    wreg     PTR const unsigned char 
		 -> STR_1(55), 
 Auto vars:     Size  Location     Type
  argList         1   41[BANK0 ] PTR const unsigned char 
		 -> STR_1(55), 
  var_num_u32     4   48[BANK0 ] unsigned long 
  var_num_s32     4   42[BANK0 ] long 
  var_floatNum    3   37[BANK0 ] long 
  var_num_u16     2   52[BANK0 ] unsigned int 
  var_num_s16     2   46[BANK0 ] int 
  argp            1   57[BANK0 ] PTR void [1]
		 -> ?_UART_Printf(1), 
  var_numOfDig    1   56[BANK0 ] unsigned char 
  ch              1   55[BANK0 ] unsigned char 
  ptr             1   54[BANK0 ] PTR const unsigned char 
		 -> STR_1(55), 
  str             1   40[BANK0 ] PTR unsigned char 
 Return value:  Size  Location     Type
                  1    wreg      void 
 Registers used:
		wreg, fsr0l, fsr0h, status,2, status,0, pclath, cstack
 Tracked objects:
		On entry : 
		On exit  : 
		Unchanged: 
 Data sizes:     COMMON   BANK0   BANK1   BANK3   BANK2
      Params:         0       0       0       0       0
      Locals:         0      21       0       0       0
      Temps:          0       2       0       0       0
      Totals:         0      23       0       0       0
Total ram usage:       23 bytes
 Hardware stack levels used:    1
 Hardware stack levels required when called:    2
 This function calls:
		_UART_TxChar
		_UART_TxNumber
		_UART_TxString
		___bmul
 This function is called by:
		_main
 This function uses a non-reentrant model


 *************** function _UART_TxString *****************
 Defined at:
		line 165 in file "../00-libfiles/uart.c"
 Parameters:    Size  Location     Type
  ptr_stringPo    1    wreg     PTR const unsigned char 
 Auto vars:     Size  Location     Type
  ptr_stringPo    1    2[COMMON] PTR const unsigned char 
 Return value:  Size  Location     Type
                  1    wreg      void 
 Registers used:
		wreg, fsr0l, fsr0h, status,2, status,0, pclath, cstack
 Tracked objects:
		On entry : 
		On exit  : 
		Unchanged: 
 Data sizes:     COMMON   BANK0   BANK1   BANK3   BANK2
      Params:         0       0       0       0       0
      Locals:         1       0       0       0       0
      Temps:          1       0       0       0       0
      Totals:         2       0       0       0       0
Total ram usage:        2 bytes
 Hardware stack levels used:    1
 Hardware stack levels required when called:    1
 This function calls:
		_UART_TxChar
 This function is called by:
		_UART_Printf
 This function uses a non-reentrant model


 *************** function _UART_TxNumber *****************
 Defined at:
		line 247 in file "../00-libfiles/uart.c"
 Parameters:    Size  Location     Type
  var_numericS    1    wreg     unsigned char 
  var_number_u    4    4[BANK0 ] unsigned long 
  var_numOfDig    1    8[BANK0 ] unsigned char 
 Auto vars:     Size  Location     Type
  var_numericS    1   33[BANK0 ] unsigned char 
  a              10   21[BANK0 ] unsigned char [10]
  i               1   34[BANK0 ] unsigned char 
 Return value:  Size  Location     Type
                  1    wreg      void 
 Registers used:
		wreg, fsr0l, fsr0h, status,2, status,0, pclath, cstack
 Tracked objects:
		On entry : 
		On exit  : 
		Unchanged: 
 Data sizes:     COMMON   BANK0   BANK1   BANK3   BANK2
      Params:         0       5       0       0       0
      Locals:         0      14       0       0       0
      Temps:          0      12       0       0       0
      Totals:         0      31       0       0       0
Total ram usage:       31 bytes
 Hardware stack levels used:    1
 Hardware stack levels required when called:    1
 This function calls:
		_UART_TxChar
		___bmul
		___lldiv
 This function is called by:
		_UART_Printf
 This function uses a non-reentrant model


 *************** function ___bmul *****************
 Defined at:
		line 4 in file "C:\Program Files\Microchip\xc8\v1.36\sources\common\Umul8.c"
 Parameters:    Size  Location     Type
  multiplier      1    wreg     unsigned char 
  multiplicand    1    0[BANK0 ] unsigned char 
 Auto vars:     Size  Location     Type
  multiplier      1    3[BANK0 ] unsigned char 
  product         1    2[BANK0 ] unsigned char 
 Return value:  Size  Location     Type
                  1    wreg      unsigned char 
 Registers used:
		wreg, status,2, status,0
 Tracked objects:
		On entry : 
		On exit  : 
		Unchanged: 
 Data sizes:     COMMON   BANK0   BANK1   BANK3   BANK2
      Params:         0       1       0       0       0
      Locals:         0       2       0       0       0
      Temps:          0       1       0       0       0
      Totals:         0       4       0       0       0
Total ram usage:        4 bytes
 Hardware stack levels used:    1
 This function calls:
		Nothing
 This function is called by:
		_UART_TxNumber
		_UART_Printf
 This function uses a non-reentrant model


 *************** function _UART_TxChar *****************
 Defined at:
		line 141 in file "../00-libfiles/uart.c"
 Parameters:    Size  Location     Type
  var_uartData    1    wreg     unsigned char 
 Auto vars:     Size  Location     Type
  var_uartData    1    0[COMMON] unsigned char 
 Return value:  Size  Location     Type
                  1    wreg      void 
 Registers used:
		wreg
 Tracked objects:
		On entry : 
		On exit  : 
		Unchanged: 
 Data sizes:     COMMON   BANK0   BANK1   BANK3   BANK2
      Params:         0       0       0       0       0
      Locals:         1       0       0       0       0
      Temps:          0       0       0       0       0
      Totals:         1       0       0       0       0
Total ram usage:        1 bytes
 Hardware stack levels used:    1
 This function calls:
		Nothing
 This function is called by:
		_UART_TxString
		_UART_TxNumber
		_UART_Printf
 This function uses a non-reentrant model


 *************** function _UART_Init *****************
 Defined at:
		line 62 in file "../00-libfiles/uart.c"
 Parameters:    Size  Location     Type
  var_baudRate    4   16[BANK0 ] unsigned long 
 Auto vars:     Size  Location     Type
		None
 Return value:  Size  Location     Type
                  1    wreg      void 
 Registers used:
		wreg, status,2, status,0, pclath, cstack
 Tracked objects:
		On entry : 
		On exit  : 
		Unchanged: 
 Data sizes:     COMMON   BANK0   BANK1   BANK3   BANK2
      Params:         0       4       0       0       0
      Locals:         0       0       0       0       0
      Temps:          0       0       0       0       0
      Totals:         0       4       0       0       0
Total ram usage:        4 bytes
 Hardware stack levels used:    1
 Hardware stack levels required when called:    2
 This function calls:
		_UART_SetBaudRate
 This function is called by:
		_main
 This function uses a non-reentrant model


 *************** function _UART_SetBaudRate *****************
 Defined at:
		line 87 in file "../00-libfiles/uart.c"
 Parameters:    Size  Location     Type
  var_baudRate    4    0[BANK0 ] unsigned long 
 Auto vars:     Size  Location     Type
  RegValue        4   12[BANK0 ] unsigned long 
 Return value:  Size  Location     Type
                  1    wreg      void 
 Registers used:
		wreg, status,2, status,0, pclath, cstack
 Tracked objects:
		On entry : 
		On exit  : 
		Unchanged: 
 Data sizes:     COMMON   BANK0   BANK1   BANK3   BANK2
      Params:         0       4       0       0       0
      Locals:         0       4       0       0       0
      Temps:          0       8       0       0       0
      Totals:         0      16       0       0       0
Total ram usage:       16 bytes
 Hardware stack levels used:    1
 Hardware stack levels required when called:    1
 This function calls:
		___lldiv
 This function is called by:
		_UART_Init
 This function uses a non-reentrant model


 *************** function ___lldiv *****************
 Defined at:
		line 6 in file "C:\Program Files\Microchip\xc8\v1.36\sources\common\lldiv.c"
 Parameters:    Size  Location     Type
  divisor         4    0[COMMON] unsigned long 
  dividend        4    4[COMMON] unsigned long 
 Auto vars:     Size  Location     Type
  quotient        4    9[COMMON] unsigned long 
  counter         1   13[COMMON] unsigned char 
 Return value:  Size  Location     Type
                  4    0[COMMON] unsigned long 
 Registers used:
		wreg, status,2, status,0
 Tracked objects:
		On entry : 
		On exit  : 
		Unchanged: 
 Data sizes:     COMMON   BANK0   BANK1   BANK3   BANK2
      Params:         8       0       0       0       0
      Locals:         5       0       0       0       0
      Temps:          1       0       0       0       0
      Totals:        14       0       0       0       0
Total ram usage:       14 bytes
 Hardware stack levels used:    1
 This function calls:
		Nothing
 This function is called by:
		_UART_SetBaudRate
		_UART_TxNumber
 This function uses a non-reentrant model



MODULE INFORMATION

Module		Function		Class		Link	Load	Size
../00-libfiles/uart.c
		_UART_TxString 		CODE           	03C8	0000	22
		_UART_TxNumber 		CODE           	04E1	0000	258
		_UART_Init     		CODE           	03DD	0000	23
		_UART_Printf   		CODE           	05E2	0000	539
		_UART_SetBaudRate		CODE           	0467	0000	123
		_UART_TxChar   		CODE           	03AC	0000	10

../00-libfiles/uart.c estimated size: 975

shared
		__stringtab    		STRING         	0003	0000	7
		__initialization		CODE           	07FC	0000	1

shared estimated size: 8

C:\Program Files\Microchip\xc8\v1.36\sources\common\lldiv.c
		___lldiv       		CODE           	0409	0000	95

C:\Program Files\Microchip\xc8\v1.36\sources\common\lldiv.c estimated size: 95

C:\Program Files\Microchip\xc8\v1.36\sources\common\Umul8.c
		___bmul        		CODE           	03B5	0000	20

C:\Program Files\Microchip\xc8\v1.36\sources\common\Umul8.c estimated size: 20

main.c
		_main          		CODE           	03F3	0000	23

main.c estimated size: 23

