Microchip MPLAB XC8 Compiler V1.36 ()

Linker command line:

-W-3 --edf=C:\Program Files\Microchip\xc8\v1.36\dat\en_msgs.txt -cs \
  -h+dist/default/production\05b-Lcd_4bit_UpCounter.X.production.sym \
  --cmf=dist/default/production\05b-Lcd_4bit_UpCounter.X.production.cmf -z \
  -Q16F877A -oC:\Users\bagwan\AppData\Local\Temp\s9og.2 \
  -Mdist/default/production/05b-Lcd_4bit_UpCounter.X.production.map -E1 \
  -ver=XC8 -ASTACK=0110h-016fh -pstack=STACK -ACODE=00h-07FFhx4 \
  -ASTRCODE=00h-01FFFh -ASTRING=00h-0FFhx32 -ACONST=00h-0FFhx32 \
  -AENTRY=00h-0FFhx32 -ACOMMON=070h-07Fh -ABANK0=020h-06Fh \
  -ABANK1=0A0h-0EFh -ABANK2=0110h-016Fh -ABANK3=0190h-01EFh \
  -ARAM=020h-06Fh,0A0h-0EFh,0110h-016Fh,0190h-01EFh \
  -AABS1=020h-07Fh,0A0h-0EFh,0110h-016Fh,0190h-01EFh -ASFR0=00h-01Fh \
  -ASFR1=080h-09Fh -ASFR2=0100h-010Fh -ASFR3=0180h-018Fh \
  -preset_vec=00h,intentry,init,end_init -ppowerup=CODE -pcinit=CODE \
  -pfunctab=CODE -ACONFIG=02007h-02007h -pconfig=CONFIG -DCONFIG=2 \
  -AIDLOC=02000h-02003h -pidloc=IDLOC -DIDLOC=2 -AEEDATA=00h-0FFh/02100h \
  -peeprom_data=EEDATA -DEEDATA=2 -DCODE=2 -DSTRCODE=2 -DSTRING=2 -DCONST=2 \
  -DENTRY=2 -k C:\Users\bagwan\AppData\Local\Temp\s9og.obj \
  dist/default/production\05b-Lcd_4bit_UpCounter.X.production.obj 

Object code version is 3.11

Machine type is 16F877A



                Name                               Link     Load   Length Selector   Space Scale
C:\Users\bagwan\AppData\Local\Temp\s9og.obj
                end_init                              0        0        3        0       0
                config                             2007     2007        1     400E       0
dist/default/production\05b-Lcd_4bit_UpCounter.X.production.obj
                cinit                               7DB      7DB       25      FB6       0
                text31                              A3C      A3C        B     1478       0
                text30                              A65      A65       14     14CA       0
                text29                              1FC      1FC       D9      3F8       0
                text28                              DD2      DD2       75     1BA4       0
                text27                              2D5      2D5       D9      5AA       0
                text26                              E47      E47       8C     1C8E       0
                text25                              B0C      B0C       2D     1618       0
                text24                              BD1      BD1       40     17A2       0
                text23                              C11      C11       40     1822       0
                text22                              B67      B67       35     16CE       0
                text21                              A8D      A8D       15     151A       0
                text20                              A47      A47        B     148E       0
                text19                              C51      C51       4F     18A2       0
                text18                                9        9       51       12       0
                text17                              A79      A79       14     14F2       0
                text16                              B39      B39       2E     1672       0
                text15                              B9C      B9C       35     1738       0
                text14                              AA2      AA2       1F     1544       0
                text13                              A52      A52       13     14A4       0
                text12                              CA0      CA0       5E     1940       0
                text11                              3AE      3AE       F2      75C       0
                text10                              D66      D66       6C     1ACC       0
                text9                               4A0      4A0      109      940       0
                text8                                5A       5A       D1       B4       0
                text7                               A32      A32        A     1464       0
                text6                               ED3      ED3       8E     1DA6       0
                text5                               AE1      AE1       2B     15C2       0
                text4                               F61      F61       9F     1EC2       0
                text3                               AC1      AC1       20     1582       0
                text2                               5A9      5A9      232      B52       0
                text1                               12B      12B       D1      256       0
                maintext                            CFE      CFE       68     19FC       0
                cstackBANK0                          20       20       50       20       1
                cstackCOMMON                         70       70        E       70       1
                clrtext                             A2A      A2A        8     1454       0
                dataBANK1                            B0       B0        4       A0       1
                bssBANK1                             A0       A0       10       A0       1
                strings                             800      800       18     1000       0
                idataBANK1                            5        5        4        A       0

TOTAL           Name                               Link     Load   Length     Space
        CLASS   STACK          

        CLASS   CODE           
                end_init                              0        0        3         0
                cinit                               7DB      7DB       25         0
                text31                              A3C      A3C        B         0
                text30                              A65      A65       14         0
                text29                              1FC      1FC       D9         0
                text28                              DD2      DD2       75         0
                text27                              2D5      2D5       D9         0
                text26                              E47      E47       8C         0
                text25                              B0C      B0C       2D         0
                text24                              BD1      BD1       40         0
                text23                              C11      C11       40         0
                text22                              B67      B67       35         0
                text21                              A8D      A8D       15         0
                text20                              A47      A47        B         0
                text19                              C51      C51       4F         0
                text18                                9        9       51         0
                text17                              A79      A79       14         0
                text16                              B39      B39       2E         0
                text15                              B9C      B9C       35         0
                text14                              AA2      AA2       1F         0
                text13                              A52      A52       13         0
                text12                              CA0      CA0       5E         0
                text11                              3AE      3AE       F2         0
                text10                              D66      D66       6C         0
                text9                               4A0      4A0      109         0
                text8                                5A       5A       D1         0
                text7                               A32      A32        A         0
                text6                               ED3      ED3       8E         0
                text5                               AE1      AE1       2B         0
                text4                               F61      F61       9F         0
                text3                               AC1      AC1       20         0
                text2                               5A9      5A9      232         0
                text1                               12B      12B       D1         0
                maintext                            CFE      CFE       68         0
                clrtext                             A2A      A2A        8         0
                idataBANK1                            5        5        4         0

        CLASS   STRCODE        

        CLASS   STRING         
                strings                             800      800       18         0

        CLASS   CONST          

        CLASS   ENTRY          

        CLASS   COMMON         
                cstackCOMMON                         70       70        E         1

        CLASS   BANK0          
                cstackBANK0                          20       20       50         1

        CLASS   BANK1          
                dataBANK1                            B0       B0        4         1
                bssBANK1                             A0       A0       10         1

        CLASS   BANK2          

        CLASS   BANK3          

        CLASS   RAM            

        CLASS   ABS1           
                abs_s1                               7E       7E        2         1

        CLASS   SFR0           

        CLASS   SFR1           

        CLASS   SFR2           

        CLASS   SFR3           

        CLASS   CONFIG         
                config                             2007     2007        1         0

        CLASS   IDLOC          

        CLASS   EEDATA         



SEGMENTS        Name                           Load    Length   Top    Selector   Space  Class     Delta

                reset_vec                      000000  000003  000003         0       0  CODE        2
                idataBANK1                     000005  000004  000009         A       0  CODE        2
                text18                         000009  000051  00005A        12       0  CODE        2
                cstackBANK0                    000020  000050  000070        20       1  BANK0       1
                cstackCOMMON                   000070  00000E  00007E        70       1  COMMON      1
                bssBANK1                       0000A0  000014  0000B4        A0       1  BANK1       1
                text8                          00005A  0000D1  00012B        B4       0  CODE        2
                text1                          00012B  0000D1  0001FC       256       0  CODE        2
                text29                         0001FC  0000D9  0002D5       3F8       0  CODE        2
                text27                         0002D5  0000D9  0003AE       5AA       0  CODE        2
                text11                         0003AE  0000F2  0004A0       75C       0  CODE        2
                text9                          0004A0  000109  0005A9       940       0  CODE        2
                text2                          0005A9  000232  0007DB       B52       0  CODE        2
                cinit                          0007DB  000025  000800       FB6       0  CODE        2
                strings                        000800  000018  000818      1000       0  STRING      2
                clrtext                        000A2A  000008  000A32      1454       0  CODE        2
                text7                          000A32  00000A  000A3C      1464       0  CODE        2
                text31                         000A3C  00000B  000A47      1478       0  CODE        2
                text20                         000A47  00000B  000A52      148E       0  CODE        2
                text13                         000A52  000013  000A65      14A4       0  CODE        2
                text30                         000A65  000014  000A79      14CA       0  CODE        2
                text17                         000A79  000014  000A8D      14F2       0  CODE        2
                text21                         000A8D  000015  000AA2      151A       0  CODE        2
                text14                         000AA2  00001F  000AC1      1544       0  CODE        2
                text3                          000AC1  000020  000AE1      1582       0  CODE        2
                text5                          000AE1  00002B  000B0C      15C2       0  CODE        2
                text25                         000B0C  00002D  000B39      1618       0  CODE        2
                text16                         000B39  00002E  000B67      1672       0  CODE        2
                text22                         000B67  000035  000B9C      16CE       0  CODE        2
                text15                         000B9C  000035  000BD1      1738       0  CODE        2
                text24                         000BD1  000040  000C11      17A2       0  CODE        2
                text23                         000C11  000040  000C51      1822       0  CODE        2
                text19                         000C51  00004F  000CA0      18A2       0  CODE        2
                text12                         000CA0  00005E  000CFE      1940       0  CODE        2
                maintext                       000CFE  000068  000D66      19FC       0  CODE        2
                text10                         000D66  00006C  000DD2      1ACC       0  CODE        2
                text28                         000DD2  000075  000E47      1BA4       0  CODE        2
                text26                         000E47  00008C  000ED3      1C8E       0  CODE        2
                text6                          000ED3  00008E  000F61      1DA6       0  CODE        2
                text4                          000F61  00009F  001000      1EC2       0  CODE        2
                config                         002007  000001  002008      400E       0  CONFIG      2


UNUSED ADDRESS RANGES

        Name                Unused          Largest block    Delta
        BANK1            00B4-00EF             3C           1
        BANK2            0110-016F             60           1
        BANK3            0190-01EF             60           1
        CODE             0003-0004              2           2
                         0818-0A29            212
                         1000-1FFF            800
        CONST            0003-0004              2           2
                         0818-0A29            100
                         1000-1FFF            100
        EEDATA           2100-21FF            100           2
        ENTRY            0003-0004              2           2
                         0818-0A29            100
                         1000-1FFF            100
        IDLOC            2000-2003              4           2
        RAM              00B4-00EF             3C           1
                         0110-016F             60
                         0190-01EF             60
        SFR0             0000-001F             20           1
        SFR1             0080-009F             20           1
        SFR2             0100-010F             10           1
        SFR3             0180-018F             10           1
        STACK            0110-016F             60           1
        STRCODE          0003-0004              2           2
                         0818-0A29            212
                         1000-1FFF           1000
        STRING           0003-0004              2           2
                         0818-0A29            100
                         1000-1FFF            100

                                  Symbol Table

?_LCD_Printf                                cstackBANK0  004B
?___ftadd                                   cstackBANK0  0023
?___ftmul                                   cstackCOMMON 0078
?___ftneg                                   cstackBANK0  0020
?___ftpack                                  cstackCOMMON 0070
?___fttol                                   cstackBANK0  002A
?___lldiv                                   cstackCOMMON 0070
?___lltoft                                  cstackCOMMON 0078
DELAY_ms@ms_count                           cstackCOMMON 0072
DELAY_us@us_count                           cstackCOMMON 0070
GPIO_PinDirection@enm_pinNumber             cstackCOMMON 0074
GPIO_PinDirection@var_pinDirn_u8            cstackCOMMON 0070
GPIO_PinDirection@var_portNumber_u8         cstackCOMMON 0073
GPIO_PinRead@enm_pinNumber                  cstackCOMMON 0074
GPIO_PinRead@returnStatus                   cstackCOMMON 0073
GPIO_PinRead@var_portNumber_u8              cstackCOMMON 0072
GPIO_PinWrite@enm_pinNumber                 cstackCOMMON 0074
GPIO_PinWrite@var_pinValue_u8               cstackCOMMON 0070
GPIO_PinWrite@var_portNumber_u8             cstackCOMMON 0073
LCD_CmdWrite@v_lcdCmd_u8                    cstackCOMMON 0079
LCD_DisplayChar@v_lcdData_u8                cstackCOMMON 007C
LCD_DisplayFloatNumber@v_decNumber_u32      cstackBANK0  0047
LCD_DisplayFloatNumber@v_floatNum_f32       cstackBANK0  0043
LCD_DisplayNumber@a                         cstackBANK0  0035
LCD_DisplayNumber@i                         cstackBANK0  0042
LCD_DisplayNumber@v_numOfDigitsToDisplay_u8 cstackBANK0  0028
LCD_DisplayNumber@v_number_u32              cstackBANK0  0024
LCD_DisplayNumber@v_numericSystem_u8        cstackBANK0  0041
LCD_DisplayString@ptr_stringPointer_u8      cstackBANK0  0020
LCD_GoToLine@v_lineNumber_u8                cstackCOMMON 007B
LCD_Init@v_MaxCharsPerLine_u8               cstackCOMMON 007C
LCD_Init@v_lcdNoOfLines_u8                  cstackBANK0  0020
LCD_Printf@argList                          cstackBANK0  0053
LCD_Printf@argp                             cstackBANK0  0063
LCD_Printf@ch                               cstackBANK0  0061
LCD_Printf@ptr                              cstackBANK0  0060
LCD_Printf@str                              cstackBANK0  0052
LCD_Printf@v_floatNum_f32                   cstackBANK0  004F
LCD_Printf@v_numOfDigitsToDisp_u8           cstackBANK0  0062
LCD_Printf@v_num_s16                        cstackBANK0  0058
LCD_Printf@v_num_s32                        cstackBANK0  0054
LCD_Printf@v_num_u16                        cstackBANK0  005E
LCD_Printf@v_num_u32                        cstackBANK0  005A
LCD_SetUp@D0                                cstackBANK0  0022
LCD_SetUp@D1                                cstackBANK0  0023
LCD_SetUp@D2                                cstackBANK0  0024
LCD_SetUp@D3                                cstackBANK0  0025
LCD_SetUp@D4                                cstackBANK0  0026
LCD_SetUp@D5                                cstackBANK0  0027
LCD_SetUp@D6                                cstackBANK0  0028
LCD_SetUp@D7                                cstackBANK0  0029
LCD_SetUp@EN                                cstackBANK0  0021
LCD_SetUp@RS                                cstackCOMMON 0076
LCD_SetUp@RW                                cstackBANK0  0020
_ARR_LcdLineNumAddress_U8                   dataBANK1    00B0
_DELAY_ms                                   text30       0A65
_DELAY_us                                   text31       0A3C
_GPIO_PinDirection                          text29       01FC
_GPIO_PinRead                               text28       0DD2
_GPIO_PinWrite                              text27       02D5
_LCDConfig                                  bssBANK1     00A0
_LCD_Clear                                  text20       0A47
_LCD_CmdWrite                               text22       0B67
_LCD_DisplayChar                            text14       0AA2
_LCD_DisplayFloatNumber                     text4        0F61
_LCD_DisplayNumber                          text11       03AE
_LCD_DisplayNumber$262                      cstackBANK0  003F
_LCD_DisplayString                          text3        0AC1
_LCD_GoToLine                               text21       0A8D
_LCD_GoToNextLine                           text17       0A79
_LCD_Init                                   text18       0009
_LCD_Printf                                 text2        05A9
_LCD_SetUp                                  text1        012B
_PORTA                                      (abs)        0005
_PORTB                                      (abs)        0006
_PORTC                                      (abs)        0007
_PORTD                                      (abs)        0008
_PORTE                                      (abs)        0009
_TRISA                                      (abs)        0085
_TRISB                                      (abs)        0086
_TRISC                                      (abs)        0087
_TRISD                                      (abs)        0088
_TRISE                                      (abs)        0089
__CFG_BOREN$OFF                             (abs)        0000
__CFG_CP$OFF                                (abs)        0000
__CFG_CPD$OFF                               (abs)        0000
__CFG_FOSC$HS                               (abs)        0000
__CFG_LVP$ON                                (abs)        0000
__CFG_PWRTE$OFF                             (abs)        0000
__CFG_WDTE$OFF                              (abs)        0000
__CFG_WRT$OFF                               (abs)        0000
__Habs1                                     abs1         0000
__Hbank0                                    bank0        0000
__Hbank1                                    bank1        0000
__Hbank2                                    bank2        0000
__Hbank3                                    bank3        0000
__HbssBANK1                                 bssBANK1     0000
__Hcinit                                    cinit        0800
__Hclrtext                                  clrtext      0000
__Hcode                                     code         0000
__Hcommon                                   common       0000
__Hconfig                                   config       2008
__HcstackBANK0                              cstackBANK0  0000
__HcstackCOMMON                             cstackCOMMON 0000
__HdataBANK1                                dataBANK1    0000
__Heeprom_data                              eeprom_data  0000
__Hend_init                                 end_init     0003
__Hfunctab                                  functab      0000
__HidataBANK1                               idataBANK1   0000
__Hidloc                                    idloc        0000
__Hinit                                     init         0000
__Hintentry                                 intentry     0000
__Hmaintext                                 maintext     0000
__Hpowerup                                  powerup      0000
__Hram                                      ram          0000
__Hreset_vec                                reset_vec    0000
__Hsfr0                                     sfr0         0000
__Hsfr1                                     sfr1         0000
__Hsfr2                                     sfr2         0000
__Hsfr3                                     sfr3         0000
__Hspace_0                                  (abs)        2008
__Hspace_1                                  (abs)        00B4
__Hspace_2                                  (abs)        0000
__Hspace_3                                  (abs)        0000
__Hstack                                    stack        0000
__Hstrings                                  strings      0000
__Htext                                     text         0000
__Labs1                                     abs1         0000
__Lbank0                                    bank0        0000
__Lbank1                                    bank1        0000
__Lbank2                                    bank2        0000
__Lbank3                                    bank3        0000
__LbssBANK1                                 bssBANK1     0000
__Lcinit                                    cinit        07DB
__Lclrtext                                  clrtext      0000
__Lcode                                     code         0000
__Lcommon                                   common       0000
__Lconfig                                   config       2007
__LcstackBANK0                              cstackBANK0  0000
__LcstackCOMMON                             cstackCOMMON 0000
__LdataBANK1                                dataBANK1    0000
__Leeprom_data                              eeprom_data  0000
__Lend_init                                 end_init     0000
__Lfunctab                                  functab      0000
__LidataBANK1                               idataBANK1   0000
__Lidloc                                    idloc        0000
__Linit                                     init         0000
__Lintentry                                 intentry     0000
__Lmaintext                                 maintext     0000
__Lpowerup                                  powerup      0000
__Lram                                      ram          0000
__Lreset_vec                                reset_vec    0000
__Lsfr0                                     sfr0         0000
__Lsfr1                                     sfr1         0000
__Lsfr2                                     sfr2         0000
__Lsfr3                                     sfr3         0000
__Lspace_0                                  (abs)        0000
__Lspace_1                                  (abs)        0000
__Lspace_2                                  (abs)        0000
__Lspace_3                                  (abs)        0000
__Lstack                                    stack        0000
__Lstrings                                  strings      0000
__Ltext                                     text         0000
__S0                                        (abs)        2008
__S1                                        (abs)        00B4
__S2                                        (abs)        0000
__S3                                        (abs)        0000
___bmul                                     text13       0A52
___bmul@multiplicand                        cstackBANK0  0020
___bmul@multiplier                          cstackBANK0  0023
___bmul@product                             cstackBANK0  0022
___ftadd                                    text9        04A0
___ftadd@exp1                               cstackBANK0  002F
___ftadd@exp2                               cstackBANK0  002E
___ftadd@f1                                 cstackBANK0  0023
___ftadd@f2                                 cstackBANK0  0026
___ftadd@sign                               cstackBANK0  002D
___ftmul                                    text8        005A
___ftmul@cntr                               cstackBANK0  0028
___ftmul@exp                                cstackBANK0  0024
___ftmul@f1                                 cstackCOMMON 0078
___ftmul@f2                                 cstackCOMMON 007B
___ftmul@f3_as_product                      cstackBANK0  0025
___ftmul@sign                               cstackBANK0  0029
___ftneg                                    text7        0A32
___ftneg@f1                                 cstackBANK0  0020
___ftpack                                   text10       0D66
___ftpack@arg                               cstackCOMMON 0070
___ftpack@exp                               cstackCOMMON 0073
___ftpack@sign                              cstackCOMMON 0074
___fttol                                    text6        0ED3
___fttol@exp1                               cstackBANK0  0037
___fttol@f1                                 cstackBANK0  002A
___fttol@lval                               cstackBANK0  0033
___fttol@sign1                              cstackBANK0  0032
___int_sp                                   stack        0000
___latbits                                  (abs)        0002
___lldiv                                    text12       0CA0
___lldiv@counter                            cstackCOMMON 007D
___lldiv@dividend                           cstackCOMMON 0074
___lldiv@divisor                            cstackCOMMON 0070
___lldiv@quotient                           cstackCOMMON 0079
___lltoft                                   text5        0AE1
___lltoft@c                                 cstackCOMMON 0078
___lltoft@exp                               cstackCOMMON 007D
___sp                                       stack        0000
__end_of_DELAY_ms                           text30       0A79
__end_of_DELAY_us                           text31       0A47
__end_of_GPIO_PinDirection                  text29       02D5
__end_of_GPIO_PinRead                       text28       0E47
__end_of_GPIO_PinWrite                      text27       03AE
__end_of_LCD_Clear                          text20       0A52
__end_of_LCD_CmdWrite                       text22       0B9C
__end_of_LCD_DisplayChar                    text14       0AC1
__end_of_LCD_DisplayFloatNumber             text4        1000
__end_of_LCD_DisplayNumber                  text11       04A0
__end_of_LCD_DisplayString                  text3        0AE1
__end_of_LCD_GoToLine                       text21       0AA2
__end_of_LCD_GoToNextLine                   text17       0A8D
__end_of_LCD_Init                           text18       005A
__end_of_LCD_Printf                         text2        07DB
__end_of_LCD_SetUp                          text1        01FC
__end_of___bmul                             text13       0A65
__end_of___ftadd                            text9        05A9
__end_of___ftmul                            text8        012B
__end_of___ftneg                            text7        0A3C
__end_of___ftpack                           text10       0DD2
__end_of___fttol                            text6        0F61
__end_of___lldiv                            text12       0CFE
__end_of___lltoft                           text5        0B0C
__end_of__initialization                    cinit        07FC
__end_of__stringtab                         strings      0806
__end_of_lcd_BusyCheck                      text26       0ED3
__end_of_lcd_DataWrite                      text15       0BD1
__end_of_lcd_Reset                          text19       0CA0
__end_of_lcd_SendCmdSignals                 text25       0B39
__end_of_lcd_SendDataSignals                text16       0B67
__end_of_lcd_SendHigherNibble               text24       0C11
__end_of_lcd_SendLowerNibble                text23       0C51
__end_of_main                               maintext     0D66
__initialization                            cinit        07DB
__pbssBANK1                                 bssBANK1     00A0
__pcstackBANK0                              cstackBANK0  0020
__pcstackCOMMON                             cstackCOMMON 0070
__pdataBANK1                                dataBANK1    00B0
__pidataBANK1                               idataBANK1   0005
__pmaintext                                 maintext     0CFE
__pstrings                                  strings      0800
__ptext1                                    text1        012B
__ptext10                                   text10       0D66
__ptext11                                   text11       03AE
__ptext12                                   text12       0CA0
__ptext13                                   text13       0A52
__ptext14                                   text14       0AA2
__ptext15                                   text15       0B9C
__ptext16                                   text16       0B39
__ptext17                                   text17       0A79
__ptext18                                   text18       0009
__ptext19                                   text19       0C51
__ptext2                                    text2        05A9
__ptext20                                   text20       0A47
__ptext21                                   text21       0A8D
__ptext22                                   text22       0B67
__ptext23                                   text23       0C11
__ptext24                                   text24       0BD1
__ptext25                                   text25       0B0C
__ptext26                                   text26       0E47
__ptext27                                   text27       02D5
__ptext28                                   text28       0DD2
__ptext29                                   text29       01FC
__ptext3                                    text3        0AC1
__ptext30                                   text30       0A65
__ptext31                                   text31       0A3C
__ptext4                                    text4        0F61
__ptext5                                    text5        0AE1
__ptext6                                    text6        0ED3
__ptext7                                    text7        0A32
__ptext8                                    text8        005A
__ptext9                                    text9        04A0
__size_of_DELAY_ms                          (abs)        0000
__size_of_DELAY_us                          (abs)        0000
__size_of_GPIO_PinDirection                 (abs)        0000
__size_of_GPIO_PinRead                      (abs)        0000
__size_of_GPIO_PinWrite                     (abs)        0000
__size_of_LCD_Clear                         (abs)        0000
__size_of_LCD_CmdWrite                      (abs)        0000
__size_of_LCD_DisplayChar                   (abs)        0000
__size_of_LCD_DisplayFloatNumber            (abs)        0000
__size_of_LCD_DisplayNumber                 (abs)        0000
__size_of_LCD_DisplayString                 (abs)        0000
__size_of_LCD_GoToLine                      (abs)        0000
__size_of_LCD_GoToNextLine                  (abs)        0000
__size_of_LCD_Init                          (abs)        0000
__size_of_LCD_Printf                        (abs)        0000
__size_of_LCD_SetUp                         (abs)        0000
__size_of___bmul                            (abs)        0000
__size_of___ftadd                           (abs)        0000
__size_of___ftmul                           (abs)        0000
__size_of___ftneg                           (abs)        0000
__size_of___ftpack                          (abs)        0000
__size_of___fttol                           (abs)        0000
__size_of___lldiv                           (abs)        0000
__size_of___lltoft                          (abs)        0000
__size_of_lcd_BusyCheck                     (abs)        0000
__size_of_lcd_DataWrite                     (abs)        0000
__size_of_lcd_Reset                         (abs)        0000
__size_of_lcd_SendCmdSignals                (abs)        0000
__size_of_lcd_SendDataSignals               (abs)        0000
__size_of_lcd_SendHigherNibble              (abs)        0000
__size_of_lcd_SendLowerNibble               (abs)        0000
__size_of_main                              (abs)        0000
__stringbase                                strings      0805
__stringtab                                 strings      0800
_lcd_BusyCheck                              text26       0E47
_lcd_DataWrite                              text15       0B9C
_lcd_Reset                                  text19       0C51
_lcd_SendCmdSignals                         text25       0B0C
_lcd_SendDataSignals                        text16       0B39
_lcd_SendHigherNibble                       text24       0BD1
_lcd_SendLowerNibble                        text23       0C11
_main                                       maintext     0CFE
_v_LcdTrackCursorPos_U8                     bssBANK1     00AE
_v_LcdTrackLineNum_U8                       bssBANK1     00AF
btemp                                       (abs)        007E
clear_ram0                                  clrtext      0A2A
end_of_initialization                       cinit        07FC
intlevel0                                   functab      0000
intlevel1                                   functab      0000
intlevel2                                   functab      0000
intlevel3                                   functab      0000
intlevel4                                   functab      0000
intlevel5                                   functab      0000
lcd_BusyCheck@busyflag                      cstackCOMMON 0076
lcd_DataWrite@dataByte                      cstackCOMMON 0079
lcd_SendHigherNibble@dataByte               cstackCOMMON 0076
lcd_SendLowerNibble@dataByte                cstackCOMMON 0076
ltemp                                       (abs)        007E
ltemp0                                      (abs)        007E
ltemp1                                      (abs)        0082
ltemp2                                      (abs)        0086
ltemp3                                      (abs)        0080
main@count                                  cstackBANK0  006E
reset_vec                                   reset_vec    0000
stackhi                                     (abs)        0000
stacklo                                     (abs)        0000
start                                       init         0000
start_initialization                        cinit        07DB
ttemp                                       (abs)        007E
ttemp0                                      (abs)        007E
ttemp1                                      (abs)        0081
ttemp2                                      (abs)        0084
ttemp3                                      (abs)        0087
ttemp4                                      (abs)        007F
wtemp                                       (abs)        007E
wtemp0                                      (abs)        007E
wtemp1                                      (abs)        0080
wtemp2                                      (abs)        0082
wtemp3                                      (abs)        0084
wtemp4                                      (abs)        0086
wtemp5                                      (abs)        0088
wtemp6                                      (abs)        007F


FUNCTION INFORMATION:

 *************** function _main *****************
 Defined at:
		line 43 in file "main.c"
 Parameters:    Size  Location     Type
		None
 Auto vars:     Size  Location     Type
  count           2   78[BANK0 ] int 
 Return value:  Size  Location     Type
                  2  309[None  ] int 
 Registers used:
		wreg, fsr0l, fsr0h, status,2, status,0, pclath, cstack
 Tracked objects:
		On entry : 
		On exit  : 
		Unchanged: 
 Data sizes:     COMMON   BANK0   BANK1   BANK3   BANK2
      Params:         0       0       0       0       0
      Locals:         0       2       0       0       0
      Temps:          0      10       0       0       0
      Totals:         0      12       0       0       0
Total ram usage:       12 bytes
 Hardware stack levels required when called:    9
 This function calls:
		_DELAY_ms
		_LCD_DisplayString
		_LCD_GoToLine
		_LCD_Init
		_LCD_Printf
		_LCD_SetUp
 This function is called by:
		Startup code after reset
 This function uses a non-reentrant model


 *************** function _LCD_SetUp *****************
 Defined at:
		line 135 in file "../00-libfiles/lcd.c"
 Parameters:    Size  Location     Type
  RS              1    wreg     enum E33
  RW              1    0[BANK0 ] enum E33
  EN              1    1[BANK0 ] enum E33
  D0              1    2[BANK0 ] enum E33
  D1              1    3[BANK0 ] enum E33
  D2              1    4[BANK0 ] enum E33
  D3              1    5[BANK0 ] enum E33
  D4              1    6[BANK0 ] enum E33
  D5              1    7[BANK0 ] enum E33
  D6              1    8[BANK0 ] enum E33
  D7              1    9[BANK0 ] enum E33
 Auto vars:     Size  Location     Type
  RS              1    6[COMMON] enum E33
 Return value:  Size  Location     Type
                  1    wreg      void 
 Registers used:
		wreg, fsr0l, fsr0h, status,2, status,0, pclath, cstack
 Tracked objects:
		On entry : 
		On exit  : 
		Unchanged: 
 Data sizes:     COMMON   BANK0   BANK1   BANK3   BANK2
      Params:         0      10       0       0       0
      Locals:         1       0       0       0       0
      Temps:          1       0       0       0       0
      Totals:         2      10       0       0       0
Total ram usage:       12 bytes
 Hardware stack levels used:    1
 Hardware stack levels required when called:    1
 This function calls:
		_GPIO_PinDirection
 This function is called by:
		_main
 This function uses a non-reentrant model


 *************** function _LCD_Printf *****************
 Defined at:
		line 676 in file "../00-libfiles/lcd.c"
 Parameters:    Size  Location     Type
  argList         1    wreg     PTR const unsigned char 
		 -> STR_2(10), 
 Auto vars:     Size  Location     Type
  argList         1   51[BANK0 ] PTR const unsigned char 
		 -> STR_2(10), 
  v_num_u32       4   58[BANK0 ] unsigned long 
  v_num_s32       4   52[BANK0 ] long 
  v_floatNum_f    3   47[BANK0 ] long 
  v_num_u16       2   62[BANK0 ] unsigned int 
  v_num_s16       2   56[BANK0 ] int 
  argp            1   67[BANK0 ] PTR void [1]
		 -> ?_LCD_Printf(1), 
  v_numOfDigit    1   66[BANK0 ] unsigned char 
  ch              1   65[BANK0 ] unsigned char 
  ptr             1   64[BANK0 ] PTR const unsigned char 
		 -> STR_2(10), 
  str             1   50[BANK0 ] PTR unsigned char 
 Return value:  Size  Location     Type
                  1    wreg      void 
 Registers used:
		wreg, fsr0l, fsr0h, status,2, status,0, pclath, cstack
 Tracked objects:
		On entry : 
		On exit  : 
		Unchanged: 
 Data sizes:     COMMON   BANK0   BANK1   BANK3   BANK2
      Params:         0       2       0       0       0
      Locals:         0      21       0       0       0
      Temps:          0       2       0       0       0
      Totals:         0      25       0       0       0
Total ram usage:       25 bytes
 Hardware stack levels used:    1
 Hardware stack levels required when called:    8
 This function calls:
		_LCD_DisplayChar
		_LCD_DisplayFloatNumber
		_LCD_DisplayNumber
		_LCD_DisplayString
		___bmul
 This function is called by:
		_main
 This function uses a non-reentrant model


 *************** function _LCD_DisplayString *****************
 Defined at:
		line 427 in file "../00-libfiles/lcd.c"
 Parameters:    Size  Location     Type
  ptr_stringPo    1    wreg     PTR const unsigned char 
		 -> STR_1(8), 
 Auto vars:     Size  Location     Type
  ptr_stringPo    1    0[BANK0 ] PTR const unsigned char 
		 -> STR_1(8), 
 Return value:  Size  Location     Type
                  1    wreg      void 
 Registers used:
		wreg, fsr0l, fsr0h, status,2, status,0, pclath, cstack
 Tracked objects:
		On entry : 
		On exit  : 
		Unchanged: 
 Data sizes:     COMMON   BANK0   BANK1   BANK3   BANK2
      Params:         0       0       0       0       0
      Locals:         0       1       0       0       0
      Temps:          1       0       0       0       0
      Totals:         1       1       0       0       0
Total ram usage:        2 bytes
 Hardware stack levels used:    1
 Hardware stack levels required when called:    6
 This function calls:
		_LCD_DisplayChar
 This function is called by:
		_LCD_Printf
		_main
 This function uses a non-reentrant model


 *************** function _LCD_DisplayFloatNumber *****************
 Defined at:
		line 616 in file "../00-libfiles/lcd.c"
 Parameters:    Size  Location     Type
  v_floatNum_f    3   35[BANK0 ] void 
 Auto vars:     Size  Location     Type
  v_decNumber_    4   39[BANK0 ] unsigned long 
 Return value:  Size  Location     Type
                  1    wreg      void 
 Registers used:
		wreg, fsr0l, fsr0h, status,2, status,0, pclath, cstack
 Tracked objects:
		On entry : 
		On exit  : 
		Unchanged: 
 Data sizes:     COMMON   BANK0   BANK1   BANK3   BANK2
      Params:         0       3       0       0       0
      Locals:         0       4       0       0       0
      Temps:          0       1       0       0       0
      Totals:         0       8       0       0       0
Total ram usage:        8 bytes
 Hardware stack levels used:    1
 Hardware stack levels required when called:    7
 This function calls:
		_LCD_DisplayChar
		_LCD_DisplayNumber
		___ftadd
		___ftmul
		___ftneg
		___fttol
		___lltoft
 This function is called by:
		_LCD_Printf
 This function uses a non-reentrant model


 *************** function ___lltoft *****************
 Defined at:
		line 35 in file "C:\Program Files\Microchip\xc8\v1.36\sources\common\lltoft.c"
 Parameters:    Size  Location     Type
  c               4    8[COMMON] unsigned long 
 Auto vars:     Size  Location     Type
  exp             1   13[COMMON] unsigned char 
 Return value:  Size  Location     Type
                  3    8[COMMON] float 
 Registers used:
		wreg, status,2, status,0, pclath, cstack
 Tracked objects:
		On entry : 
		On exit  : 
		Unchanged: 
 Data sizes:     COMMON   BANK0   BANK1   BANK3   BANK2
      Params:         4       0       0       0       0
      Locals:         1       0       0       0       0
      Temps:          1       0       0       0       0
      Totals:         6       0       0       0       0
Total ram usage:        6 bytes
 Hardware stack levels used:    1
 Hardware stack levels required when called:    1
 This function calls:
		___ftpack
 This function is called by:
		_LCD_DisplayFloatNumber
 This function uses a non-reentrant model


 *************** function ___fttol *****************
 Defined at:
		line 44 in file "C:\Program Files\Microchip\xc8\v1.36\sources\common\fttol.c"
 Parameters:    Size  Location     Type
  f1              3   10[BANK0 ] float 
 Auto vars:     Size  Location     Type
  lval            4   19[BANK0 ] unsigned long 
  exp1            1   23[BANK0 ] unsigned char 
  sign1           1   18[BANK0 ] unsigned char 
 Return value:  Size  Location     Type
                  4   10[BANK0 ] long 
 Registers used:
		wreg, status,2, status,0
 Tracked objects:
		On entry : 
		On exit  : 
		Unchanged: 
 Data sizes:     COMMON   BANK0   BANK1   BANK3   BANK2
      Params:         0       4       0       0       0
      Locals:         0       6       0       0       0
      Temps:          0       4       0       0       0
      Totals:         0      14       0       0       0
Total ram usage:       14 bytes
 Hardware stack levels used:    1
 This function calls:
		Nothing
 This function is called by:
		_LCD_DisplayFloatNumber
 This function uses a non-reentrant model


 *************** function ___ftneg *****************
 Defined at:
		line 15 in file "C:\Program Files\Microchip\xc8\v1.36\sources\common\ftneg.c"
 Parameters:    Size  Location     Type
  f1              3    0[BANK0 ] float 
 Auto vars:     Size  Location     Type
		None
 Return value:  Size  Location     Type
                  3    0[BANK0 ] float 
 Registers used:
		wreg
 Tracked objects:
		On entry : 
		On exit  : 
		Unchanged: 
 Data sizes:     COMMON   BANK0   BANK1   BANK3   BANK2
      Params:         0       3       0       0       0
      Locals:         0       0       0       0       0
      Temps:          0       0       0       0       0
      Totals:         0       3       0       0       0
Total ram usage:        3 bytes
 Hardware stack levels used:    1
 This function calls:
		Nothing
 This function is called by:
		_LCD_DisplayFloatNumber
 This function uses a non-reentrant model


 *************** function ___ftmul *****************
 Defined at:
		line 62 in file "C:\Program Files\Microchip\xc8\v1.36\sources\common\ftmul.c"
 Parameters:    Size  Location     Type
  f1              3    8[COMMON] float 
  f2              3   11[COMMON] float 
 Auto vars:     Size  Location     Type
  f3_as_produc    3    5[BANK0 ] unsigned um
  sign            1    9[BANK0 ] unsigned char 
  cntr            1    8[BANK0 ] unsigned char 
  exp             1    4[BANK0 ] unsigned char 
 Return value:  Size  Location     Type
                  3    8[COMMON] float 
 Registers used:
		wreg, status,2, status,0, pclath, cstack
 Tracked objects:
		On entry : 
		On exit  : 
		Unchanged: 
 Data sizes:     COMMON   BANK0   BANK1   BANK3   BANK2
      Params:         6       0       0       0       0
      Locals:         0       6       0       0       0
      Temps:          0       4       0       0       0
      Totals:         6      10       0       0       0
Total ram usage:       16 bytes
 Hardware stack levels used:    1
 Hardware stack levels required when called:    1
 This function calls:
		___ftpack
 This function is called by:
		_LCD_DisplayFloatNumber
 This function uses a non-reentrant model


 *************** function ___ftadd *****************
 Defined at:
		line 86 in file "C:\Program Files\Microchip\xc8\v1.36\sources\common\ftadd.c"
 Parameters:    Size  Location     Type
  f1              3    3[BANK0 ] float 
  f2              3    6[BANK0 ] float 
 Auto vars:     Size  Location     Type
  exp1            1   15[BANK0 ] unsigned char 
  exp2            1   14[BANK0 ] unsigned char 
  sign            1   13[BANK0 ] unsigned char 
 Return value:  Size  Location     Type
                  3    3[BANK0 ] float 
 Registers used:
		wreg, status,2, status,0, pclath, cstack
 Tracked objects:
		On entry : 
		On exit  : 
		Unchanged: 
 Data sizes:     COMMON   BANK0   BANK1   BANK3   BANK2
      Params:         0       6       0       0       0
      Locals:         0       3       0       0       0
      Temps:          0       4       0       0       0
      Totals:         0      13       0       0       0
Total ram usage:       13 bytes
 Hardware stack levels used:    1
 Hardware stack levels required when called:    1
 This function calls:
		___ftpack
 This function is called by:
		_LCD_DisplayFloatNumber
 This function uses a non-reentrant model


 *************** function ___ftpack *****************
 Defined at:
		line 62 in file "C:\Program Files\Microchip\xc8\v1.36\sources\common\float.c"
 Parameters:    Size  Location     Type
  arg             3    0[COMMON] unsigned um
  exp             1    3[COMMON] unsigned char 
  sign            1    4[COMMON] unsigned char 
 Auto vars:     Size  Location     Type
		None
 Return value:  Size  Location     Type
                  3    0[COMMON] float 
 Registers used:
		wreg, status,2, status,0
 Tracked objects:
		On entry : 
		On exit  : 
		Unchanged: 
 Data sizes:     COMMON   BANK0   BANK1   BANK3   BANK2
      Params:         5       0       0       0       0
      Locals:         0       0       0       0       0
      Temps:          3       0       0       0       0
      Totals:         8       0       0       0       0
Total ram usage:        8 bytes
 Hardware stack levels used:    1
 This function calls:
		Nothing
 This function is called by:
		___ftadd
		___ftmul
		___lltoft
 This function uses a non-reentrant model


 *************** function _LCD_DisplayNumber *****************
 Defined at:
		line 529 in file "../00-libfiles/lcd.c"
 Parameters:    Size  Location     Type
  v_numericSys    1    wreg     unsigned char 
  v_number_u32    4    4[BANK0 ] unsigned long 
  v_numOfDigit    1    8[BANK0 ] unsigned char 
 Auto vars:     Size  Location     Type
  v_numericSys    1   33[BANK0 ] unsigned char 
  a              10   21[BANK0 ] unsigned char [10]
  i               1   34[BANK0 ] unsigned char 
 Return value:  Size  Location     Type
                  1    wreg      void 
 Registers used:
		wreg, fsr0l, fsr0h, status,2, status,0, pclath, cstack
 Tracked objects:
		On entry : 
		On exit  : 
		Unchanged: 
 Data sizes:     COMMON   BANK0   BANK1   BANK3   BANK2
      Params:         0       5       0       0       0
      Locals:         0      14       0       0       0
      Temps:          0      12       0       0       0
      Totals:         0      31       0       0       0
Total ram usage:       31 bytes
 Hardware stack levels used:    1
 Hardware stack levels required when called:    6
 This function calls:
		_LCD_DisplayChar
		___bmul
		___lldiv
 This function is called by:
		_LCD_DisplayFloatNumber
		_LCD_Printf
 This function uses a non-reentrant model


 *************** function ___lldiv *****************
 Defined at:
		line 6 in file "C:\Program Files\Microchip\xc8\v1.36\sources\common\lldiv.c"
 Parameters:    Size  Location     Type
  divisor         4    0[COMMON] unsigned long 
  dividend        4    4[COMMON] unsigned long 
 Auto vars:     Size  Location     Type
  quotient        4    9[COMMON] unsigned long 
  counter         1   13[COMMON] unsigned char 
 Return value:  Size  Location     Type
                  4    0[COMMON] unsigned long 
 Registers used:
		wreg, status,2, status,0
 Tracked objects:
		On entry : 
		On exit  : 
		Unchanged: 
 Data sizes:     COMMON   BANK0   BANK1   BANK3   BANK2
      Params:         8       0       0       0       0
      Locals:         5       0       0       0       0
      Temps:          1       0       0       0       0
      Totals:        14       0       0       0       0
Total ram usage:       14 bytes
 Hardware stack levels used:    1
 This function calls:
		Nothing
 This function is called by:
		_LCD_DisplayNumber
 This function uses a non-reentrant model


 *************** function ___bmul *****************
 Defined at:
		line 4 in file "C:\Program Files\Microchip\xc8\v1.36\sources\common\Umul8.c"
 Parameters:    Size  Location     Type
  multiplier      1    wreg     unsigned char 
  multiplicand    1    0[BANK0 ] unsigned char 
 Auto vars:     Size  Location     Type
  multiplier      1    3[BANK0 ] unsigned char 
  product         1    2[BANK0 ] unsigned char 
 Return value:  Size  Location     Type
                  1    wreg      unsigned char 
 Registers used:
		wreg, status,2, status,0
 Tracked objects:
		On entry : 
		On exit  : 
		Unchanged: 
 Data sizes:     COMMON   BANK0   BANK1   BANK3   BANK2
      Params:         0       1       0       0       0
      Locals:         0       2       0       0       0
      Temps:          0       1       0       0       0
      Totals:         0       4       0       0       0
Total ram usage:        4 bytes
 Hardware stack levels used:    1
 This function calls:
		Nothing
 This function is called by:
		_LCD_DisplayNumber
		_LCD_Printf
 This function uses a non-reentrant model


 *************** function _LCD_DisplayChar *****************
 Defined at:
		line 392 in file "../00-libfiles/lcd.c"
 Parameters:    Size  Location     Type
  v_lcdData_u8    1    wreg     unsigned char 
 Auto vars:     Size  Location     Type
  v_lcdData_u8    1   12[COMMON] unsigned char 
 Return value:  Size  Location     Type
                  1    wreg      void 
 Registers used:
		wreg, fsr0l, fsr0h, status,2, status,0, pclath, cstack
 Tracked objects:
		On entry : 
		On exit  : 
		Unchanged: 
 Data sizes:     COMMON   BANK0   BANK1   BANK3   BANK2
      Params:         0       0       0       0       0
      Locals:         1       0       0       0       0
      Temps:          1       0       0       0       0
      Totals:         2       0       0       0       0
Total ram usage:        2 bytes
 Hardware stack levels used:    1
 Hardware stack levels required when called:    5
 This function calls:
		_LCD_GoToNextLine
		_lcd_DataWrite
 This function is called by:
		_LCD_DisplayString
		_LCD_DisplayNumber
		_LCD_DisplayFloatNumber
		_LCD_Printf
		_LCD_ScrollMessage
 This function uses a non-reentrant model


 *************** function _lcd_DataWrite *****************
 Defined at:
		line 826 in file "../00-libfiles/lcd.c"
 Parameters:    Size  Location     Type
  dataByte        1    wreg     unsigned char 
 Auto vars:     Size  Location     Type
  dataByte        1    9[COMMON] unsigned char 
 Return value:  Size  Location     Type
                  1    wreg      void 
 Registers used:
		wreg, fsr0l, fsr0h, status,2, status,0, pclath, cstack
 Tracked objects:
		On entry : 
		On exit  : 
		Unchanged: 
 Data sizes:     COMMON   BANK0   BANK1   BANK3   BANK2
      Params:         0       0       0       0       0
      Locals:         1       0       0       0       0
      Temps:          2       0       0       0       0
      Totals:         3       0       0       0       0
Total ram usage:        3 bytes
 Hardware stack levels used:    1
 Hardware stack levels required when called:    3
 This function calls:
		_lcd_BusyCheck
		_lcd_SendDataSignals
		_lcd_SendHigherNibble
		_lcd_SendLowerNibble
 This function is called by:
		_LCD_DisplayChar
 This function uses a non-reentrant model


 *************** function _lcd_SendDataSignals *****************
 Defined at:
		line 1002 in file "../00-libfiles/lcd.c"
 Parameters:    Size  Location     Type
		None
 Auto vars:     Size  Location     Type
		None
 Return value:  Size  Location     Type
                  1    wreg      void 
 Registers used:
		wreg, fsr0l, fsr0h, status,2, status,0, pclath, cstack
 Tracked objects:
		On entry : 
		On exit  : 
		Unchanged: 
 Data sizes:     COMMON   BANK0   BANK1   BANK3   BANK2
      Params:         0       0       0       0       0
      Locals:         0       0       0       0       0
      Temps:          0       0       0       0       0
      Totals:         0       0       0       0       0
Total ram usage:        0 bytes
 Hardware stack levels used:    1
 Hardware stack levels required when called:    1
 This function calls:
		_DELAY_us
		_GPIO_PinWrite
 This function is called by:
		_lcd_DataWrite
 This function uses a non-reentrant model


 *************** function _LCD_GoToNextLine *****************
 Defined at:
		line 292 in file "../00-libfiles/lcd.c"
 Parameters:    Size  Location     Type
		None
 Auto vars:     Size  Location     Type
		None
 Return value:  Size  Location     Type
                  1    wreg      void 
 Registers used:
		wreg, fsr0l, fsr0h, status,2, status,0, pclath, cstack
 Tracked objects:
		On entry : 
		On exit  : 
		Unchanged: 
 Data sizes:     COMMON   BANK0   BANK1   BANK3   BANK2
      Params:         0       0       0       0       0
      Locals:         0       0       0       0       0
      Temps:          1       0       0       0       0
      Totals:         1       0       0       0       0
Total ram usage:        1 bytes
 Hardware stack levels used:    1
 Hardware stack levels required when called:    4
 This function calls:
		_LCD_CmdWrite
 This function is called by:
		_LCD_DisplayChar
 This function uses a non-reentrant model


 *************** function _LCD_Init *****************
 Defined at:
		line 198 in file "../00-libfiles/lcd.c"
 Parameters:    Size  Location     Type
  v_lcdNoOfLin    1    wreg     unsigned char 
  v_MaxCharsPe    1   12[COMMON] unsigned char 
 Auto vars:     Size  Location     Type
  v_lcdNoOfLin    1    0[BANK0 ] unsigned char 
 Return value:  Size  Location     Type
                  1    wreg      void 
 Registers used:
		wreg, fsr0l, fsr0h, status,2, status,0, pclath, cstack
 Tracked objects:
		On entry : 
		On exit  : 
		Unchanged: 
 Data sizes:     COMMON   BANK0   BANK1   BANK3   BANK2
      Params:         1       0       0       0       0
      Locals:         0       1       0       0       0
      Temps:          1       0       0       0       0
      Totals:         2       1       0       0       0
Total ram usage:        3 bytes
 Hardware stack levels used:    1
 Hardware stack levels required when called:    6
 This function calls:
		_DELAY_ms
		_LCD_Clear
		_LCD_CmdWrite
		_lcd_Reset
 This function is called by:
		_main
 This function uses a non-reentrant model


 *************** function _lcd_Reset *****************
 Defined at:
		line 913 in file "../00-libfiles/lcd.c"
 Parameters:    Size  Location     Type
		None
 Auto vars:     Size  Location     Type
		None
 Return value:  Size  Location     Type
                  1    wreg      void 
 Registers used:
		wreg, fsr0l, fsr0h, status,2, status,0, pclath, cstack
 Tracked objects:
		On entry : 
		On exit  : 
		Unchanged: 
 Data sizes:     COMMON   BANK0   BANK1   BANK3   BANK2
      Params:         0       0       0       0       0
      Locals:         0       0       0       0       0
      Temps:          0       0       0       0       0
      Totals:         0       0       0       0       0
Total ram usage:        0 bytes
 Hardware stack levels used:    1
 Hardware stack levels required when called:    2
 This function calls:
		_DELAY_ms
		_DELAY_us
		_lcd_SendCmdSignals
		_lcd_SendHigherNibble
 This function is called by:
		_LCD_Init
 This function uses a non-reentrant model


 *************** function _LCD_Clear *****************
 Defined at:
		line 237 in file "../00-libfiles/lcd.c"
 Parameters:    Size  Location     Type
		None
 Auto vars:     Size  Location     Type
		None
 Return value:  Size  Location     Type
                  1    wreg      void 
 Registers used:
		wreg, fsr0l, fsr0h, status,2, status,0, pclath, cstack
 Tracked objects:
		On entry : 
		On exit  : 
		Unchanged: 
 Data sizes:     COMMON   BANK0   BANK1   BANK3   BANK2
      Params:         0       0       0       0       0
      Locals:         0       0       0       0       0
      Temps:          0       0       0       0       0
      Totals:         0       0       0       0       0
Total ram usage:        0 bytes
 Hardware stack levels used:    1
 Hardware stack levels required when called:    5
 This function calls:
		_LCD_CmdWrite
		_LCD_GoToLine
 This function is called by:
		_LCD_Init
 This function uses a non-reentrant model


 *************** function _LCD_GoToLine *****************
 Defined at:
		line 265 in file "../00-libfiles/lcd.c"
 Parameters:    Size  Location     Type
  v_lineNumber    1    wreg     unsigned char 
 Auto vars:     Size  Location     Type
  v_lineNumber    1   11[COMMON] unsigned char 
 Return value:  Size  Location     Type
                  1    wreg      void 
 Registers used:
		wreg, fsr0l, fsr0h, status,2, status,0, pclath, cstack
 Tracked objects:
		On entry : 
		On exit  : 
		Unchanged: 
 Data sizes:     COMMON   BANK0   BANK1   BANK3   BANK2
      Params:         0       0       0       0       0
      Locals:         1       0       0       0       0
      Temps:          1       0       0       0       0
      Totals:         2       0       0       0       0
Total ram usage:        2 bytes
 Hardware stack levels used:    1
 Hardware stack levels required when called:    4
 This function calls:
		_LCD_CmdWrite
 This function is called by:
		_LCD_Clear
		_main
		_LCD_ScrollMessage
 This function uses a non-reentrant model


 *************** function _LCD_CmdWrite *****************
 Defined at:
		line 358 in file "../00-libfiles/lcd.c"
 Parameters:    Size  Location     Type
  v_lcdCmd_u8     1    wreg     unsigned char 
 Auto vars:     Size  Location     Type
  v_lcdCmd_u8     1    9[COMMON] unsigned char 
 Return value:  Size  Location     Type
                  1    wreg      void 
 Registers used:
		wreg, fsr0l, fsr0h, status,2, status,0, pclath, cstack
 Tracked objects:
		On entry : 
		On exit  : 
		Unchanged: 
 Data sizes:     COMMON   BANK0   BANK1   BANK3   BANK2
      Params:         0       0       0       0       0
      Locals:         1       0       0       0       0
      Temps:          2       0       0       0       0
      Totals:         3       0       0       0       0
Total ram usage:        3 bytes
 Hardware stack levels used:    1
 Hardware stack levels required when called:    3
 This function calls:
		_lcd_BusyCheck
		_lcd_SendCmdSignals
		_lcd_SendHigherNibble
		_lcd_SendLowerNibble
 This function is called by:
		_LCD_Init
		_LCD_Clear
		_LCD_GoToLine
		_LCD_GoToNextLine
		_LCD_ScrollMessage
 This function uses a non-reentrant model


 *************** function _lcd_SendLowerNibble *****************
 Defined at:
		line 962 in file "../00-libfiles/lcd.c"
 Parameters:    Size  Location     Type
  dataByte        1    wreg     unsigned char 
 Auto vars:     Size  Location     Type
  dataByte        1    6[COMMON] unsigned char 
 Return value:  Size  Location     Type
                  1    wreg      void 
 Registers used:
		wreg, fsr0l, fsr0h, status,2, status,0, pclath, cstack
 Tracked objects:
		On entry : 
		On exit  : 
		Unchanged: 
 Data sizes:     COMMON   BANK0   BANK1   BANK3   BANK2
      Params:         0       0       0       0       0
      Locals:         1       0       0       0       0
      Temps:          1       0       0       0       0
      Totals:         2       0       0       0       0
Total ram usage:        2 bytes
 Hardware stack levels used:    1
 Hardware stack levels required when called:    1
 This function calls:
		_GPIO_PinWrite
 This function is called by:
		_LCD_CmdWrite
		_lcd_DataWrite
 This function uses a non-reentrant model


 *************** function _lcd_SendHigherNibble *****************
 Defined at:
		line 943 in file "../00-libfiles/lcd.c"
 Parameters:    Size  Location     Type
  dataByte        1    wreg     unsigned char 
 Auto vars:     Size  Location     Type
  dataByte        1    6[COMMON] unsigned char 
 Return value:  Size  Location     Type
                  1    wreg      void 
 Registers used:
		wreg, fsr0l, fsr0h, status,2, status,0, pclath, cstack
 Tracked objects:
		On entry : 
		On exit  : 
		Unchanged: 
 Data sizes:     COMMON   BANK0   BANK1   BANK3   BANK2
      Params:         0       0       0       0       0
      Locals:         1       0       0       0       0
      Temps:          1       0       0       0       0
      Totals:         2       0       0       0       0
Total ram usage:        2 bytes
 Hardware stack levels used:    1
 Hardware stack levels required when called:    1
 This function calls:
		_GPIO_PinWrite
 This function is called by:
		_LCD_CmdWrite
		_lcd_DataWrite
		_lcd_Reset
 This function uses a non-reentrant model


 *************** function _lcd_SendCmdSignals *****************
 Defined at:
		line 981 in file "../00-libfiles/lcd.c"
 Parameters:    Size  Location     Type
		None
 Auto vars:     Size  Location     Type
		None
 Return value:  Size  Location     Type
                  1    wreg      void 
 Registers used:
		wreg, fsr0l, fsr0h, status,2, status,0, pclath, cstack
 Tracked objects:
		On entry : 
		On exit  : 
		Unchanged: 
 Data sizes:     COMMON   BANK0   BANK1   BANK3   BANK2
      Params:         0       0       0       0       0
      Locals:         0       0       0       0       0
      Temps:          0       0       0       0       0
      Totals:         0       0       0       0       0
Total ram usage:        0 bytes
 Hardware stack levels used:    1
 Hardware stack levels required when called:    1
 This function calls:
		_DELAY_us
		_GPIO_PinWrite
 This function is called by:
		_LCD_CmdWrite
		_lcd_Reset
 This function uses a non-reentrant model


 *************** function _lcd_BusyCheck *****************
 Defined at:
		line 860 in file "../00-libfiles/lcd.c"
 Parameters:    Size  Location     Type
		None
 Auto vars:     Size  Location     Type
  busyflag        1    6[COMMON] unsigned char 
 Return value:  Size  Location     Type
                  1    wreg      void 
 Registers used:
		wreg, fsr0l, fsr0h, status,2, status,0, pclath, cstack
 Tracked objects:
		On entry : 
		On exit  : 
		Unchanged: 
 Data sizes:     COMMON   BANK0   BANK1   BANK3   BANK2
      Params:         0       0       0       0       0
      Locals:         1       0       0       0       0
      Temps:          1       0       0       0       0
      Totals:         2       0       0       0       0
Total ram usage:        2 bytes
 Hardware stack levels used:    1
 Hardware stack levels required when called:    2
 This function calls:
		_DELAY_ms
		_DELAY_us
		_GPIO_PinDirection
		_GPIO_PinRead
		_GPIO_PinWrite
 This function is called by:
		_LCD_CmdWrite
		_lcd_DataWrite
 This function uses a non-reentrant model


 *************** function _GPIO_PinWrite *****************
 Defined at:
		line 127 in file "../00-libfiles/gpio.c"
 Parameters:    Size  Location     Type
  enm_pinNumbe    1    wreg     enum E1088
  var_pinValue    1    0[COMMON] unsigned char 
 Auto vars:     Size  Location     Type
  enm_pinNumbe    1    4[COMMON] enum E1088
  var_portNumb    1    3[COMMON] unsigned char 
 Return value:  Size  Location     Type
                  1    wreg      void 
 Registers used:
		wreg, fsr0l, fsr0h, status,2, status,0
 Tracked objects:
		On entry : 
		On exit  : 
		Unchanged: 
 Data sizes:     COMMON   BANK0   BANK1   BANK3   BANK2
      Params:         1       0       0       0       0
      Locals:         2       0       0       0       0
      Temps:          2       0       0       0       0
      Totals:         5       0       0       0       0
Total ram usage:        5 bytes
 Hardware stack levels used:    1
 This function calls:
		Nothing
 This function is called by:
		_lcd_BusyCheck
		_lcd_SendHigherNibble
		_lcd_SendLowerNibble
		_lcd_SendCmdSignals
		_lcd_SendDataSignals
 This function uses a non-reentrant model


 *************** function _GPIO_PinRead *****************
 Defined at:
		line 192 in file "../00-libfiles/gpio.c"
 Parameters:    Size  Location     Type
  enm_pinNumbe    1    wreg     enum E1088
 Auto vars:     Size  Location     Type
  enm_pinNumbe    1    4[COMMON] enum E1088
  returnStatus    1    3[COMMON] unsigned char 
  var_portNumb    1    2[COMMON] unsigned char 
 Return value:  Size  Location     Type
                  1    wreg      unsigned char 
 Registers used:
		wreg, fsr0l, fsr0h, status,2, status,0
 Tracked objects:
		On entry : 
		On exit  : 
		Unchanged: 
 Data sizes:     COMMON   BANK0   BANK1   BANK3   BANK2
      Params:         0       0       0       0       0
      Locals:         3       0       0       0       0
      Temps:          2       0       0       0       0
      Totals:         5       0       0       0       0
Total ram usage:        5 bytes
 Hardware stack levels used:    1
 This function calls:
		Nothing
 This function is called by:
		_lcd_BusyCheck
 This function uses a non-reentrant model


 *************** function _GPIO_PinDirection *****************
 Defined at:
		line 60 in file "../00-libfiles/gpio.c"
 Parameters:    Size  Location     Type
  enm_pinNumbe    1    wreg     enum E1088
  var_pinDirn_    1    0[COMMON] unsigned char 
 Auto vars:     Size  Location     Type
  enm_pinNumbe    1    4[COMMON] enum E1088
  var_portNumb    1    3[COMMON] unsigned char 
 Return value:  Size  Location     Type
                  1    wreg      void 
 Registers used:
		wreg, fsr0l, fsr0h, status,2, status,0
 Tracked objects:
		On entry : 
		On exit  : 
		Unchanged: 
 Data sizes:     COMMON   BANK0   BANK1   BANK3   BANK2
      Params:         1       0       0       0       0
      Locals:         2       0       0       0       0
      Temps:          2       0       0       0       0
      Totals:         5       0       0       0       0
Total ram usage:        5 bytes
 Hardware stack levels used:    1
 This function calls:
		Nothing
 This function is called by:
		_LCD_SetUp
		_lcd_BusyCheck
 This function uses a non-reentrant model


 *************** function _DELAY_ms *****************
 Defined at:
		line 75 in file "../00-libfiles/delay.c"
 Parameters:    Size  Location     Type
  ms_count        2    2[COMMON] unsigned int 
 Auto vars:     Size  Location     Type
		None
 Return value:  Size  Location     Type
                  1    wreg      void 
 Registers used:
		wreg, status,2, status,0, pclath, cstack
 Tracked objects:
		On entry : 
		On exit  : 
		Unchanged: 
 Data sizes:     COMMON   BANK0   BANK1   BANK3   BANK2
      Params:         2       0       0       0       0
      Locals:         0       0       0       0       0
      Temps:          0       0       0       0       0
      Totals:         2       0       0       0       0
Total ram usage:        2 bytes
 Hardware stack levels used:    1
 Hardware stack levels required when called:    1
 This function calls:
		_DELAY_us
 This function is called by:
		_LCD_Init
		_lcd_BusyCheck
		_lcd_Reset
		_main
		_LCD_ScrollMessage
 This function uses a non-reentrant model


 *************** function _DELAY_us *****************
 Defined at:
		line 56 in file "../00-libfiles/delay.c"
 Parameters:    Size  Location     Type
  us_count        2    0[COMMON] unsigned int 
 Auto vars:     Size  Location     Type
		None
 Return value:  Size  Location     Type
                  1    wreg      void 
 Registers used:
		wreg, status,2, status,0
 Tracked objects:
		On entry : 
		On exit  : 
		Unchanged: 
 Data sizes:     COMMON   BANK0   BANK1   BANK3   BANK2
      Params:         2       0       0       0       0
      Locals:         0       0       0       0       0
      Temps:          0       0       0       0       0
      Totals:         2       0       0       0       0
Total ram usage:        2 bytes
 Hardware stack levels used:    1
 This function calls:
		Nothing
 This function is called by:
		_DELAY_ms
		_lcd_BusyCheck
		_lcd_Reset
		_lcd_SendCmdSignals
		_lcd_SendDataSignals
 This function uses a non-reentrant model



MODULE INFORMATION

Module		Function		Class		Link	Load	Size
C:\Program Files\Microchip\xc8\v1.36\sources\common\ftadd.c
		___ftadd       		CODE           	04A0	0000	266

C:\Program Files\Microchip\xc8\v1.36\sources\common\ftadd.c estimated size: 266

../00-libfiles/gpio.c
		_GPIO_PinRead  		CODE           	0DD2	0000	118
		_GPIO_PinWrite 		CODE           	02D5	0000	218
		_GPIO_PinDirection		CODE           	01FC	0000	218

../00-libfiles/gpio.c estimated size: 554

../00-libfiles/lcd.c
		_LCD_Init      		CODE           	0009	0000	82
		_lcd_SendHigherNibble		CODE           	0BD1	0000	65
		_lcd_SendCmdSignals		CODE           	0B0C	0000	46
		_LCD_SetUp     		CODE           	012B	0000	210
		_lcd_SendLowerNibble		CODE           	0C11	0000	65
		_LCD_CmdWrite  		CODE           	0B67	0000	54
		_LCD_DisplayFloatNumber		CODE           	0F61	0000	160
		_LCD_Clear     		CODE           	0A47	0000	12
		_LCD_DisplayString		CODE           	0AC1	0000	33
		_LCD_Printf    		CODE           	05A9	0000	563
		_LCD_DisplayNumber		CODE           	03AE	0000	243
		_LCD_GoToLine  		CODE           	0A8D	0000	22
		_lcd_BusyCheck 		CODE           	0E47	0000	141
		_LCD_GoToNextLine		CODE           	0A79	0000	21
		_lcd_Reset     		CODE           	0C51	0000	80
		_lcd_DataWrite 		CODE           	0B9C	0000	54
		_LCD_DisplayChar		CODE           	0AA2	0000	32
		_lcd_SendDataSignals		CODE           	0B39	0000	47

../00-libfiles/lcd.c estimated size: 1930

C:\Program Files\Microchip\xc8\v1.36\sources\common\ftneg.c
		___ftneg       		CODE           	0A32	0000	11

C:\Program Files\Microchip\xc8\v1.36\sources\common\ftneg.c estimated size: 11

C:\Program Files\Microchip\xc8\v1.36\sources\common\float.c
		___ftpack      		CODE           	0D66	0000	109

C:\Program Files\Microchip\xc8\v1.36\sources\common\float.c estimated size: 109

../00-libfiles/delay.c
		_DELAY_ms      		CODE           	0A65	0000	21
		_DELAY_us      		CODE           	0A3C	0000	12

../00-libfiles/delay.c estimated size: 33

C:\Program Files\Microchip\xc8\v1.36\sources\common\ftmul.c
		___ftmul       		CODE           	005A	0000	210

C:\Program Files\Microchip\xc8\v1.36\sources\common\ftmul.c estimated size: 210

shared
		__stringtab    		STRING         	0800	0000	7
		__initialization		CODE           	07DB	0000	34

shared estimated size: 41

C:\Program Files\Microchip\xc8\v1.36\sources\common\lldiv.c
		___lldiv       		CODE           	0CA0	0000	95

C:\Program Files\Microchip\xc8\v1.36\sources\common\lldiv.c estimated size: 95

C:\Program Files\Microchip\xc8\v1.36\sources\common\Umul8.c
		___bmul        		CODE           	0A52	0000	20

C:\Program Files\Microchip\xc8\v1.36\sources\common\Umul8.c estimated size: 20

C:\Program Files\Microchip\xc8\v1.36\sources\common\lltoft.c
		___lltoft      		CODE           	0AE1	0000	44

C:\Program Files\Microchip\xc8\v1.36\sources\common\lltoft.c estimated size: 44

C:\Program Files\Microchip\xc8\v1.36\sources\common\fttol.c
		___fttol       		CODE           	0ED3	0000	143

C:\Program Files\Microchip\xc8\v1.36\sources\common\fttol.c estimated size: 143

main.c
		_main          		CODE           	0CFE	0000	105

main.c estimated size: 105

