Microchip MPLAB XC8 Compiler V1.36 ()

Linker command line:

-W-3 --edf=C:\Program Files\Microchip\xc8\v1.36\dat\en_msgs.txt -cs \
  -h+dist/default/production\UltraPicCompleteBoardTest.X.production.sym \
  --cmf=dist/default/production\UltraPicCompleteBoardTest.X.production.cmf \
  -z -Q16F877A -oC:\Users\bagwan\AppData\Local\Temp\s38k.2 \
  -Mdist/default/production/UltraPicCompleteBoardTest.X.production.map -E1 \
  -ver=XC8 -ASTACK=0110h-016fh -pstack=STACK -ACODE=00h-07FFhx4 \
  -ASTRCODE=00h-01FFFh -ASTRING=00h-0FFhx32 -ACONST=00h-0FFhx32 \
  -AENTRY=00h-0FFhx32 -ACOMMON=070h-07Fh -ABANK0=020h-06Fh \
  -ABANK1=0A0h-0EFh -ABANK2=0110h-016Fh -ABANK3=0190h-01EFh \
  -ARAM=020h-06Fh,0A0h-0EFh,0110h-016Fh,0190h-01EFh \
  -AABS1=020h-07Fh,0A0h-0EFh,0110h-016Fh,0190h-01EFh -ASFR0=00h-01Fh \
  -ASFR1=080h-09Fh -ASFR2=0100h-010Fh -ASFR3=0180h-018Fh \
  -preset_vec=00h,intentry,init,end_init -ppowerup=CODE -pcinit=CODE \
  -pfunctab=CODE -ACONFIG=02007h-02007h -pconfig=CONFIG -DCONFIG=2 \
  -AIDLOC=02000h-02003h -pidloc=IDLOC -DIDLOC=2 -AEEDATA=00h-0FFh/02100h \
  -peeprom_data=EEDATA -DEEDATA=2 -DCODE=2 -DSTRCODE=2 -DSTRING=2 -DCONST=2 \
  -DENTRY=2 -k C:\Users\bagwan\AppData\Local\Temp\s38k.obj \
  dist/default/production\UltraPicCompleteBoardTest.X.production.obj 

Object code version is 3.11

Machine type is 16F877A



                Name                               Link     Load   Length Selector   Space Scale
C:\Users\bagwan\AppData\Local\Temp\s38k.obj
                end_init                              0        0        3        0       0
                config                             2007     2007        1     400E       0
dist/default/production\UltraPicCompleteBoardTest.X.production.obj
                cinit                               7E8      7E8       18      FD0       0
                text57                             12CE     12CE        B     259C       0
                text56                             133F     133F       14     267E       0
                text55                              325      325       D9      64A       0
                text54                              CA1      CA1       75     1942       0
                text53                              3FE      3FE       D9      7FC       0
                text52                              F74      F74       8C     1EE8       0
                text51                             145F     145F       2D     28BE       0
                text50                             1524     1524       40     2A48       0
                text49                             1564     1564       40     2AC8       0
                text48                             14BA     14BA       35     2974       0
                text47                             1353     1353       14     26A6       0
                text46                             148C     148C       2E     2918       0
                text45                             14EF     14EF       35     29DE       0
                text44                             1392     1392       1F     2724       0
                text43                             1415     1415       25     282A       0
                text42                             1367     1367       15     26CE       0
                text41                             12D9     12D9        B     25B2       0
                text40                             15EA     15EA       4F     2BD4       0
                text39                                9        9       51       12       0
                text38                              254      254       D1      4A8       0
                text37                             12BC     12BC        9     2578       0
                text36                             132C     132C       13     2658       0
                text35                             17A2     17A2       5E     2F44       0
                text34                              4D7      4D7       F2      9AE       0
                text33                             143A     143A       25     2874       0
                text32                              5C9      5C9      21F      B92       0
                text31                             128F     128F        7     251E       0
                text30                              D8B      D8B       78     1B16       0
                text29                              E03      E03       78     1C06       0
                text28                             1639     1639       59     2C72       0
                text27                             137C     137C       16     26F8       0
                text26                             13F1     13F1       24     27E2       0
                text25                             12A4     12A4        8     2548       0
                text24                             15A4     15A4       46     2B48       0
                text23                             130A     130A       11     2614       0
                text22                              B5C      B5C       26     16B8       0
                text21                             12C5     12C5        9     258A       0
                text20                              B82      B82       5F     1704       0
                text19                               F9       F9       A1      1F2       0
                text18                              BE1      BE1       60     17C2       0
                text17                              C41      C41       60     1882       0
                text16                               5A       5A       9F       B4       0
                text15                             1692     1692       59     2D24       0
                text14                             1745     1745       5D     2E8A       0
                text13                             1296     1296        7     252C       0
                text12                             129D     129D        7     253A       0
                text11                             12E4     12E4        B     25C8       0
                text10                             13B1     13B1       20     2762       0
                text9                              1289     1289        6     2512       0
                text8                                 3        3        6        0       0
                text7                              12EF     12EF        D     25DE       0
                text6                               EF5      EF5       7F     1DEA       0
                text5                              12FC     12FC        E     25F8       0
                text4                              13D1     13D1       20     27A2       0
                text3                              16EB     16EB       5A     2DD6       0
                text2                               19A      19A       BA      334       0
                text1                               D16      D16       75     1A2C       0
                maintext                            E7B      E7B       7A     1CF6       0
                cstackBANK0                          20       20       50       20       1
                cstackCOMMON                         70       70        E       70       1
                cstackBANK1                          B9       B9        C       A0       1
                inittext                           131B     131B       11     2636       0
                clrtext                            12AC     12AC        8     2558       0
                dataBANK1                            C5       C5        8       A0       1
                bssBANK1                             A0       A0       19       A0       1
                stringtext                          800      800      35C       10       0
                idataBANK1                         12B4     12B4        8     2568       0

TOTAL           Name                               Link     Load   Length     Space
        CLASS   STACK          

        CLASS   CODE           
                end_init                              0        0        3         0
                cinit                               7E8      7E8       18         0
                text57                             12CE     12CE        B         0
                text56                             133F     133F       14         0
                text55                              325      325       D9         0
                text54                              CA1      CA1       75         0
                text53                              3FE      3FE       D9         0
                text52                              F74      F74       8C         0
                text51                             145F     145F       2D         0
                text50                             1524     1524       40         0
                text49                             1564     1564       40         0
                text48                             14BA     14BA       35         0
                text47                             1353     1353       14         0
                text46                             148C     148C       2E         0
                text45                             14EF     14EF       35         0
                text44                             1392     1392       1F         0
                text43                             1415     1415       25         0
                text42                             1367     1367       15         0
                text41                             12D9     12D9        B         0
                text40                             15EA     15EA       4F         0
                text39                                9        9       51         0
                text38                              254      254       D1         0
                text37                             12BC     12BC        9         0
                text36                             132C     132C       13         0
                text35                             17A2     17A2       5E         0
                text34                              4D7      4D7       F2         0
                text33                             143A     143A       25         0
                text32                              5C9      5C9      21F         0
                text31                             128F     128F        7         0
                text30                              D8B      D8B       78         0
                text29                              E03      E03       78         0
                text28                             1639     1639       59         0
                text27                             137C     137C       16         0
                text26                             13F1     13F1       24         0
                text25                             12A4     12A4        8         0
                text24                             15A4     15A4       46         0
                text23                             130A     130A       11         0
                text22                              B5C      B5C       26         0
                text21                             12C5     12C5        9         0
                text20                              B82      B82       5F         0
                text19                               F9       F9       A1         0
                text18                              BE1      BE1       60         0
                text17                              C41      C41       60         0
                text16                               5A       5A       9F         0
                text15                             1692     1692       59         0
                text14                             1745     1745       5D         0
                text13                             1296     1296        7         0
                text12                             129D     129D        7         0
                text11                             12E4     12E4        B         0
                text10                             13B1     13B1       20         0
                text9                              1289     1289        6         0
                text8                                 3        3        6         0
                text7                              12EF     12EF        D         0
                text6                               EF5      EF5       7F         0
                text5                              12FC     12FC        E         0
                text4                              13D1     13D1       20         0
                text3                              16EB     16EB       5A         0
                text2                               19A      19A       BA         0
                text1                               D16      D16       75         0
                maintext                            E7B      E7B       7A         0
                inittext                           131B     131B       11         0
                clrtext                            12AC     12AC        8         0
                idataBANK1                         12B4     12B4        8         0

        CLASS   STRCODE        
                stringtext                          800      800      35C         0

        CLASS   STRING         

        CLASS   CONST          

        CLASS   ENTRY          

        CLASS   COMMON         
                cstackCOMMON                         70       70        E         1

        CLASS   BANK0          
                cstackBANK0                          20       20       50         1

        CLASS   BANK1          
                cstackBANK1                          B9       B9        C         1
                dataBANK1                            C5       C5        8         1
                bssBANK1                             A0       A0       19         1

        CLASS   BANK2          

        CLASS   BANK3          

        CLASS   RAM            

        CLASS   ABS1           
                abs_s1                               7E       7E        2         1

        CLASS   SFR0           

        CLASS   SFR1           

        CLASS   SFR2           

        CLASS   SFR3           

        CLASS   CONFIG         
                config                             2007     2007        1         0

        CLASS   IDLOC          

        CLASS   EEDATA         



SEGMENTS        Name                           Load    Length   Top    Selector   Space  Class     Delta

                reset_vec                      000000  000009  000009         0       0  CODE        2
                text39                         000009  000051  00005A        12       0  CODE        2
                cstackBANK0                    000020  000050  000070        20       1  BANK0       1
                cstackCOMMON                   000070  00000E  00007E        70       1  COMMON      1
                bssBANK1                       0000A0  00002D  0000CD        A0       1  BANK1       1
                text16                         00005A  00009F  0000F9        B4       0  CODE        2
                text19                         0000F9  0000A1  00019A       1F2       0  CODE        2
                text2                          00019A  0000BA  000254       334       0  CODE        2
                text38                         000254  0000D1  000325       4A8       0  CODE        2
                text55                         000325  0000D9  0003FE       64A       0  CODE        2
                text53                         0003FE  0000D9  0004D7       7FC       0  CODE        2
                text34                         0004D7  0000F2  0005C9       9AE       0  CODE        2
                text32                         0005C9  00021F  0007E8       B92       0  CODE        2
                cinit                          0007E8  000018  000800       FD0       0  CODE        2
                stringtext                     000800  00035C  000B5C        10       0  STRCODE     2
                text22                         000B5C  000026  000B82      16B8       0  CODE        2
                text20                         000B82  00005F  000BE1      1704       0  CODE        2
                text18                         000BE1  000060  000C41      17C2       0  CODE        2
                text17                         000C41  000060  000CA1      1882       0  CODE        2
                text54                         000CA1  000075  000D16      1942       0  CODE        2
                text1                          000D16  000075  000D8B      1A2C       0  CODE        2
                text30                         000D8B  000078  000E03      1B16       0  CODE        2
                text29                         000E03  000078  000E7B      1C06       0  CODE        2
                maintext                       000E7B  00007A  000EF5      1CF6       0  CODE        2
                text6                          000EF5  00007F  000F74      1DEA       0  CODE        2
                text52                         000F74  00008C  001000      1EE8       0  CODE        2
                text9                          001289  000006  00128F      2512       0  CODE        2
                text31                         00128F  000007  001296      251E       0  CODE        2
                text13                         001296  000007  00129D      252C       0  CODE        2
                text12                         00129D  000007  0012A4      253A       0  CODE        2
                text25                         0012A4  000008  0012AC      2548       0  CODE        2
                clrtext                        0012AC  000008  0012B4      2558       0  CODE        2
                idataBANK1                     0012B4  000008  0012BC      2568       0  CODE        2
                text37                         0012BC  000009  0012C5      2578       0  CODE        2
                text21                         0012C5  000009  0012CE      258A       0  CODE        2
                text57                         0012CE  00000B  0012D9      259C       0  CODE        2
                text41                         0012D9  00000B  0012E4      25B2       0  CODE        2
                text11                         0012E4  00000B  0012EF      25C8       0  CODE        2
                text7                          0012EF  00000D  0012FC      25DE       0  CODE        2
                text5                          0012FC  00000E  00130A      25F8       0  CODE        2
                text23                         00130A  000011  00131B      2614       0  CODE        2
                inittext                       00131B  000011  00132C      2636       0  CODE        2
                text36                         00132C  000013  00133F      2658       0  CODE        2
                text56                         00133F  000014  001353      267E       0  CODE        2
                text47                         001353  000014  001367      26A6       0  CODE        2
                text42                         001367  000015  00137C      26CE       0  CODE        2
                text27                         00137C  000016  001392      26F8       0  CODE        2
                text44                         001392  00001F  0013B1      2724       0  CODE        2
                text10                         0013B1  000020  0013D1      2762       0  CODE        2
                text4                          0013D1  000020  0013F1      27A2       0  CODE        2
                text26                         0013F1  000024  001415      27E2       0  CODE        2
                text43                         001415  000025  00143A      282A       0  CODE        2
                text33                         00143A  000025  00145F      2874       0  CODE        2
                text51                         00145F  00002D  00148C      28BE       0  CODE        2
                text46                         00148C  00002E  0014BA      2918       0  CODE        2
                text48                         0014BA  000035  0014EF      2974       0  CODE        2
                text45                         0014EF  000035  001524      29DE       0  CODE        2
                text50                         001524  000040  001564      2A48       0  CODE        2
                text49                         001564  000040  0015A4      2AC8       0  CODE        2
                text24                         0015A4  000046  0015EA      2B48       0  CODE        2
                text40                         0015EA  00004F  001639      2BD4       0  CODE        2
                text28                         001639  000059  001692      2C72       0  CODE        2
                text15                         001692  000059  0016EB      2D24       0  CODE        2
                text3                          0016EB  00005A  001745      2DD6       0  CODE        2
                text14                         001745  00005D  0017A2      2E8A       0  CODE        2
                text35                         0017A2  00005E  001800      2F44       0  CODE        2
                config                         002007  000001  002008      400E       0  CONFIG      2


UNUSED ADDRESS RANGES

        Name                Unused          Largest block    Delta
        BANK1            00CD-00EF             23           1
        BANK2            0110-016F             60           1
        BANK3            0190-01EF             60           1
        CODE             1000-1288            289           2
                         1800-1FFF            800
        CONST            1000-1288            100           2
                         1800-1FFF            100
        EEDATA           2100-21FF            100           2
        ENTRY            1000-1288            100           2
                         1800-1FFF            100
        IDLOC            2000-2003              4           2
        RAM              00CD-00EF             23           1
                         0110-016F             60
                         0190-01EF             60
        SFR0             0000-001F             20           1
        SFR1             0080-009F             20           1
        SFR2             0100-010F             10           1
        SFR3             0180-018F             10           1
        STACK            0110-016F             60           1
        STRCODE          1000-1288            289           2
                         1800-1FFF            800
        STRING           1000-1288            100           2
                         1800-1FFF            100

                                  Symbol Table

?_ADC_GetAdcValue                        cstackCOMMON 0072
?_UART_Printf                            cstackBANK0  0043
?___lldiv                                cstackCOMMON 0070
ADC_GetAdcValue@var_adcChannel_u8        cstackCOMMON 0075
DELAY_ms@ms_count                        cstackCOMMON 0072
DELAY_us@us_count                        cstackCOMMON 0070
EEPROM_ReadByte@v_eepromAddress_u16      cstackCOMMON 0070
EEPROM_WriteByte@v_eepromAddress_u16     cstackCOMMON 0073
EEPROM_WriteByte@v_eepromData_u8         cstackCOMMON 0075
GPIO_PinDirection@enm_pinNumber          cstackCOMMON 0074
GPIO_PinDirection@var_pinDirn_u8         cstackCOMMON 0070
GPIO_PinDirection@var_portNumber_u8      cstackCOMMON 0073
GPIO_PinRead@enm_pinNumber               cstackCOMMON 0074
GPIO_PinRead@returnStatus                cstackCOMMON 0073
GPIO_PinRead@var_portNumber_u8           cstackCOMMON 0072
GPIO_PinWrite@enm_pinNumber              cstackCOMMON 0074
GPIO_PinWrite@var_pinValue_u8            cstackCOMMON 0070
GPIO_PinWrite@var_portNumber_u8          cstackCOMMON 0073
I2C_Read@v_ackOption_u8                  cstackCOMMON 0071
I2C_Read@v_i2cData_u8                    cstackCOMMON 0072
I2C_Write@v_i2cData_u8                   cstackCOMMON 0070
KEYPAD_GetKey@i                          cstackBANK0  0022
KEYPAD_GetKey@j                          cstackBANK0  0021
KEYPAD_GetKey@v_KeyPressed_u8            cstackBANK0  0020
KEYPAD_Init@col_0                        cstackCOMMON 0078
KEYPAD_Init@col_1                        cstackCOMMON 0079
KEYPAD_Init@col_2                        cstackCOMMON 007A
KEYPAD_Init@col_3                        cstackCOMMON 007B
KEYPAD_Init@i                            cstackBANK0  0021
KEYPAD_Init@row_0                        cstackBANK0  0020
KEYPAD_Init@row_1                        cstackCOMMON 0075
KEYPAD_Init@row_2                        cstackCOMMON 0076
KEYPAD_Init@row_3                        cstackCOMMON 0077
LCD_CmdWrite@v_lcdCmd_u8                 cstackCOMMON 0079
LCD_DisplayChar@v_lcdData_u8             cstackCOMMON 007C
LCD_DisplayString@ptr_stringPointer_u8   cstackBANK0  0020
LCD_GoToLine@v_lineNumber_u8             cstackCOMMON 007B
LCD_Init@v_MaxCharsPerLine_u8            cstackCOMMON 007C
LCD_Init@v_lcdNoOfLines_u8               cstackBANK0  0020
LCD_SetUp@D0                             cstackBANK0  0022
LCD_SetUp@D1                             cstackBANK0  0023
LCD_SetUp@D2                             cstackBANK0  0024
LCD_SetUp@D3                             cstackBANK0  0025
LCD_SetUp@D4                             cstackBANK0  0026
LCD_SetUp@D5                             cstackBANK0  0027
LCD_SetUp@D6                             cstackBANK0  0028
LCD_SetUp@D7                             cstackBANK0  0029
LCD_SetUp@EN                             cstackBANK0  0021
LCD_SetUp@RS                             cstackCOMMON 0076
LCD_SetUp@RW                             cstackBANK0  0020
RTC_GetDateTime@rtc                      cstackCOMMON 0074
RTC_SetDateTime@rtc                      cstackCOMMON 0071
UART_Init@v_baudRate_u32                 cstackBANK0  002A
UART_Printf@argList                      cstackBANK0  0043
UART_Printf@argp                         cstackBANK0  0064
UART_Printf@ch                           cstackBANK0  0062
UART_Printf@ptr                          cstackBANK0  0060
UART_Printf@str                          cstackBANK0  0053
UART_Printf@v_numOfDigitsToTransmit_u8   cstackBANK0  0063
UART_Printf@v_num_s16                    cstackBANK0  0058
UART_Printf@v_num_s32                    cstackBANK0  0054
UART_Printf@v_num_u16                    cstackBANK0  005E
UART_Printf@v_num_u32                    cstackBANK0  005A
UART_SetBaudRate@RegValue                cstackBANK0  0029
UART_SetBaudRate@v_baudRate_u32          cstackBANK0  0020
UART_TxChar@v_uartData_u8                cstackCOMMON 0070
UART_TxNumber@a                          cstackBANK0  0035
UART_TxNumber@i                          cstackBANK0  0042
UART_TxNumber@v_numOfDigitsToTransmit_u8 cstackBANK0  0028
UART_TxNumber@v_number_u32               cstackBANK0  0024
UART_TxNumber@v_numericSystem_u8         cstackBANK0  0041
UART_TxString@ptr_string                 cstackCOMMON 0071
_ACKDT                                   (abs)        048D
_ACKEN                                   (abs)        048C
_ADCON0                                  (abs)        001F
_ADCON1                                  (abs)        009F
_ADC_GetAdcValue                         text26       13F1
_ADC_Init                                text25       12A4
_ADON                                    (abs)        00F8
_ADRESH                                  (abs)        001E
_ADRESL                                  (abs)        009E
_ARR_LcdLineNumAddress_U8                dataBANK1    00C5
_A_ColsPins_U8                           bssBANK1     00AE
_A_KeyLookUptable_U8                     stringtext   0812
_A_RowsPins_U8                           bssBANK1     00B2
_BF                                      (abs)        04A0
_CARRY                                   (abs)        0018
_DELAY_ms                                text56       133F
_DELAY_us                                text57       12CE
_EEADR                                   (abs)        010D
_EECON1                                  (abs)        018C
_EECON2                                  (abs)        018D
_EEDATA                                  (abs)        010C
_EEPROM_ReadByte                         text23       130A
_EEPROM_WriteByte                        text21       12C5
_GIE                                     (abs)        005F
_GO                                      (abs)        00FA
_GO_DONE                                 (abs)        00FA
_GPIO_PinDirection                       text55       0325
_GPIO_PinRead                            text54       0CA1
_GPIO_PinWrite                           text53       03FE
_I2C_Init                                text5        12FC
_I2C_Read                                text10       13B1
_I2C_Start                               text9        1289
_I2C_Stop                                text8        0003
_I2C_Write                               text7        12EF
_KEYPAD_GetKey                           text16       005A
_KEYPAD_Init                             text15       1692
_LCDConfig                               bssBANK1     00A0
_LCD_4bit_test                           text30       0D8B
_LCD_8bit_test                           text29       0E03
_LCD_Clear                               text41       12D9
_LCD_CmdWrite                            text48       14BA
_LCD_DisplayChar                         text44       1392
_LCD_DisplayString                       text43       1415
_LCD_GoToLine                            text42       1367
_LCD_GoToNextLine                        text47       1353
_LCD_Init                                text39       0009
_LCD_SetUp                               text38       0254
_PEN                                     (abs)        048A
_PORTA                                   (abs)        0005
_PORTB                                   (abs)        0006
_PORTC                                   (abs)        0007
_PORTD                                   (abs)        0008
_PORTE                                   (abs)        0009
_RCEN                                    (abs)        048B
_RCIF                                    (abs)        0065
_RCREG                                   (abs)        001A
_RCSTA                                   (abs)        0018
_RD                                      (abs)        0C60
_RSEN                                    (abs)        0489
_RTC_GetDateTime                         text6        0EF5
_RTC_Init                                text4        13D1
_RTC_SetDateTime                         text3        16EB
_R_W                                     (abs)        04A2
_SEN                                     (abs)        0488
_SPBRG                                   (abs)        0099
_SSPADD                                  (abs)        0093
_SSPBUF                                  (abs)        0013
_SSPCON                                  (abs)        0014
_SSPSTAT                                 (abs)        0094
_TRISA                                   (abs)        0085
_TRISB                                   (abs)        0086
_TRISC                                   (abs)        0087
_TRISC3                                  (abs)        043B
_TRISC4                                  (abs)        043C
_TRISD                                   (abs)        0088
_TRISE                                   (abs)        0089
_TXIF                                    (abs)        0064
_TXREG                                   (abs)        0019
_TXSTA                                   (abs)        0098
_UART_Init                               text27       137C
_UART_Printf                             text32       05C9
_UART_RxChar                             text31       128F
_UART_SetBaudRate                        text28       1639
_UART_TxChar                             text37       12BC
_UART_TxNumber                           text34       04D7
_UART_TxNumber$486                       cstackBANK0  003F
_UART_TxString                           text33       143A
_WR                                      (abs)        0C61
_WREN                                    (abs)        0C62
__CFG_BOREN$OFF                          (abs)        0000
__CFG_CP$OFF                             (abs)        0000
__CFG_CPD$OFF                            (abs)        0000
__CFG_FOSC$HS                            (abs)        0000
__CFG_LVP$ON                             (abs)        0000
__CFG_PWRTE$OFF                          (abs)        0000
__CFG_WDTE$OFF                           (abs)        0000
__CFG_WRT$OFF                            (abs)        0000
__Habs1                                  abs1         0000
__Hbank0                                 bank0        0000
__Hbank1                                 bank1        0000
__Hbank2                                 bank2        0000
__Hbank3                                 bank3        0000
__HbssBANK1                              bssBANK1     0000
__Hcinit                                 cinit        0800
__Hclrtext                               clrtext      0000
__Hcode                                  code         0000
__Hcommon                                common       0000
__Hconfig                                config       2008
__HcstackBANK0                           cstackBANK0  0000
__HcstackBANK1                           cstackBANK1  0000
__HcstackCOMMON                          cstackCOMMON 0000
__HdataBANK1                             dataBANK1    0000
__Heeprom_data                           eeprom_data  0000
__Hend_init                              end_init     0003
__Hfunctab                               functab      0000
__HidataBANK1                            idataBANK1   0000
__Hidloc                                 idloc        0000
__Hinit                                  init         0000
__Hinittext                              inittext     0000
__Hintentry                              intentry     0000
__Hmaintext                              maintext     0000
__Hpowerup                               powerup      0000
__Hram                                   ram          0000
__Hreset_vec                             reset_vec    0000
__Hsfr0                                  sfr0         0000
__Hsfr1                                  sfr1         0000
__Hsfr2                                  sfr2         0000
__Hsfr3                                  sfr3         0000
__Hspace_0                               (abs)        2008
__Hspace_1                               (abs)        00CD
__Hspace_2                               (abs)        0000
__Hspace_3                               (abs)        0000
__Hstack                                 stack        0000
__Hstrings                               strings      0000
__Hstringtext                            stringtext   0000
__Htext                                  text         0000
__Labs1                                  abs1         0000
__Lbank0                                 bank0        0000
__Lbank1                                 bank1        0000
__Lbank2                                 bank2        0000
__Lbank3                                 bank3        0000
__LbssBANK1                              bssBANK1     0000
__Lcinit                                 cinit        07E8
__Lclrtext                               clrtext      0000
__Lcode                                  code         0000
__Lcommon                                common       0000
__Lconfig                                config       2007
__LcstackBANK0                           cstackBANK0  0000
__LcstackBANK1                           cstackBANK1  0000
__LcstackCOMMON                          cstackCOMMON 0000
__LdataBANK1                             dataBANK1    0000
__Leeprom_data                           eeprom_data  0000
__Lend_init                              end_init     0000
__Lfunctab                               functab      0000
__LidataBANK1                            idataBANK1   0000
__Lidloc                                 idloc        0000
__Linit                                  init         0000
__Linittext                              inittext     0000
__Lintentry                              intentry     0000
__Lmaintext                              maintext     0000
__Lpowerup                               powerup      0000
__Lram                                   ram          0000
__Lreset_vec                             reset_vec    0000
__Lsfr0                                  sfr0         0000
__Lsfr1                                  sfr1         0000
__Lsfr2                                  sfr2         0000
__Lsfr3                                  sfr3         0000
__Lspace_0                               (abs)        0000
__Lspace_1                               (abs)        0000
__Lspace_2                               (abs)        0000
__Lspace_3                               (abs)        0000
__Lstack                                 stack        0000
__Lstrings                               strings      0000
__Lstringtext                            stringtext   0000
__Ltext                                  text         0000
__S0                                     (abs)        2008
__S1                                     (abs)        00CD
__S2                                     (abs)        0000
__S3                                     (abs)        0000
___bmul                                  text36       132C
___bmul@multiplicand                     cstackBANK0  0020
___bmul@multiplier                       cstackBANK0  0023
___bmul@product                          cstackBANK0  0022
___int_sp                                stack        0000
___latbits                               (abs)        0002
___lldiv                                 text35       17A2
___lldiv@counter                         cstackCOMMON 007D
___lldiv@dividend                        cstackCOMMON 0074
___lldiv@divisor                         cstackCOMMON 0070
___lldiv@quotient                        cstackCOMMON 0079
___sp                                    stack        0000
__end_of_ADC_GetAdcValue                 text26       1415
__end_of_ADC_Init                        text25       12AC
__end_of_A_KeyLookUptable_U8             stringtext   0822
__end_of_DELAY_ms                        text56       1353
__end_of_DELAY_us                        text57       12D9
__end_of_EEPROM_ReadByte                 text23       131B
__end_of_EEPROM_WriteByte                text21       12CE
__end_of_GPIO_PinDirection               text55       03FE
__end_of_GPIO_PinRead                    text54       0D16
__end_of_GPIO_PinWrite                   text53       04D7
__end_of_I2C_Init                        text5        130A
__end_of_I2C_Read                        text10       13D1
__end_of_I2C_Start                       text9        128F
__end_of_I2C_Stop                        text8        0009
__end_of_I2C_Write                       text7        12FC
__end_of_KEYPAD_GetKey                   text16       00F9
__end_of_KEYPAD_Init                     text15       16EB
__end_of_LCD_4bit_test                   text30       0E03
__end_of_LCD_8bit_test                   text29       0E7B
__end_of_LCD_Clear                       text41       12E4
__end_of_LCD_CmdWrite                    text48       14EF
__end_of_LCD_DisplayChar                 text44       13B1
__end_of_LCD_DisplayString               text43       143A
__end_of_LCD_GoToLine                    text42       137C
__end_of_LCD_GoToNextLine                text47       1367
__end_of_LCD_Init                        text39       005A
__end_of_LCD_SetUp                       text38       0325
__end_of_RTC_GetDateTime                 text6        0F74
__end_of_RTC_Init                        text4        13F1
__end_of_RTC_SetDateTime                 text3        1745
__end_of_UART_Init                       text27       1392
__end_of_UART_Printf                     text32       07E8
__end_of_UART_RxChar                     text31       1296
__end_of_UART_SetBaudRate                text28       1692
__end_of_UART_TxChar                     text37       12C5
__end_of_UART_TxNumber                   text34       05C9
__end_of_UART_TxString                   text33       145F
__end_of___bmul                          text36       133F
__end_of___lldiv                         text35       1800
__end_of__initialization                 cinit        07FC
__end_of__stringtab                      stringtext   0812
__end_of_adc_test                        text24       15EA
__end_of_eeprom_test                     text20       0BE1
__end_of_eeprom_write                    text22       0B82
__end_of_gpio_test                       text19       019A
__end_of_i2c_Ack                         text13       129D
__end_of_i2c_NoAck                       text12       12A4
__end_of_i2c_WaitForIdle                 text11       12EF
__end_of_keypad_WaitForKeyPress          text18       0C41
__end_of_keypad_WaitForKeyRelease        text17       0CA1
__end_of_keypad_test                     text14       17A2
__end_of_lcd_BusyCheck                   text52       1000
__end_of_lcd_DataWrite                   text45       1524
__end_of_lcd_Reset                       text40       1639
__end_of_lcd_SendCmdSignals              text51       148C
__end_of_lcd_SendDataSignals             text46       14BA
__end_of_lcd_SendHigherNibble            text50       1564
__end_of_lcd_SendLowerNibble             text49       15A4
__end_of_main                            maintext     0EF5
__end_of_rtc_test                        text2        0254
__end_of_seg_test                        text1        0D8B
__initialization                         cinit        07E8
__pbssBANK1                              bssBANK1     00A0
__pcstackBANK0                           cstackBANK0  0020
__pcstackBANK1                           cstackBANK1  00B9
__pcstackCOMMON                          cstackCOMMON 0070
__pdataBANK1                             dataBANK1    00C5
__pidataBANK1                            idataBANK1   12B4
__pmaintext                              maintext     0E7B
__pstringtext                            stringtext   0800
__ptext1                                 text1        0D16
__ptext10                                text10       13B1
__ptext11                                text11       12E4
__ptext12                                text12       129D
__ptext13                                text13       1296
__ptext14                                text14       1745
__ptext15                                text15       1692
__ptext16                                text16       005A
__ptext17                                text17       0C41
__ptext18                                text18       0BE1
__ptext19                                text19       00F9
__ptext2                                 text2        019A
__ptext20                                text20       0B82
__ptext21                                text21       12C5
__ptext22                                text22       0B5C
__ptext23                                text23       130A
__ptext24                                text24       15A4
__ptext25                                text25       12A4
__ptext26                                text26       13F1
__ptext27                                text27       137C
__ptext28                                text28       1639
__ptext29                                text29       0E03
__ptext3                                 text3        16EB
__ptext30                                text30       0D8B
__ptext31                                text31       128F
__ptext32                                text32       05C9
__ptext33                                text33       143A
__ptext34                                text34       04D7
__ptext35                                text35       17A2
__ptext36                                text36       132C
__ptext37                                text37       12BC
__ptext38                                text38       0254
__ptext39                                text39       0009
__ptext4                                 text4        13D1
__ptext40                                text40       15EA
__ptext41                                text41       12D9
__ptext42                                text42       1367
__ptext43                                text43       1415
__ptext44                                text44       1392
__ptext45                                text45       14EF
__ptext46                                text46       148C
__ptext47                                text47       1353
__ptext48                                text48       14BA
__ptext49                                text49       1564
__ptext5                                 text5        12FC
__ptext50                                text50       1524
__ptext51                                text51       145F
__ptext52                                text52       0F74
__ptext53                                text53       03FE
__ptext54                                text54       0CA1
__ptext55                                text55       0325
__ptext56                                text56       133F
__ptext57                                text57       12CE
__ptext6                                 text6        0EF5
__ptext7                                 text7        12EF
__ptext8                                 text8        0003
__ptext9                                 text9        1289
__size_of_ADC_GetAdcValue                (abs)        0000
__size_of_ADC_Init                       (abs)        0000
__size_of_DELAY_ms                       (abs)        0000
__size_of_DELAY_us                       (abs)        0000
__size_of_EEPROM_ReadByte                (abs)        0000
__size_of_EEPROM_WriteByte               (abs)        0000
__size_of_GPIO_PinDirection              (abs)        0000
__size_of_GPIO_PinRead                   (abs)        0000
__size_of_GPIO_PinWrite                  (abs)        0000
__size_of_I2C_Init                       (abs)        0000
__size_of_I2C_Read                       (abs)        0000
__size_of_I2C_Start                      (abs)        0000
__size_of_I2C_Stop                       (abs)        0000
__size_of_I2C_Write                      (abs)        0000
__size_of_KEYPAD_GetKey                  (abs)        0000
__size_of_KEYPAD_Init                    (abs)        0000
__size_of_LCD_4bit_test                  (abs)        0000
__size_of_LCD_8bit_test                  (abs)        0000
__size_of_LCD_Clear                      (abs)        0000
__size_of_LCD_CmdWrite                   (abs)        0000
__size_of_LCD_DisplayChar                (abs)        0000
__size_of_LCD_DisplayString              (abs)        0000
__size_of_LCD_GoToLine                   (abs)        0000
__size_of_LCD_GoToNextLine               (abs)        0000
__size_of_LCD_Init                       (abs)        0000
__size_of_LCD_SetUp                      (abs)        0000
__size_of_RTC_GetDateTime                (abs)        0000
__size_of_RTC_Init                       (abs)        0000
__size_of_RTC_SetDateTime                (abs)        0000
__size_of_UART_Init                      (abs)        0000
__size_of_UART_Printf                    (abs)        0000
__size_of_UART_RxChar                    (abs)        0000
__size_of_UART_SetBaudRate               (abs)        0000
__size_of_UART_TxChar                    (abs)        0000
__size_of_UART_TxNumber                  (abs)        0000
__size_of_UART_TxString                  (abs)        0000
__size_of___bmul                         (abs)        0000
__size_of___lldiv                        (abs)        0000
__size_of_adc_test                       (abs)        0000
__size_of_eeprom_test                    (abs)        0000
__size_of_eeprom_write                   (abs)        0000
__size_of_gpio_test                      (abs)        0000
__size_of_i2c_Ack                        (abs)        0000
__size_of_i2c_NoAck                      (abs)        0000
__size_of_i2c_WaitForIdle                (abs)        0000
__size_of_keypad_WaitForKeyPress         (abs)        0000
__size_of_keypad_WaitForKeyRelease       (abs)        0000
__size_of_keypad_test                    (abs)        0000
__size_of_lcd_BusyCheck                  (abs)        0000
__size_of_lcd_DataWrite                  (abs)        0000
__size_of_lcd_Reset                      (abs)        0000
__size_of_lcd_SendCmdSignals             (abs)        0000
__size_of_lcd_SendDataSignals            (abs)        0000
__size_of_lcd_SendHigherNibble           (abs)        0000
__size_of_lcd_SendLowerNibble            (abs)        0000
__size_of_main                           (abs)        0000
__size_of_rtc_test                       (abs)        0000
__size_of_seg_test                       (abs)        0000
__stringbase                             stringtext   0812
__stringtab                              stringtext   0800
_adc_test                                text24       15A4
_eeprom_test                             text20       0B82
_eeprom_write                            text22       0B5C
_gpio_test                               text19       00F9
_i2c_Ack                                 text13       1296
_i2c_NoAck                               text12       129D
_i2c_WaitForIdle                         text11       12E4
_keypad_WaitForKeyPress                  text18       0BE1
_keypad_WaitForKeyRelease                text17       0C41
_keypad_test                             text14       1745
_lcd_BusyCheck                           text52       0F74
_lcd_DataWrite                           text45       14EF
_lcd_Reset                               text40       15EA
_lcd_SendCmdSignals                      text51       145F
_lcd_SendDataSignals                     text46       148C
_lcd_SendHigherNibble                    text50       1524
_lcd_SendLowerNibble                     text49       1564
_main                                    maintext     0E7B
_mm_option                               bssBANK1     00B6
_rtc_test                                text2        019A
_seg_test                                text1        0D16
_v_LcdTrackCursorPos_U8                  bssBANK1     00B7
_v_LcdTrackLineNum_U8                    bssBANK1     00B8
adc_test@light                           cstackBANK0  0069
adc_test@pot                             cstackBANK0  006B
adc_test@temp                            cstackBANK0  0067
btemp                                    (abs)        007E
clear_ram0                               clrtext      12AC
eeprom_test@eeprom_address               cstackBANK0  0069
eeprom_test@read_char                    cstackBANK0  0068
eeprom_test@write_char                   cstackBANK0  006A
eeprom_write@addr                        cstackCOMMON 0072
eeprom_write@value                       cstackCOMMON 0070
end_of_initialization                    cinit        07FC
gpio_test@i                              cstackBANK0  0067
init_fetch0                              inittext     131B
init_ram0                                inittext     131F
intlevel0                                functab      0000
intlevel1                                functab      0000
intlevel2                                functab      0000
intlevel3                                functab      0000
intlevel4                                functab      0000
intlevel5                                functab      0000
keypad_WaitForKeyPress@i                 cstackCOMMON 0077
keypad_WaitForKeyPress@v_keyStatus_u8    cstackCOMMON 0076
keypad_WaitForKeyRelease@i               cstackCOMMON 0077
keypad_WaitForKeyRelease@v_keyStatus_u8  cstackCOMMON 0076
keypad_test@key                          cstackBANK0  006C
lcd_BusyCheck@busyflag                   cstackCOMMON 0076
lcd_DataWrite@dataByte                   cstackCOMMON 0079
lcd_SendHigherNibble@dataByte            cstackCOMMON 0076
lcd_SendLowerNibble@dataByte             cstackCOMMON 0076
ltemp                                    (abs)        007E
ltemp0                                   (abs)        007E
ltemp1                                   (abs)        0082
ltemp2                                   (abs)        0086
ltemp3                                   (abs)        0080
reset_vec                                reset_vec    0000
rtc_test@rtc                             cstackBANK0  0065
seg_test@F1296                           dataBANK1    00C9
seg_test@seg_code                        cstackBANK0  0065
stackhi                                  (abs)        0000
stacklo                                  (abs)        0000
start                                    init         0000
start_initialization                     cinit        07E8
ttemp                                    (abs)        007E
ttemp0                                   (abs)        007E
ttemp1                                   (abs)        0081
ttemp2                                   (abs)        0084
ttemp3                                   (abs)        0087
ttemp4                                   (abs)        007F
wtemp                                    (abs)        007E
wtemp0                                   (abs)        007E
wtemp1                                   (abs)        0080
wtemp2                                   (abs)        0082
wtemp3                                   (abs)        0084
wtemp4                                   (abs)        0086
wtemp5                                   (abs)        0088
wtemp6                                   (abs)        007F


FUNCTION INFORMATION:

 *************** function _main *****************
 Defined at:
		line 87 in file "main.c"
 Parameters:    Size  Location     Type
		None
 Auto vars:     Size  Location     Type
		None
 Return value:  Size  Location     Type
                  1    wreg      void 
 Registers used:
		wreg, fsr0l, fsr0h, status,2, status,0, btemp+1, pclath, cstack
 Tracked objects:
		On entry : 
		On exit  : 
		Unchanged: 
 Data sizes:     COMMON   BANK0   BANK1   BANK3   BANK2
      Params:         0       0       0       0       0
      Locals:         0       0       0       0       0
      Temps:          0       1       0       0       0
      Totals:         0       1       0       0       0
Total ram usage:        1 bytes
 Hardware stack levels required when called:    8
 This function calls:
		_LCD_4bit_test
		_LCD_8bit_test
		_UART_Init
		_UART_RxChar
		_UART_TxString
		_adc_test
		_eeprom_test
		_gpio_test
		_keypad_test
		_rtc_test
		_seg_test
 This function is called by:
		Startup code after reset
 This function uses a non-reentrant model


 *************** function _seg_test *****************
 Defined at:
		line 208 in file "main.c"
 Parameters:    Size  Location     Type
		None
 Auto vars:     Size  Location     Type
  seg_code        4   69[BANK0 ] unsigned char [4]
 Return value:  Size  Location     Type
                  1    wreg      void 
 Registers used:
		wreg, fsr0l, fsr0h, status,2, status,0, btemp+1, pclath, cstack
 Tracked objects:
		On entry : 
		On exit  : 
		Unchanged: 
 Data sizes:     COMMON   BANK0   BANK1   BANK3   BANK2
      Params:         0       0       0       0       0
      Locals:         0       4       0       0       0
      Temps:          0       0       0       0       0
      Totals:         0       4       0       0       0
Total ram usage:        4 bytes
 Hardware stack levels used:    1
 Hardware stack levels required when called:    3
 This function calls:
		_DELAY_us
		_UART_Printf
		_UART_RxChar
		_UART_TxString
 This function is called by:
		_main
 This function uses a non-reentrant model


 *************** function _rtc_test *****************
 Defined at:
		line 238 in file "main.c"
 Parameters:    Size  Location     Type
		None
 Auto vars:     Size  Location     Type
  rtc             7   69[BANK0 ] struct .
 Return value:  Size  Location     Type
                  1    wreg      void 
 Registers used:
		wreg, fsr0l, fsr0h, status,2, status,0, btemp+1, pclath, cstack
 Tracked objects:
		On entry : 
		On exit  : 
		Unchanged: 
 Data sizes:     COMMON   BANK0   BANK1   BANK3   BANK2
      Params:         0       0       0       0       0
      Locals:         0       7       0       0       0
      Temps:          0       0      12       0       0
      Totals:         0       7      12       0       0
Total ram usage:       19 bytes
 Hardware stack levels used:    1
 Hardware stack levels required when called:    3
 This function calls:
		_RTC_GetDateTime
		_RTC_Init
		_RTC_SetDateTime
		_UART_Printf
		_UART_RxChar
 This function is called by:
		_main
 This function uses a non-reentrant model


 *************** function _RTC_SetDateTime *****************
 Defined at:
		line 95 in file "../00-libfiles/rtc.c"
 Parameters:    Size  Location     Type
  rtc             1    wreg     PTR struct .
		 -> rtc_test@rtc(7), 
 Auto vars:     Size  Location     Type
  rtc             1    1[COMMON] PTR struct .
		 -> rtc_test@rtc(7), 
 Return value:  Size  Location     Type
                  1    wreg      void 
 Registers used:
		wreg, fsr0l, fsr0h, status,2, status,0, pclath, cstack
 Tracked objects:
		On entry : 
		On exit  : 
		Unchanged: 
 Data sizes:     COMMON   BANK0   BANK1   BANK3   BANK2
      Params:         0       0       0       0       0
      Locals:         1       0       0       0       0
      Temps:          0       0       0       0       0
      Totals:         1       0       0       0       0
Total ram usage:        1 bytes
 Hardware stack levels used:    1
 Hardware stack levels required when called:    2
 This function calls:
		_I2C_Start
		_I2C_Stop
		_I2C_Write
 This function is called by:
		_rtc_test
 This function uses a non-reentrant model


 *************** function _RTC_Init *****************
 Defined at:
		line 57 in file "../00-libfiles/rtc.c"
 Parameters:    Size  Location     Type
		None
 Auto vars:     Size  Location     Type
		None
 Return value:  Size  Location     Type
                  1    wreg      void 
 Registers used:
		wreg, status,2, status,0, pclath, cstack
 Tracked objects:
		On entry : 
		On exit  : 
		Unchanged: 
 Data sizes:     COMMON   BANK0   BANK1   BANK3   BANK2
      Params:         0       0       0       0       0
      Locals:         0       0       0       0       0
      Temps:          0       0       0       0       0
      Totals:         0       0       0       0       0
Total ram usage:        0 bytes
 Hardware stack levels used:    1
 Hardware stack levels required when called:    2
 This function calls:
		_I2C_Init
		_I2C_Start
		_I2C_Stop
		_I2C_Write
 This function is called by:
		_rtc_test
 This function uses a non-reentrant model


 *************** function _I2C_Init *****************
 Defined at:
		line 87 in file "../00-libfiles/i2c.c"
 Parameters:    Size  Location     Type
		None
 Auto vars:     Size  Location     Type
		None
 Return value:  Size  Location     Type
                  1    wreg      void 
 Registers used:
		wreg
 Tracked objects:
		On entry : 
		On exit  : 
		Unchanged: 
 Data sizes:     COMMON   BANK0   BANK1   BANK3   BANK2
      Params:         0       0       0       0       0
      Locals:         0       0       0       0       0
      Temps:          0       0       0       0       0
      Totals:         0       0       0       0       0
Total ram usage:        0 bytes
 Hardware stack levels used:    1
 This function calls:
		Nothing
 This function is called by:
		_RTC_Init
 This function uses a non-reentrant model


 *************** function _RTC_GetDateTime *****************
 Defined at:
		line 131 in file "../00-libfiles/rtc.c"
 Parameters:    Size  Location     Type
  rtc             1    wreg     PTR struct .
		 -> rtc_test@rtc(7), 
 Auto vars:     Size  Location     Type
  rtc             1    4[COMMON] PTR struct .
		 -> rtc_test@rtc(7), 
 Return value:  Size  Location     Type
                  1    wreg      void 
 Registers used:
		wreg, fsr0l, fsr0h, status,2, status,0, pclath, cstack
 Tracked objects:
		On entry : 
		On exit  : 
		Unchanged: 
 Data sizes:     COMMON   BANK0   BANK1   BANK3   BANK2
      Params:         0       0       0       0       0
      Locals:         1       0       0       0       0
      Temps:          1       0       0       0       0
      Totals:         2       0       0       0       0
Total ram usage:        2 bytes
 Hardware stack levels used:    1
 Hardware stack levels required when called:    2
 This function calls:
		_I2C_Read
		_I2C_Start
		_I2C_Stop
		_I2C_Write
 This function is called by:
		_rtc_test
 This function uses a non-reentrant model


 *************** function _I2C_Write *****************
 Defined at:
		line 179 in file "../00-libfiles/i2c.c"
 Parameters:    Size  Location     Type
  v_i2cData_u8    1    wreg     unsigned char 
 Auto vars:     Size  Location     Type
  v_i2cData_u8    1    0[COMMON] unsigned char 
 Return value:  Size  Location     Type
                  1    wreg      void 
 Registers used:
		wreg, status,2, status,0, pclath, cstack
 Tracked objects:
		On entry : 
		On exit  : 
		Unchanged: 
 Data sizes:     COMMON   BANK0   BANK1   BANK3   BANK2
      Params:         0       0       0       0       0
      Locals:         1       0       0       0       0
      Temps:          0       0       0       0       0
      Totals:         1       0       0       0       0
Total ram usage:        1 bytes
 Hardware stack levels used:    1
 Hardware stack levels required when called:    1
 This function calls:
		_i2c_WaitForIdle
 This function is called by:
		_RTC_Init
		_RTC_SetDateTime
		_RTC_GetDateTime
 This function uses a non-reentrant model


 *************** function _I2C_Stop *****************
 Defined at:
		line 147 in file "../00-libfiles/i2c.c"
 Parameters:    Size  Location     Type
		None
 Auto vars:     Size  Location     Type
		None
 Return value:  Size  Location     Type
                  1    wreg      void 
 Registers used:
		None
 Tracked objects:
		On entry : 
		On exit  : 
		Unchanged: 
 Data sizes:     COMMON   BANK0   BANK1   BANK3   BANK2
      Params:         0       0       0       0       0
      Locals:         0       0       0       0       0
      Temps:          0       0       0       0       0
      Totals:         0       0       0       0       0
Total ram usage:        0 bytes
 Hardware stack levels used:    1
 This function calls:
		Nothing
 This function is called by:
		_RTC_Init
		_RTC_SetDateTime
		_RTC_GetDateTime
 This function uses a non-reentrant model


 *************** function _I2C_Start *****************
 Defined at:
		line 118 in file "../00-libfiles/i2c.c"
 Parameters:    Size  Location     Type
		None
 Auto vars:     Size  Location     Type
		None
 Return value:  Size  Location     Type
                  1    wreg      void 
 Registers used:
		None
 Tracked objects:
		On entry : 
		On exit  : 
		Unchanged: 
 Data sizes:     COMMON   BANK0   BANK1   BANK3   BANK2
      Params:         0       0       0       0       0
      Locals:         0       0       0       0       0
      Temps:          0       0       0       0       0
      Totals:         0       0       0       0       0
Total ram usage:        0 bytes
 Hardware stack levels used:    1
 This function calls:
		Nothing
 This function is called by:
		_RTC_Init
		_RTC_SetDateTime
		_RTC_GetDateTime
 This function uses a non-reentrant model


 *************** function _I2C_Read *****************
 Defined at:
		line 214 in file "../00-libfiles/i2c.c"
 Parameters:    Size  Location     Type
  v_ackOption_    1    wreg     unsigned char 
 Auto vars:     Size  Location     Type
  v_ackOption_    1    1[COMMON] unsigned char 
  v_i2cData_u8    1    2[COMMON] unsigned char 
 Return value:  Size  Location     Type
                  1    wreg      unsigned char 
 Registers used:
		wreg, status,2, status,0, pclath, cstack
 Tracked objects:
		On entry : 
		On exit  : 
		Unchanged: 
 Data sizes:     COMMON   BANK0   BANK1   BANK3   BANK2
      Params:         0       0       0       0       0
      Locals:         2       0       0       0       0
      Temps:          1       0       0       0       0
      Totals:         3       0       0       0       0
Total ram usage:        3 bytes
 Hardware stack levels used:    1
 Hardware stack levels required when called:    1
 This function calls:
		_i2c_Ack
		_i2c_NoAck
		_i2c_WaitForIdle
 This function is called by:
		_RTC_GetDateTime
 This function uses a non-reentrant model


 *************** function _i2c_WaitForIdle *****************
 Defined at:
		line 258 in file "../00-libfiles/i2c.c"
 Parameters:    Size  Location     Type
		None
 Auto vars:     Size  Location     Type
		None
 Return value:  Size  Location     Type
                  1    wreg      void 
 Registers used:
		None
 Tracked objects:
		On entry : 
		On exit  : 
		Unchanged: 
 Data sizes:     COMMON   BANK0   BANK1   BANK3   BANK2
      Params:         0       0       0       0       0
      Locals:         0       0       0       0       0
      Temps:          0       0       0       0       0
      Totals:         0       0       0       0       0
Total ram usage:        0 bytes
 Hardware stack levels used:    1
 This function calls:
		Nothing
 This function is called by:
		_I2C_Write
		_I2C_Read
 This function uses a non-reentrant model


 *************** function _i2c_NoAck *****************
 Defined at:
		line 299 in file "../00-libfiles/i2c.c"
 Parameters:    Size  Location     Type
		None
 Auto vars:     Size  Location     Type
		None
 Return value:  Size  Location     Type
                  1    wreg      void 
 Registers used:
		None
 Tracked objects:
		On entry : 
		On exit  : 
		Unchanged: 
 Data sizes:     COMMON   BANK0   BANK1   BANK3   BANK2
      Params:         0       0       0       0       0
      Locals:         0       0       0       0       0
      Temps:          0       0       0       0       0
      Totals:         0       0       0       0       0
Total ram usage:        0 bytes
 Hardware stack levels used:    1
 This function calls:
		Nothing
 This function is called by:
		_I2C_Read
 This function uses a non-reentrant model


 *************** function _i2c_Ack *****************
 Defined at:
		line 279 in file "../00-libfiles/i2c.c"
 Parameters:    Size  Location     Type
		None
 Auto vars:     Size  Location     Type
		None
 Return value:  Size  Location     Type
                  1    wreg      void 
 Registers used:
		None
 Tracked objects:
		On entry : 
		On exit  : 
		Unchanged: 
 Data sizes:     COMMON   BANK0   BANK1   BANK3   BANK2
      Params:         0       0       0       0       0
      Locals:         0       0       0       0       0
      Temps:          0       0       0       0       0
      Totals:         0       0       0       0       0
Total ram usage:        0 bytes
 Hardware stack levels used:    1
 This function calls:
		Nothing
 This function is called by:
		_I2C_Read
 This function uses a non-reentrant model


 *************** function _keypad_test *****************
 Defined at:
		line 313 in file "main.c"
 Parameters:    Size  Location     Type
		None
 Auto vars:     Size  Location     Type
  key             1   76[BANK0 ] unsigned char 
 Return value:  Size  Location     Type
                  1    wreg      void 
 Registers used:
		wreg, fsr0l, fsr0h, status,2, status,0, btemp+1, pclath, cstack
 Tracked objects:
		On entry : 
		On exit  : 
		Unchanged: 
 Data sizes:     COMMON   BANK0   BANK1   BANK3   BANK2
      Params:         0       0       0       0       0
      Locals:         0       1       0       0       0
      Temps:          0       7       0       0       0
      Totals:         0       8       0       0       0
Total ram usage:        8 bytes
 Hardware stack levels used:    1
 Hardware stack levels required when called:    3
 This function calls:
		_KEYPAD_GetKey
		_KEYPAD_Init
		_UART_Printf
		_UART_RxChar
 This function is called by:
		_main
 This function uses a non-reentrant model


 *************** function _KEYPAD_Init *****************
 Defined at:
		line 110 in file "../00-libfiles/keypad.c"
 Parameters:    Size  Location     Type
  row_0           1    wreg     enum E22
  row_1           1    5[COMMON] enum E22
  row_2           1    6[COMMON] enum E22
  row_3           1    7[COMMON] enum E22
  col_0           1    8[COMMON] enum E22
  col_1           1    9[COMMON] enum E22
  col_2           1   10[COMMON] enum E22
  col_3           1   11[COMMON] enum E22
 Auto vars:     Size  Location     Type
  row_0           1    0[BANK0 ] enum E22
  i               1    1[BANK0 ] unsigned char 
 Return value:  Size  Location     Type
                  1    wreg      void 
 Registers used:
		wreg, fsr0l, fsr0h, status,2, status,0, pclath, cstack
 Tracked objects:
		On entry : 
		On exit  : 
		Unchanged: 
 Data sizes:     COMMON   BANK0   BANK1   BANK3   BANK2
      Params:         7       0       0       0       0
      Locals:         0       2       0       0       0
      Temps:          1       0       0       0       0
      Totals:         8       2       0       0       0
Total ram usage:       10 bytes
 Hardware stack levels used:    1
 Hardware stack levels required when called:    1
 This function calls:
		_GPIO_PinDirection
 This function is called by:
		_keypad_test
 This function uses a non-reentrant model


 *************** function _KEYPAD_GetKey *****************
 Defined at:
		line 256 in file "../00-libfiles/keypad.c"
 Parameters:    Size  Location     Type
		None
 Auto vars:     Size  Location     Type
  i               1    2[BANK0 ] unsigned char 
  j               1    1[BANK0 ] unsigned char 
  v_KeyPressed    1    0[BANK0 ] unsigned char 
 Return value:  Size  Location     Type
                  1    wreg      unsigned char 
 Registers used:
		wreg, fsr0l, fsr0h, status,2, status,0, btemp+1, pclath, cstack
 Tracked objects:
		On entry : 
		On exit  : 
		Unchanged: 
 Data sizes:     COMMON   BANK0   BANK1   BANK3   BANK2
      Params:         0       0       0       0       0
      Locals:         0       3       0       0       0
      Temps:          4       0       0       0       0
      Totals:         4       3       0       0       0
Total ram usage:        7 bytes
 Hardware stack levels used:    1
 Hardware stack levels required when called:    2
 This function calls:
		_GPIO_PinRead
		_GPIO_PinWrite
		_keypad_WaitForKeyPress
		_keypad_WaitForKeyRelease
 This function is called by:
		_keypad_test
 This function uses a non-reentrant model


 *************** function _keypad_WaitForKeyRelease *****************
 Defined at:
		line 155 in file "../00-libfiles/keypad.c"
 Parameters:    Size  Location     Type
		None
 Auto vars:     Size  Location     Type
  i               1    7[COMMON] unsigned char 
  v_keyStatus_    1    6[COMMON] unsigned char 
 Return value:  Size  Location     Type
                  1    wreg      void 
 Registers used:
		wreg, fsr0l, fsr0h, status,2, status,0, pclath, cstack
 Tracked objects:
		On entry : 
		On exit  : 
		Unchanged: 
 Data sizes:     COMMON   BANK0   BANK1   BANK3   BANK2
      Params:         0       0       0       0       0
      Locals:         2       0       0       0       0
      Temps:          1       0       0       0       0
      Totals:         3       0       0       0       0
Total ram usage:        3 bytes
 Hardware stack levels used:    1
 Hardware stack levels required when called:    1
 This function calls:
		_DELAY_us
		_GPIO_PinRead
		_GPIO_PinWrite
 This function is called by:
		_KEYPAD_GetKey
 This function uses a non-reentrant model


 *************** function _keypad_WaitForKeyPress *****************
 Defined at:
		line 201 in file "../00-libfiles/keypad.c"
 Parameters:    Size  Location     Type
		None
 Auto vars:     Size  Location     Type
  i               1    7[COMMON] unsigned char 
  v_keyStatus_    1    6[COMMON] unsigned char 
 Return value:  Size  Location     Type
                  1    wreg      void 
 Registers used:
		wreg, fsr0l, fsr0h, status,2, status,0, pclath, cstack
 Tracked objects:
		On entry : 
		On exit  : 
		Unchanged: 
 Data sizes:     COMMON   BANK0   BANK1   BANK3   BANK2
      Params:         0       0       0       0       0
      Locals:         2       0       0       0       0
      Temps:          1       0       0       0       0
      Totals:         3       0       0       0       0
Total ram usage:        3 bytes
 Hardware stack levels used:    1
 Hardware stack levels required when called:    1
 This function calls:
		_DELAY_us
		_GPIO_PinRead
		_GPIO_PinWrite
 This function is called by:
		_KEYPAD_GetKey
 This function uses a non-reentrant model


 *************** function _gpio_test *****************
 Defined at:
		line 115 in file "main.c"
 Parameters:    Size  Location     Type
		None
 Auto vars:     Size  Location     Type
  i               1   71[BANK0 ] unsigned char 
 Return value:  Size  Location     Type
                  1    wreg      void 
 Registers used:
		wreg, fsr0l, fsr0h, status,2, status,0, btemp+1, pclath, cstack
 Tracked objects:
		On entry : 
		On exit  : 
		Unchanged: 
 Data sizes:     COMMON   BANK0   BANK1   BANK3   BANK2
      Params:         0       0       0       0       0
      Locals:         0       1       0       0       0
      Temps:          0       2       0       0       0
      Totals:         0       3       0       0       0
Total ram usage:        3 bytes
 Hardware stack levels used:    1
 Hardware stack levels required when called:    3
 This function calls:
		_DELAY_ms
		_UART_Printf
		_UART_RxChar
 This function is called by:
		_main
 This function uses a non-reentrant model


 *************** function _eeprom_test *****************
 Defined at:
		line 274 in file "main.c"
 Parameters:    Size  Location     Type
		None
 Auto vars:     Size  Location     Type
  write_char      1   74[BANK0 ] unsigned char 
  eeprom_addre    1   73[BANK0 ] unsigned char 
  read_char       1   72[BANK0 ] unsigned char 
 Return value:  Size  Location     Type
                  1    wreg      void 
 Registers used:
		wreg, fsr0l, fsr0h, status,2, status,0, btemp+1, pclath, cstack
 Tracked objects:
		On entry : 
		On exit  : 
		Unchanged: 
 Data sizes:     COMMON   BANK0   BANK1   BANK3   BANK2
      Params:         0       0       0       0       0
      Locals:         0       3       0       0       0
      Temps:          0       3       0       0       0
      Totals:         0       6       0       0       0
Total ram usage:        6 bytes
 Hardware stack levels used:    1
 Hardware stack levels required when called:    3
 This function calls:
		_EEPROM_ReadByte
		_EEPROM_WriteByte
		_UART_Printf
 This function is called by:
		_main
 This function uses a non-reentrant model


 *************** function _EEPROM_WriteByte *****************
 Defined at:
		line 60 in file "../00-libfiles/eeprom.c"
 Parameters:    Size  Location     Type
  v_eepromAddr    2    3[COMMON] unsigned int 
  v_eepromData    1    5[COMMON] unsigned char 
 Auto vars:     Size  Location     Type
		None
 Return value:  Size  Location     Type
                  1    wreg      void 
 Registers used:
		wreg, status,2, status,0, pclath, cstack
 Tracked objects:
		On entry : 
		On exit  : 
		Unchanged: 
 Data sizes:     COMMON   BANK0   BANK1   BANK3   BANK2
      Params:         3       0       0       0       0
      Locals:         0       0       0       0       0
      Temps:          1       0       0       0       0
      Totals:         4       0       0       0       0
Total ram usage:        4 bytes
 Hardware stack levels used:    1
 Hardware stack levels required when called:    1
 This function calls:
		_eeprom_write
 This function is called by:
		_eeprom_test
		_EEPROM_WriteString
 This function uses a non-reentrant model


 *************** function _eeprom_write *****************
 Defined at:
		line 6 in file "C:\Program Files\Microchip\xc8\v1.36\sources\pic\eewrite.c"
 Parameters:    Size  Location     Type
  addr            1    wreg     unsigned char 
  value           1    0[COMMON] unsigned char 
 Auto vars:     Size  Location     Type
  addr            1    2[COMMON] unsigned char 
 Return value:  Size  Location     Type
                  1    wreg      void 
 Registers used:
		wreg, status,2, status,0
 Tracked objects:
		On entry : 
		On exit  : 
		Unchanged: 
 Data sizes:     COMMON   BANK0   BANK1   BANK3   BANK2
      Params:         1       0       0       0       0
      Locals:         1       0       0       0       0
      Temps:          1       0       0       0       0
      Totals:         3       0       0       0       0
Total ram usage:        3 bytes
 Hardware stack levels used:    1
 This function calls:
		Nothing
 This function is called by:
		_EEPROM_WriteByte
 This function uses a non-reentrant model


 *************** function _EEPROM_ReadByte *****************
 Defined at:
		line 88 in file "../00-libfiles/eeprom.c"
 Parameters:    Size  Location     Type
  v_eepromAddr    2    0[COMMON] unsigned int 
 Auto vars:     Size  Location     Type
		None
 Return value:  Size  Location     Type
                  1    wreg      unsigned char 
 Registers used:
		wreg
 Tracked objects:
		On entry : 
		On exit  : 
		Unchanged: 
 Data sizes:     COMMON   BANK0   BANK1   BANK3   BANK2
      Params:         2       0       0       0       0
      Locals:         0       0       0       0       0
      Temps:          0       0       0       0       0
      Totals:         2       0       0       0       0
Total ram usage:        2 bytes
 Hardware stack levels used:    1
 This function calls:
		Nothing
 This function is called by:
		_eeprom_test
		_EEPROM_ReadString
 This function uses a non-reentrant model


 *************** function _adc_test *****************
 Defined at:
		line 294 in file "main.c"
 Parameters:    Size  Location     Type
		None
 Auto vars:     Size  Location     Type
  pot             2   75[BANK0 ] unsigned int 
  light           2   73[BANK0 ] unsigned int 
  temp            2   71[BANK0 ] unsigned int 
 Return value:  Size  Location     Type
                  1    wreg      void 
 Registers used:
		wreg, fsr0l, fsr0h, status,2, status,0, btemp+1, pclath, cstack
 Tracked objects:
		On entry : 
		On exit  : 
		Unchanged: 
 Data sizes:     COMMON   BANK0   BANK1   BANK3   BANK2
      Params:         0       0       0       0       0
      Locals:         0       6       0       0       0
      Temps:          0       2       0       0       0
      Totals:         0       8       0       0       0
Total ram usage:        8 bytes
 Hardware stack levels used:    1
 Hardware stack levels required when called:    3
 This function calls:
		_ADC_GetAdcValue
		_ADC_Init
		_UART_Printf
 This function is called by:
		_main
 This function uses a non-reentrant model


 *************** function _ADC_Init *****************
 Defined at:
		line 54 in file "../00-libfiles/adc.c"
 Parameters:    Size  Location     Type
		None
 Auto vars:     Size  Location     Type
		None
 Return value:  Size  Location     Type
                  1    wreg      void 
 Registers used:
		wreg, status,2
 Tracked objects:
[...]
 Parameters:    Size  Location     Type
  ptr_stringPo    2    0[BANK0 ] PTR const unsigned char 
		 -> STR_12(15), STR_11(17), STR_8(15), STR_7(17), 
 Auto vars:     Size  Location     Type
		None
 Return value:  Size  Location     Type
                  1    wreg      void 
 Registers used:
		wreg, fsr0l, fsr0h, status,2, status,0, btemp+1, pclath, cstack
 Tracked objects:
		On entry : 
		On exit  : 
		Unchanged: 
 Data sizes:     COMMON   BANK0   BANK1   BANK3   BANK2
      Params:         0       2       0       0       0
      Locals:         0       0       0       0       0
      Temps:          0       0       0       0       0
      Totals:         0       2       0       0       0
Total ram usage:        2 bytes
 Hardware stack levels used:    1
 Hardware stack levels required when called:    6
 This function calls:
		_LCD_DisplayChar
 This function is called by:
		_LCD_8bit_test
		_LCD_4bit_test
 This function uses a non-reentrant model


 *************** function _LCD_DisplayChar *****************
 Defined at:
		line 392 in file "../00-libfiles/lcd.c"
 Parameters:    Size  Location     Type
  v_lcdData_u8    1    wreg     unsigned char 
 Auto vars:     Size  Location     Type
  v_lcdData_u8    1   12[COMMON] unsigned char 
 Return value:  Size  Location     Type
                  1    wreg      void 
 Registers used:
		wreg, fsr0l, fsr0h, status,2, status,0, pclath, cstack
 Tracked objects:
		On entry : 
		On exit  : 
		Unchanged: 
 Data sizes:     COMMON   BANK0   BANK1   BANK3   BANK2
      Params:         0       0       0       0       0
      Locals:         1       0       0       0       0
      Temps:          1       0       0       0       0
      Totals:         2       0       0       0       0
Total ram usage:        2 bytes
 Hardware stack levels used:    1
 Hardware stack levels required when called:    5
 This function calls:
		_LCD_GoToNextLine
		_lcd_DataWrite
 This function is called by:
		_LCD_DisplayString
 This function uses a non-reentrant model


 *************** function _lcd_DataWrite *****************
 Defined at:
		line 826 in file "../00-libfiles/lcd.c"
 Parameters:    Size  Location     Type
  dataByte        1    wreg     unsigned char 
 Auto vars:     Size  Location     Type
  dataByte        1    9[COMMON] unsigned char 
 Return value:  Size  Location     Type
                  1    wreg      void 
 Registers used:
		wreg, fsr0l, fsr0h, status,2, status,0, pclath, cstack
 Tracked objects:
		On entry : 
		On exit  : 
		Unchanged: 
 Data sizes:     COMMON   BANK0   BANK1   BANK3   BANK2
      Params:         0       0       0       0       0
      Locals:         1       0       0       0       0
      Temps:          2       0       0       0       0
      Totals:         3       0       0       0       0
Total ram usage:        3 bytes
 Hardware stack levels used:    1
 Hardware stack levels required when called:    3
 This function calls:
		_lcd_BusyCheck
		_lcd_SendDataSignals
		_lcd_SendHigherNibble
		_lcd_SendLowerNibble
 This function is called by:
		_LCD_DisplayChar
 This function uses a non-reentrant model


 *************** function _lcd_SendDataSignals *****************
 Defined at:
		line 1002 in file "../00-libfiles/lcd.c"
 Parameters:    Size  Location     Type
		None
 Auto vars:     Size  Location     Type
		None
 Return value:  Size  Location     Type
                  1    wreg      void 
 Registers used:
		wreg, fsr0l, fsr0h, status,2, status,0, pclath, cstack
 Tracked objects:
		On entry : 
		On exit  : 
		Unchanged: 
 Data sizes:     COMMON   BANK0   BANK1   BANK3   BANK2
      Params:         0       0       0       0       0
      Locals:         0       0       0       0       0
      Temps:          0       0       0       0       0
      Totals:         0       0       0       0       0
Total ram usage:        0 bytes
 Hardware stack levels used:    1
 Hardware stack levels required when called:    1
 This function calls:
		_DELAY_us
		_GPIO_PinWrite
 This function is called by:
		_lcd_DataWrite
 This function uses a non-reentrant model


 *************** function _LCD_GoToNextLine *****************
 Defined at:
		line 292 in file "../00-libfiles/lcd.c"
 Parameters:    Size  Location     Type
		None
 Auto vars:     Size  Location     Type
		None
 Return value:  Size  Location     Type
                  1    wreg      void 
 Registers used:
		wreg, fsr0l, fsr0h, status,2, status,0, pclath, cstack
 Tracked objects:
		On entry : 
		On exit  : 
		Unchanged: 
 Data sizes:     COMMON   BANK0   BANK1   BANK3   BANK2
      Params:         0       0       0       0       0
      Locals:         0       0       0       0       0
      Temps:          1       0       0       0       0
      Totals:         1       0       0       0       0
Total ram usage:        1 bytes
 Hardware stack levels used:    1
 Hardware stack levels required when called:    4
 This function calls:
		_LCD_CmdWrite
 This function is called by:
		_LCD_DisplayChar
 This function uses a non-reentrant model


 *************** function _LCD_CmdWrite *****************
 Defined at:
		line 358 in file "../00-libfiles/lcd.c"
 Parameters:    Size  Location     Type
  v_lcdCmd_u8     1    wreg     unsigned char 
 Auto vars:     Size  Location     Type
  v_lcdCmd_u8     1    9[COMMON] unsigned char 
 Return value:  Size  Location     Type
                  1    wreg      void 
 Registers used:
		wreg, fsr0l, fsr0h, status,2, status,0, pclath, cstack
 Tracked objects:
		On entry : 
		On exit  : 
		Unchanged: 
 Data sizes:     COMMON   BANK0   BANK1   BANK3   BANK2
      Params:         0       0       0       0       0
      Locals:         1       0       0       0       0
      Temps:          2       0       0       0       0
      Totals:         3       0       0       0       0
Total ram usage:        3 bytes
 Hardware stack levels used:    1
 Hardware stack levels required when called:    3
 This function calls:
		_lcd_BusyCheck
		_lcd_SendCmdSignals
		_lcd_SendHigherNibble
		_lcd_SendLowerNibble
 This function is called by:
		_LCD_Init
		_LCD_Clear
		_LCD_GoToLine
		_LCD_GoToNextLine
 This function uses a non-reentrant model


 *************** function _lcd_SendLowerNibble *****************
 Defined at:
		line 962 in file "../00-libfiles/lcd.c"
 Parameters:    Size  Location     Type
  dataByte        1    wreg     unsigned char 
 Auto vars:     Size  Location     Type
  dataByte        1    6[COMMON] unsigned char 
 Return value:  Size  Location     Type
                  1    wreg      void 
 Registers used:
		wreg, fsr0l, fsr0h, status,2, status,0, pclath, cstack
 Tracked objects:
		On entry : 
		On exit  : 
		Unchanged: 
 Data sizes:     COMMON   BANK0   BANK1   BANK3   BANK2
      Params:         0       0       0       0       0
      Locals:         1       0       0       0       0
      Temps:          1       0       0       0       0
      Totals:         2       0       0       0       0
Total ram usage:        2 bytes
 Hardware stack levels used:    1
 Hardware stack levels required when called:    1
 This function calls:
		_GPIO_PinWrite
 This function is called by:
		_LCD_CmdWrite
		_lcd_DataWrite
 This function uses a non-reentrant model


 *************** function _lcd_SendHigherNibble *****************
 Defined at:
		line 943 in file "../00-libfiles/lcd.c"
 Parameters:    Size  Location     Type
  dataByte        1    wreg     unsigned char 
 Auto vars:     Size  Location     Type
  dataByte        1    6[COMMON] unsigned char 
 Return value:  Size  Location     Type
                  1    wreg      void 
 Registers used:
		wreg, fsr0l, fsr0h, status,2, status,0, pclath, cstack
 Tracked objects:
		On entry : 
		On exit  : 
		Unchanged: 
 Data sizes:     COMMON   BANK0   BANK1   BANK3   BANK2
      Params:         0       0       0       0       0
      Locals:         1       0       0       0       0
      Temps:          1       0       0       0       0
      Totals:         2       0       0       0       0
Total ram usage:        2 bytes
 Hardware stack levels used:    1
 Hardware stack levels required when called:    1
 This function calls:
		_GPIO_PinWrite
 This function is called by:
		_LCD_CmdWrite
		_lcd_DataWrite
		_lcd_Reset
 This function uses a non-reentrant model


 *************** function _lcd_SendCmdSignals *****************
 Defined at:
		line 981 in file "../00-libfiles/lcd.c"
 Parameters:    Size  Location     Type
		None
 Auto vars:     Size  Location     Type
		None
 Return value:  Size  Location     Type
                  1    wreg      void 
 Registers used:
		wreg, fsr0l, fsr0h, status,2, status,0, pclath, cstack
 Tracked objects:
		On entry : 
		On exit  : 
		Unchanged: 
 Data sizes:     COMMON   BANK0   BANK1   BANK3   BANK2
      Params:         0       0       0       0       0
      Locals:         0       0       0       0       0
      Temps:          0       0       0       0       0
      Totals:         0       0       0       0       0
Total ram usage:        0 bytes
 Hardware stack levels used:    1
 Hardware stack levels required when called:    1
 This function calls:
		_DELAY_us
		_GPIO_PinWrite
 This function is called by:
		_LCD_CmdWrite
		_lcd_Reset
 This function uses a non-reentrant model


 *************** function _lcd_BusyCheck *****************
 Defined at:
		line 860 in file "../00-libfiles/lcd.c"
 Parameters:    Size  Location     Type
		None
 Auto vars:     Size  Location     Type
  busyflag        1    6[COMMON] unsigned char 
 Return value:  Size  Location     Type
                  1    wreg      void 
 Registers used:
		wreg, fsr0l, fsr0h, status,2, status,0, pclath, cstack
 Tracked objects:
		On entry : 
		On exit  : 
		Unchanged: 
 Data sizes:     COMMON   BANK0   BANK1   BANK3   BANK2
      Params:         0       0       0       0       0
      Locals:         1       0       0       0       0
      Temps:          1       0       0       0       0
      Totals:         2       0       0       0       0
Total ram usage:        2 bytes
 Hardware stack levels used:    1
 Hardware stack levels required when called:    2
 This function calls:
		_DELAY_ms
		_DELAY_us
		_GPIO_PinDirection
		_GPIO_PinRead
		_GPIO_PinWrite
 This function is called by:
		_LCD_CmdWrite
		_lcd_DataWrite
 This function uses a non-reentrant model


 *************** function _GPIO_PinWrite *****************
 Defined at:
		line 127 in file "../00-libfiles/gpio.c"
 Parameters:    Size  Location     Type
  enm_pinNumbe    1    wreg     enum E1088
  var_pinValue    1    0[COMMON] unsigned char 
 Auto vars:     Size  Location     Type
  enm_pinNumbe    1    4[COMMON] enum E1088
  var_portNumb    1    3[COMMON] unsigned char 
 Return value:  Size  Location     Type
                  1    wreg      void 
 Registers used:
		wreg, fsr0l, fsr0h, status,2, status,0
 Tracked objects:
		On entry : 
		On exit  : 
		Unchanged: 
 Data sizes:     COMMON   BANK0   BANK1   BANK3   BANK2
      Params:         1       0       0       0       0
      Locals:         2       0       0       0       0
      Temps:          2       0       0       0       0
      Totals:         5       0       0       0       0
Total ram usage:        5 bytes
 Hardware stack levels used:    1
 This function calls:
		Nothing
 This function is called by:
		_keypad_WaitForKeyRelease
		_keypad_WaitForKeyPress
		_KEYPAD_GetKey
		_lcd_BusyCheck
		_lcd_SendHigherNibble
		_lcd_SendLowerNibble
		_lcd_SendCmdSignals
		_lcd_SendDataSignals
 This function uses a non-reentrant model


 *************** function _GPIO_PinRead *****************
 Defined at:
		line 192 in file "../00-libfiles/gpio.c"
 Parameters:    Size  Location     Type
  enm_pinNumbe    1    wreg     enum E1088
 Auto vars:     Size  Location     Type
  enm_pinNumbe    1    4[COMMON] enum E1088
  returnStatus    1    3[COMMON] unsigned char 
  var_portNumb    1    2[COMMON] unsigned char 
 Return value:  Size  Location     Type
                  1    wreg      unsigned char 
 Registers used:
		wreg, fsr0l, fsr0h, status,2, status,0
 Tracked objects:
		On entry : 
		On exit  : 
		Unchanged: 
 Data sizes:     COMMON   BANK0   BANK1   BANK3   BANK2
      Params:         0       0       0       0       0
      Locals:         3       0       0       0       0
      Temps:          2       0       0       0       0
      Totals:         5       0       0       0       0
Total ram usage:        5 bytes
 Hardware stack levels used:    1
 This function calls:
		Nothing
 This function is called by:
		_keypad_WaitForKeyRelease
		_keypad_WaitForKeyPress
		_KEYPAD_GetKey
		_lcd_BusyCheck
 This function uses a non-reentrant model


 *************** function _GPIO_PinDirection *****************
 Defined at:
		line 60 in file "../00-libfiles/gpio.c"
 Parameters:    Size  Location     Type
  enm_pinNumbe    1    wreg     enum E1088
  var_pinDirn_    1    0[COMMON] unsigned char 
 Auto vars:     Size  Location     Type
  enm_pinNumbe    1    4[COMMON] enum E1088
  var_portNumb    1    3[COMMON] unsigned char 
 Return value:  Size  Location     Type
                  1    wreg      void 
 Registers used:
		wreg, fsr0l, fsr0h, status,2, status,0
 Tracked objects:
		On entry : 
		On exit  : 
		Unchanged: 
 Data sizes:     COMMON   BANK0   BANK1   BANK3   BANK2
      Params:         1       0       0       0       0
      Locals:         2       0       0       0       0
      Temps:          2       0       0       0       0
      Totals:         5       0       0       0       0
Total ram usage:        5 bytes
 Hardware stack levels used:    1
 This function calls:
		Nothing
 This function is called by:
		_KEYPAD_Init
		_LCD_SetUp
		_lcd_BusyCheck
 This function uses a non-reentrant model


 *************** function _DELAY_ms *****************
 Defined at:
		line 75 in file "../00-libfiles/delay.c"
 Parameters:    Size  Location     Type
  ms_count        2    2[COMMON] unsigned int 
 Auto vars:     Size  Location     Type
		None
 Return value:  Size  Location     Type
                  1    wreg      void 
 Registers used:
		wreg, status,2, status,0, pclath, cstack
 Tracked objects:
		On entry : 
		On exit  : 
		Unchanged: 
 Data sizes:     COMMON   BANK0   BANK1   BANK3   BANK2
      Params:         2       0       0       0       0
      Locals:         0       0       0       0       0
      Temps:          0       0       0       0       0
      Totals:         2       0       0       0       0
Total ram usage:        2 bytes
 Hardware stack levels used:    1
 Hardware stack levels required when called:    1
 This function calls:
		_DELAY_us
 This function is called by:
		_LCD_Init
		_lcd_BusyCheck
		_lcd_Reset
		_gpio_test
		_LCD_8bit_test
		_LCD_4bit_test
		_DELAY_sec
 This function uses a non-reentrant model


 *************** function _DELAY_us *****************
 Defined at:
		line 56 in file "../00-libfiles/delay.c"
 Parameters:    Size  Location     Type
  us_count        2    0[COMMON] unsigned int 
 Auto vars:     Size  Location     Type
		None
 Return value:  Size  Location     Type
                  1    wreg      void 
 Registers used:
		wreg, status,2, status,0
 Tracked objects:
		On entry : 
		On exit  : 
		Unchanged: 
 Data sizes:     COMMON   BANK0   BANK1   BANK3   BANK2
      Params:         2       0       0       0       0
      Locals:         0       0       0       0       0
      Temps:          0       0       0       0       0
      Totals:         2       0       0       0       0
Total ram usage:        2 bytes
 Hardware stack levels used:    1
 This function calls:
		Nothing
 This function is called by:
		_ADC_GetAdcValue
		_DELAY_ms
		_keypad_WaitForKeyRelease
		_keypad_WaitForKeyPress
		_lcd_BusyCheck
		_lcd_Reset
		_lcd_SendCmdSignals
		_lcd_SendDataSignals
		_seg_test
 This function uses a non-reentrant model



MODULE INFORMATION

Module		Function		Class		Link	Load	Size
../00-libfiles/gpio.c
		_GPIO_PinRead  		CODE           	0CA1	0000	118
		_GPIO_PinWrite 		CODE           	03FE	0000	218
		_GPIO_PinDirection		CODE           	0325	0000	218

../00-libfiles/gpio.c estimated size: 554

../00-libfiles/lcd.c
		_LCD_Init      		CODE           	0009	0000	82
		_lcd_SendHigherNibble		CODE           	1524	0000	65
		_lcd_SendCmdSignals		CODE           	145F	0000	46
		_LCD_SetUp     		CODE           	0254	0000	210
		_lcd_SendLowerNibble		CODE           	1564	0000	65
		_LCD_CmdWrite  		CODE           	14BA	0000	54
		_LCD_Clear     		CODE           	12D9	0000	12
		_LCD_DisplayString		CODE           	1415	0000	38
		_LCD_GoToLine  		CODE           	1367	0000	22
		_lcd_BusyCheck 		CODE           	0F74	0000	141
		_LCD_GoToNextLine		CODE           	1353	0000	21
		_lcd_Reset     		CODE           	15EA	0000	80
		_lcd_DataWrite 		CODE           	14EF	0000	54
		_LCD_DisplayChar		CODE           	1392	0000	32
		_lcd_SendDataSignals		CODE           	148C	0000	47

../00-libfiles/lcd.c estimated size: 969

../00-libfiles/keypad.c
		_KEYPAD_Init   		CODE           	1692	0000	90
		_KEYPAD_GetKey 		CODE           	005A	0000	160
		_keypad_WaitForKeyRelease		CODE           	0C41	0000	97
		_keypad_WaitForKeyPress		CODE           	0BE1	0000	97

../00-libfiles/keypad.c estimated size: 444

../00-libfiles/uart.c
		_UART_TxString 		CODE           	143A	0000	38
		_UART_TxNumber 		CODE           	04D7	0000	243
		_UART_Init     		CODE           	137C	0000	23
		_UART_RxChar   		CODE           	128F	0000	8
		_UART_Printf   		CODE           	05C9	0000	544
		_UART_SetBaudRate		CODE           	1639	0000	90
		_UART_TxChar   		CODE           	12BC	0000	10

../00-libfiles/uart.c estimated size: 956

C:\Program Files\Microchip\xc8\v1.36\sources\pic\eewrite.c
		_eeprom_write  		CODE           	0B5C	0000	39

C:\Program Files\Microchip\xc8\v1.36\sources\pic\eewrite.c estimated size: 39

../00-libfiles/i2c.c
		_i2c_NoAck     		CODE           	129D	0000	8
		_I2C_Write     		CODE           	12EF	0000	14
		_I2C_Stop      		CODE           	0003	0000	7
		_i2c_Ack       		CODE           	1296	0000	8
		_I2C_Read      		CODE           	13B1	0000	33
		_I2C_Init      		CODE           	12FC	0000	15
		_i2c_WaitForIdle		CODE           	12E4	0000	12
		_I2C_Start     		CODE           	1289	0000	7

../00-libfiles/i2c.c estimated size: 104

../00-libfiles/delay.c
		_DELAY_ms      		CODE           	133F	0000	21
		_DELAY_us      		CODE           	12CE	0000	12

../00-libfiles/delay.c estimated size: 33

../00-libfiles/eeprom.c
		_EEPROM_WriteByte		CODE           	12C5	0000	10
		_EEPROM_ReadByte		CODE           	130A	0000	18

../00-libfiles/eeprom.c estimated size: 28

shared
		__stringtab    		STRCODE        	0800	0000	19
		_A_KeyLookUptable_U8		STRCODE        	0812	0000	17
		__initialization		CODE           	07E8	0000	21

shared estimated size: 57

../00-libfiles/adc.c
		_ADC_GetAdcValue		CODE           	13F1	0000	37
		_ADC_Init      		CODE           	12A4	0000	9

../00-libfiles/adc.c estimated size: 46

C:\Program Files\Microchip\xc8\v1.36\sources\common\lldiv.c
		___lldiv       		CODE           	17A2	0000	95

C:\Program Files\Microchip\xc8\v1.36\sources\common\lldiv.c estimated size: 95

C:\Program Files\Microchip\xc8\v1.36\sources\common\Umul8.c
		___bmul        		CODE           	132C	0000	20

C:\Program Files\Microchip\xc8\v1.36\sources\common\Umul8.c estimated size: 20

main.c
		_rtc_test      		CODE           	019A	0000	187
		_LCD_8bit_test 		CODE           	0E03	0000	121
		_main          		CODE           	0E7B	0000	123
		_gpio_test     		CODE           	00F9	0000	162
		_LCD_4bit_test 		CODE           	0D8B	0000	121
		_adc_test      		CODE           	15A4	0000	71
		_keypad_test   		CODE           	1745	0000	94
		_seg_test      		CODE           	0D16	0000	118
		_eeprom_test   		CODE           	0B82	0000	96

main.c estimated size: 1093

../00-libfiles/rtc.c
		_RTC_GetDateTime		CODE           	0EF5	0000	128
		_RTC_SetDateTime		CODE           	16EB	0000	91
		_RTC_Init      		CODE           	13D1	0000	33

../00-libfiles/rtc.c estimated size: 252

